
> client@0.1.0 test
> jest --env=jsdom

FAIL src/__tests__/utils/test-auth-flow.ts
  Γקן Test suite failed to run

    Your test suite must contain at least one test.

      at onResult (node_modules/@jest/core/build/index.js:1057:18)
      at node_modules/@jest/core/build/index.js:1127:165
      at node_modules/emittery/index.js:363:13
          at Array.map (<anonymous>)
      at Emittery.emit (node_modules/emittery/index.js:361:23)

  console.error
    You provided a `value` prop to a form field without an `onChange` handler. This will render a read-only field. If the field should be mutable use `defaultValue`. Otherwise, set either `onChange` or `readOnly`.

    [0m [90m 38 |[39m
     [90m 39 |[39m   it([32m'renders with value'[39m[33m,[39m () [33m=>[39m {
    [31m[1m>[22m[39m[90m 40 |[39m     render([33m<[39m[33mInput[39m value[33m=[39m[32m"test value"[39m [33m/[39m[33m>[39m)[33m;[39m
     [90m    |[39m           [31m[1m^[22m[39m
     [90m 41 |[39m     
     [90m 42 |[39m     [36mconst[39m input [33m=[39m screen[33m.[39mgetByDisplayValue([32m'test value'[39m)[33m;[39m
     [90m 43 |[39m     expect(input)[33m.[39mtoBeInTheDocument()[33m;[39m[0m

      at checkControlledValueProps (node_modules/react-dom/cjs/react-dom-client.development.js:1425:21)
      at setInitialProperties (node_modules/react-dom/cjs/react-dom-client.development.js:20534:11)
      at completeWork (node_modules/react-dom/cjs/react-dom-client.development.js:12662:18)
      at runWithFiberInDEV (node_modules/react-dom/cjs/react-dom-client.development.js:874:13)
      at completeUnitOfWork (node_modules/react-dom/cjs/react-dom-client.development.js:17777:19)
      at performUnitOfWork (node_modules/react-dom/cjs/react-dom-client.development.js:17658:11)
      at workLoopSync (node_modules/react-dom/cjs/react-dom-client.development.js:17469:41)
      at renderRootSync (node_modules/react-dom/cjs/react-dom-client.development.js:17450:11)
      at performWorkOnRoot (node_modules/react-dom/cjs/react-dom-client.development.js:16504:11)
      at performWorkOnRootViaSchedulerTask (node_modules/react-dom/cjs/react-dom-client.development.js:18957:7)
      at flushActQueue (node_modules/react/cjs/react.development.js:590:34)
      at process.env.NODE_ENV.exports.act (node_modules/react/cjs/react.development.js:884:10)
      at actImplementation (node_modules/@testing-library/react/dist/act-compat.js:47:25)
      at renderRoot (node_modules/@testing-library/react/dist/pure.js:190:25)
      at renderRoot (node_modules/@testing-library/react/dist/pure.js:292:10)
      at Object.<anonymous> (src/__tests__/components/ui/input.test.tsx:40:11)

PASS src/__tests__/components/ui/button.test.tsx (8.003 s)
  Button Component
    Rendering
      Γטת renders with default props (319 ms)
      Γטת renders with custom className (57 ms)
      Γטת renders children correctly (19 ms)
      Γטת forwards ref correctly (50 ms)
    Variants
      Γטת renders default variant (92 ms)
      Γטת renders destructive variant (82 ms)
      Γטת renders outline variant (27 ms)
      Γטת renders secondary variant (43 ms)
      Γטת renders ghost variant (18 ms)
      Γטת renders link variant (24 ms)
    Sizes
      Γטת renders default size (18 ms)
      Γטת renders small size (17 ms)
      Γטת renders large size (26 ms)
      Γטת renders icon size (33 ms)
    Interactions
      Γטת handles click events (29 ms)
      Γטת handles multiple clicks (20 ms)
      Γטת can be disabled (17 ms)
      Γטת applies disabled styles when disabled (16 ms)
    Props
      Γטת passes through HTML button attributes (13 ms)
      Γטת handles form submission (22 ms)
    asChild prop
      Γטת renders as child component when asChild is true (47 ms)
      Γטת applies button styles to child element (21 ms)
    Accessibility
      Γטת has proper button role by default (28 ms)
      Γטת supports ARIA attributes (12 ms)
      Γטת supports keyboard navigation (223 ms)
      Γטת can be focused (64 ms)
    Edge Cases
      Γטת renders with empty children (50 ms)
      Γטת renders with complex children (17 ms)
      Γטת handles undefined onClick gracefully (36 ms)

PASS src/__tests__/components/LiveTargetView.test.tsx
  LiveTargetView Component
    Γטת should render component correctly (379 ms)
    Γטת should show disconnected status initially (92 ms)
    Γטת should connect to hardware when Demo Connect button is clicked (319 ms)
    Γטת should handle connection error (98 ms)
    Γטת should show connected status when device is connected (70 ms)
    Γטת should start session when Start Session button is clicked (195 ms)
    Γטת should show session active status when session is started (90 ms)
    Γטת should display shot history when shots are detected (133 ms)
    Γטת should show video stream when frame is updated (94 ms)
    Γטת should show placeholder when no video stream (60 ms)
    Γטת should show error message when error occurs (76 ms)
    Γטת should call onShotDetected callback when shot is detected (97 ms)
    Γטת should call onSessionComplete callback when session ends (213 ms)
    Γטת should cleanup on unmount (132 ms)

  console.error
    An update to ForwardRef inside a test was not wrapped in act(...).
    
    When testing, code that causes React state updates should be wrapped into act(...):
    
    act(() => {
      /* fire events that update state */
    });
    /* assert on the output */
    
    This ensures that you're testing the behavior the user would see in the browser. Learn more at https://react.dev/link/wrap-tests-with-act

    [0m [90m 220 |[39m
     [90m 221 |[39m       [36mconst[39m tab1 [33m=[39m screen[33m.[39mgetByRole([32m'tab'[39m[33m,[39m { name[33m:[39m [32m'Tab 1'[39m })[33m;[39m
    [31m[1m>[22m[39m[90m 222 |[39m       tab1[33m.[39mfocus()[33m;[39m
     [90m     |[39m            [31m[1m^[22m[39m
     [90m 223 |[39m
     [90m 224 |[39m       [36mawait[39m user[33m.[39mkeyboard([32m'{ArrowRight}'[39m)[33m;[39m
     [90m 225 |[39m       [0m

      at node_modules/react-dom/cjs/react-dom-client.development.js:18758:19
      at runWithFiberInDEV (node_modules/react-dom/cjs/react-dom-client.development.js:874:13)
      at warnIfUpdatesNotWrappedWithActDEV (node_modules/react-dom/cjs/react-dom-client.development.js:18757:9)
      at scheduleUpdateOnFiber (node_modules/react-dom/cjs/react-dom-client.development.js:16409:11)
      at dispatchSetStateInternal (node_modules/react-dom/cjs/react-dom-client.development.js:9170:13)
      at dispatchSetState (node_modules/react-dom/cjs/react-dom-client.development.js:9127:7)
      at setUncontrolledProp (node_modules/@radix-ui/react-use-controllable-state/src/use-controllable-state.tsx:59:9)
      at Object.setCurrentTabStopId [as onItemFocus] (node_modules/@radix-ui/react-roving-focus/src/roving-focus-group.tsx:144:24)
      at onItemFocus (node_modules/@radix-ui/react-roving-focus/src/roving-focus-group.tsx:258:70)
      at handleEvent (node_modules/@radix-ui/primitive/src/primitive.tsx:20:14)
      at slotPropValue (node_modules/@radix-ui/react-slot/src/slot.tsx:141:11)
      at executeDispatch (node_modules/react-dom/cjs/react-dom-client.development.js:19116:9)
      at runWithFiberInDEV (node_modules/react-dom/cjs/react-dom-client.development.js:874:13)
      at processDispatchQueue (node_modules/react-dom/cjs/react-dom-client.development.js:19166:19)
      at node_modules/react-dom/cjs/react-dom-client.development.js:19767:9
      at batchedUpdates$1 (node_modules/react-dom/cjs/react-dom-client.development.js:3255:40)
      at dispatchEventForPluginEventSystem (node_modules/react-dom/cjs/react-dom-client.development.js:19320:7)
      at dispatchEvent (node_modules/react-dom/cjs/react-dom-client.development.js:23585:11)
      at dispatchDiscreteEvent (node_modules/react-dom/cjs/react-dom-client.development.js:23553:11)
      at HTMLDivElement.callTheUserObjectsOperation (node_modules/jsdom/lib/jsdom/living/generated/EventListener.js:26:30)
      at innerInvokeEventListeners (node_modules/jsdom/lib/jsdom/living/events/EventTarget-impl.js:350:25)
      at invokeEventListeners (node_modules/jsdom/lib/jsdom/living/events/EventTarget-impl.js:286:3)
      at HTMLButtonElementImpl._dispatch (node_modules/jsdom/lib/jsdom/living/events/EventTarget-impl.js:233:9)
      at Object.exports.fireFocusEventWithTargetAdjustment (node_modules/jsdom/lib/jsdom/living/helpers/focusing.js:103:10)
      at HTMLButtonElementImpl.focus (node_modules/jsdom/lib/jsdom/living/nodes/HTMLOrSVGElement-impl.js:69:14)
      at HTMLButtonElement.focus (node_modules/jsdom/lib/jsdom/living/generated/HTMLElement.js:117:34)
      at HTMLButtonElement.call (node_modules/@testing-library/user-event/dist/cjs/document/patchFocus.js:35:26)
      at src/__tests__/components/ui/tabs.test.tsx:222:12
      at step (src/__tests__/components/ui/tabs.test.tsx:44:23)
      at Object.next (src/__tests__/components/ui/tabs.test.tsx:25:53)
      at src/__tests__/components/ui/tabs.test.tsx:19:71
      at __awaiter (src/__tests__/components/ui/tabs.test.tsx:15:12)
      at Object.<anonymous> (src/__tests__/components/ui/tabs.test.tsx:208:39)

PASS src/__tests__/components/ui/input.test.tsx (8.744 s)
  Input Component
    Γטת renders with default props (320 ms)
    Γטת renders with custom type (26 ms)
    Γטת renders with custom className (49 ms)
    Γטת renders with placeholder (52 ms)
    Γטת renders with value (262 ms)
    Γטת handles user input (367 ms)
    Γטת handles onChange event (155 ms)
    Γטת renders disabled state (62 ms)
    Γטת renders with required attribute (39 ms)
    Γטת renders with name attribute (72 ms)
    Γטת renders with id attribute (35 ms)
    Γטת forwards ref correctly (17 ms)
    Γטת renders with different input types (69 ms)
    Γטת applies focus styles when focused (229 ms)
    Γטת handles onBlur event (165 ms)
    Γטת handles onFocus event (84 ms)
    Γטת renders with aria attributes (33 ms)
    Γטת handles file input type (12 ms)
    Γטת renders with autocomplete attribute (24 ms)
    Γטת renders with maxLength attribute (14 ms)
    Γטת renders with min and max attributes for number input (25 ms)
    Γטת renders with step attribute for number input (5 ms)
    Γטת renders with readOnly attribute (18 ms)
    Γטת renders without autoFocus attribute (accessibility) (15 ms)

  console.error
    An update to ForwardRef inside a test was not wrapped in act(...).
    
    When testing, code that causes React state updates should be wrapped into act(...):
    
    act(() => {
      /* fire events that update state */
    });
    /* assert on the output */
    
    This ensures that you're testing the behavior the user would see in the browser. Learn more at https://react.dev/link/wrap-tests-with-act

    [0m [90m 410 |[39m
     [90m 411 |[39m       [36mconst[39m tab1 [33m=[39m screen[33m.[39mgetByRole([32m'tab'[39m[33m,[39m { name[33m:[39m [32m'Tab 1'[39m })[33m;[39m
    [31m[1m>[22m[39m[90m 412 |[39m       tab1[33m.[39mfocus()[33m;[39m
     [90m     |[39m            [31m[1m^[22m[39m
     [90m 413 |[39m
     [90m 414 |[39m       [90m// Navigate with arrow keys[39m
     [90m 415 |[39m       [36mawait[39m user[33m.[39mkeyboard([32m'{ArrowRight}'[39m)[33m;[39m[0m

      at node_modules/react-dom/cjs/react-dom-client.development.js:18758:19
      at runWithFiberInDEV (node_modules/react-dom/cjs/react-dom-client.development.js:874:13)
      at warnIfUpdatesNotWrappedWithActDEV (node_modules/react-dom/cjs/react-dom-client.development.js:18757:9)
      at scheduleUpdateOnFiber (node_modules/react-dom/cjs/react-dom-client.development.js:16409:11)
      at dispatchSetStateInternal (node_modules/react-dom/cjs/react-dom-client.development.js:9170:13)
      at dispatchSetState (node_modules/react-dom/cjs/react-dom-client.development.js:9127:7)
      at setUncontrolledProp (node_modules/@radix-ui/react-use-controllable-state/src/use-controllable-state.tsx:59:9)
      at Object.setCurrentTabStopId [as onItemFocus] (node_modules/@radix-ui/react-roving-focus/src/roving-focus-group.tsx:144:24)
      at onItemFocus (node_modules/@radix-ui/react-roving-focus/src/roving-focus-group.tsx:258:70)
      at handleEvent (node_modules/@radix-ui/primitive/src/primitive.tsx:20:14)
      at slotPropValue (node_modules/@radix-ui/react-slot/src/slot.tsx:141:11)
      at executeDispatch (node_modules/react-dom/cjs/react-dom-client.development.js:19116:9)
      at runWithFiberInDEV (node_modules/react-dom/cjs/react-dom-client.development.js:874:13)
      at processDispatchQueue (node_modules/react-dom/cjs/react-dom-client.development.js:19166:19)
      at node_modules/react-dom/cjs/react-dom-client.development.js:19767:9
      at batchedUpdates$1 (node_modules/react-dom/cjs/react-dom-client.development.js:3255:40)
      at dispatchEventForPluginEventSystem (node_modules/react-dom/cjs/react-dom-client.development.js:19320:7)
      at dispatchEvent (node_modules/react-dom/cjs/react-dom-client.development.js:23585:11)
      at dispatchDiscreteEvent (node_modules/react-dom/cjs/react-dom-client.development.js:23553:11)
      at HTMLDivElement.callTheUserObjectsOperation (node_modules/jsdom/lib/jsdom/living/generated/EventListener.js:26:30)
      at innerInvokeEventListeners (node_modules/jsdom/lib/jsdom/living/events/EventTarget-impl.js:350:25)
      at invokeEventListeners (node_modules/jsdom/lib/jsdom/living/events/EventTarget-impl.js:286:3)
      at HTMLButtonElementImpl._dispatch (node_modules/jsdom/lib/jsdom/living/events/EventTarget-impl.js:233:9)
      at Object.exports.fireFocusEventWithTargetAdjustment (node_modules/jsdom/lib/jsdom/living/helpers/focusing.js:103:10)
      at HTMLButtonElementImpl.focus (node_modules/jsdom/lib/jsdom/living/nodes/HTMLOrSVGElement-impl.js:69:14)
      at HTMLButtonElement.focus (node_modules/jsdom/lib/jsdom/living/generated/HTMLElement.js:117:34)
      at HTMLButtonElement.call (node_modules/@testing-library/user-event/dist/cjs/document/patchFocus.js:35:26)
      at src/__tests__/components/ui/tabs.test.tsx:412:12
      at step (src/__tests__/components/ui/tabs.test.tsx:44:23)
      at Object.next (src/__tests__/components/ui/tabs.test.tsx:25:53)
      at src/__tests__/components/ui/tabs.test.tsx:19:71
      at __awaiter (src/__tests__/components/ui/tabs.test.tsx:15:12)
      at Object.<anonymous> (src/__tests__/components/ui/tabs.test.tsx:396:40)

  console.error
    Error: Not implemented: HTMLFormElement.prototype.requestSubmit
        at module.exports (C:\Users\shova\Downloads\GMShoot\gmshooter-v2\node_modules\jsdom\lib\jsdom\browser\not-implemented.js:9:17)
        at HTMLFormElementImpl.requestSubmit (C:\Users\shova\Downloads\GMShoot\gmshooter-v2\node_modules\jsdom\lib\jsdom\living\nodes\HTMLFormElement-impl.js:113:5)
        at HTMLFormElementImpl._doRequestSubmit (C:\Users\shova\Downloads\GMShoot\gmshooter-v2\node_modules\jsdom\lib\jsdom\living\nodes\HTMLFormElement-impl.js:79:10)
        at HTMLButtonElementImpl._activationBehavior (C:\Users\shova\Downloads\GMShoot\gmshooter-v2\node_modules\jsdom\lib\jsdom\living\nodes\HTMLButtonElement-impl.js:23:14)
        at HTMLButtonElementImpl._dispatch (C:\Users\shova\Downloads\GMShoot\gmshooter-v2\node_modules\jsdom\lib\jsdom\living\events\EventTarget-impl.js:252:26)
        at HTMLButtonElementImpl.dispatchEvent (C:\Users\shova\Downloads\GMShoot\gmshooter-v2\node_modules\jsdom\lib\jsdom\living\events\EventTarget-impl.js:104:17)
        at HTMLButtonElement.dispatchEvent (C:\Users\shova\Downloads\GMShoot\gmshooter-v2\node_modules\jsdom\lib\jsdom\living\generated\EventTarget.js:241:34)
        at dispatchEvent (C:\Users\shova\Downloads\GMShoot\gmshooter-v2\node_modules\@testing-library\user-event\dist\cjs\event\dispatchEvent.js:45:43)
        at cb (C:\Users\shova\Downloads\GMShoot\gmshooter-v2\node_modules\@testing-library\react\dist\pure.js:108:16)
        at callback (C:\Users\shova\Downloads\GMShoot\gmshooter-v2\node_modules\@testing-library\react\dist\act-compat.js:48:24)
        at process.env.NODE_ENV.exports.act (C:\Users\shova\Downloads\GMShoot\gmshooter-v2\node_modules\react\cjs\react.development.js:814:22)
        at actImplementation (C:\Users\shova\Downloads\GMShoot\gmshooter-v2\node_modules\@testing-library\react\dist\act-compat.js:47:25)
        at Object.eventWrapper (C:\Users\shova\Downloads\GMShoot\gmshooter-v2\node_modules\@testing-library\react\dist\pure.js:107:27)
        at Object.eventWrapper [as wrapEvent] (C:\Users\shova\Downloads\GMShoot\gmshooter-v2\node_modules\@testing-library\user-event\dist\cjs\event\wrapEvent.js:6:28)
        at Object.wrapEvent (C:\Users\shova\Downloads\GMShoot\gmshooter-v2\node_modules\@testing-library\user-event\dist\cjs\event\dispatchEvent.js:45:22)
        at Object.call (C:\Users\shova\Downloads\GMShoot\gmshooter-v2\node_modules\@testing-library\user-event\dist\cjs\event\dispatchEvent.js:22:26)
        at Mouse.dispatchUIEvent [as up] (C:\Users\shova\Downloads\GMShoot\gmshooter-v2\node_modules\@testing-library\user-event\dist\cjs\system\pointer\mouse.js:100:30)
        at PointerHost.up [as release] (C:\Users\shova\Downloads\GMShoot\gmshooter-v2\node_modules\@testing-library\user-event\dist\cjs\system\pointer\index.js:87:24)
        at release (C:\Users\shova\Downloads\GMShoot\gmshooter-v2\node_modules\@testing-library\user-event\dist\cjs\pointer\index.js:54:47)
        at Object.pointer (C:\Users\shova\Downloads\GMShoot\gmshooter-v2\node_modules\@testing-library\user-event\dist\cjs\pointer\index.js:27:9)
        at Object.asyncWrapper (C:\Users\shova\Downloads\GMShoot\gmshooter-v2\node_modules\@testing-library\react\dist\pure.js:88:22) {
      type: 'not implemented'
    }

      at VirtualConsole.<anonymous> (node_modules/jest-environment-jsdom/build/index.js:63:23)
      at module.exports (node_modules/jsdom/lib/jsdom/browser/not-implemented.js:12:26)
      at HTMLFormElementImpl.requestSubmit (node_modules/jsdom/lib/jsdom/living/nodes/HTMLFormElement-impl.js:113:5)
      at HTMLFormElementImpl._doRequestSubmit (node_modules/jsdom/lib/jsdom/living/nodes/HTMLFormElement-impl.js:79:10)
      at HTMLButtonElementImpl._activationBehavior (node_modules/jsdom/lib/jsdom/living/nodes/HTMLButtonElement-impl.js:23:14)
      at HTMLButtonElementImpl._dispatch (node_modules/jsdom/lib/jsdom/living/events/EventTarget-impl.js:252:26)
      at HTMLButtonElementImpl.dispatchEvent (node_modules/jsdom/lib/jsdom/living/events/EventTarget-impl.js:104:17)
      at HTMLButtonElement.dispatchEvent (node_modules/jsdom/lib/jsdom/living/generated/EventTarget.js:241:34)
      at dispatchEvent (node_modules/@testing-library/user-event/dist/cjs/event/dispatchEvent.js:45:43)
      at cb (node_modules/@testing-library/react/dist/pure.js:108:16)
      at callback (node_modules/@testing-library/react/dist/act-compat.js:48:24)
      at process.env.NODE_ENV.exports.act (node_modules/react/cjs/react.development.js:814:22)
      at actImplementation (node_modules/@testing-library/react/dist/act-compat.js:47:25)
      at Object.eventWrapper (node_modules/@testing-library/react/dist/pure.js:107:27)
      at Object.eventWrapper [as wrapEvent] (node_modules/@testing-library/user-event/dist/cjs/event/wrapEvent.js:6:28)
      at Object.wrapEvent (node_modules/@testing-library/user-event/dist/cjs/event/dispatchEvent.js:45:22)
      at Object.call (node_modules/@testing-library/user-event/dist/cjs/event/dispatchEvent.js:22:26)
      at Mouse.dispatchUIEvent [as up] (node_modules/@testing-library/user-event/dist/cjs/system/pointer/mouse.js:100:30)
      at PointerHost.up [as release] (node_modules/@testing-library/user-event/dist/cjs/system/pointer/index.js:87:24)
      at release (node_modules/@testing-library/user-event/dist/cjs/pointer/index.js:54:47)
      at Object.pointer (node_modules/@testing-library/user-event/dist/cjs/pointer/index.js:27:9)
      at Object.asyncWrapper (node_modules/@testing-library/react/dist/pure.js:88:22)

PASS src/__tests__/components/ui/checkbox.test.tsx (9.131 s)
  Checkbox Component
    Γטת renders checkbox correctly (291 ms)
    Γטת applies default classes (53 ms)
    Γטת applies custom className (46 ms)
    Γטת can be checked and unchecked (299 ms)
    Γטת can be controlled component (82 ms)
    Γטת calls onCheckedChange when clicked (178 ms)
    Γטת does not call onCheckedChange when disabled (217 ms)
    Γטת applies disabled styles when disabled (75 ms)
    Γטת has checked state styling when checked (76 ms)
    Γטת has unchecked state styling when unchecked (27 ms)
    Γטת forwards ref correctly (17 ms)
    Γטת supports keyboard interaction (97 ms)
    Γטת supports space key interaction (97 ms)
    Γטת renders with data attributes (23 ms)
    Γטת handles indeterminate state (46 ms)
    Γטת applies aria attributes (28 ms)
    Γטת works with form submission (471 ms)

PASS src/__tests__/components/ui/tabs.test.tsx (9.514 s)
  Tabs Components
    Tabs
      Γטת renders tabs container correctly (509 ms)
      Γטת shows correct content based on active tab (66 ms)
      Γטת switches content when tab is clicked (237 ms)
      Γטת handles controlled tabs (49 ms)
      Γטת calls onValueChange when tab is clicked (139 ms)
    TabsList
      Γטת renders tablist with correct role (28 ms)
      Γטת applies default classes (48 ms)
      Γטת applies custom className (48 ms)
    TabsTrigger
      Γטת renders trigger with correct role and attributes (43 ms)
      Γטת applies active styles when selected (67 ms)
      Γטת applies custom className (43 ms)
      Γטת handles keyboard navigation (428 ms)
    TabsContent
      Γטת renders content with correct attributes (21 ms)
      Γטת applies default classes (20 ms)
      Γטת applies custom className (19 ms)
      Γטת hides content when tab is not active (24 ms)
    Complex Tabs Layout
      Γטת renders multiple tabs with complex content (101 ms)
      Γטת switches between multiple tabs correctly (277 ms)
    Tabs Accessibility
      Γטת has proper ARIA attributes (69 ms)
      Γטת supports keyboard navigation (464 ms)
    Tabs with Disabled State
      Γטת handles disabled tabs (68 ms)

PASS src/__tests__/components/ui/label.test.tsx
  Label Component
    Γטת renders with default props (34 ms)
    Γטת renders with custom className (11 ms)
    Γטת renders with htmlFor attribute (5 ms)
    Γטת renders with id attribute (9 ms)
    Γטת renders with form attribute (30 ms)
    Γטת forwards ref correctly (7 ms)
    Γטת handles click event (150 ms)
    Γטת handles children as ReactNode (15 ms)
    Γטת renders with aria attributes (10 ms)
    Γטת renders with data attributes (5 ms)
    Γטת renders with disabled state (12 ms)
    Γטת associates with input correctly (83 ms)
    Γטת handles click on associated input (172 ms)
    Γטת renders with inline styles (25 ms)
    Γטת renders with title attribute (6 ms)
    Γטת renders with tabIndex (12 ms)
    Γטת renders with custom HTML attributes (8 ms)
    Γטת handles keyboard events (210 ms)
    Γטת renders with different text content types (12 ms)
    Γטת applies peer disabled styles correctly (4 ms)

  console.error
    An update to AuthProvider inside a test was not wrapped in act(...).
    
    When testing, code that causes React state updates should be wrapped into act(...):
    
    act(() => {
      /* fire events that update state */
    });
    /* assert on the output */
    
    This ensures that you're testing the behavior the user would see in the browser. Learn more at https://react.dev/link/wrap-tests-with-act

    [0m [90m 67 |[39m   [36mconst[39m handleEmailSignIn [33m=[39m [36masync[39m (email[33m:[39m string[33m,[39m password[33m:[39m string) [33m=>[39m {
     [90m 68 |[39m     [36mtry[39m {
    [31m[1m>[22m[39m[90m 69 |[39m       setLoading([36mtrue[39m)[33m;[39m
     [90m    |[39m       [31m[1m^[22m[39m
     [90m 70 |[39m       setError([36mnull[39m)[33m;[39m
     [90m 71 |[39m       
     [90m 72 |[39m       [90m// Use AuthService for email authentication[39m[0m

      at node_modules/react-dom/cjs/react-dom-client.development.js:18758:19
      at runWithFiberInDEV (node_modules/react-dom/cjs/react-dom-client.development.js:874:13)
      at warnIfUpdatesNotWrappedWithActDEV (node_modules/react-dom/cjs/react-dom-client.development.js:18757:9)
      at scheduleUpdateOnFiber (node_modules/react-dom/cjs/react-dom-client.development.js:16409:11)
      at dispatchSetStateInternal (node_modules/react-dom/cjs/react-dom-client.development.js:9170:13)
      at dispatchSetState (node_modules/react-dom/cjs/react-dom-client.development.js:9127:7)
      at src/hooks/useAuth.tsx:69:7
      at step (src/hooks/useAuth.tsx:67:23)
      at Object.next (src/hooks/useAuth.tsx:48:53)
      at src/hooks/useAuth.tsx:42:71
      at __awaiter (src/hooks/useAuth.tsx:38:12)
      at Object.handleEmailSignIn [as signInWithEmail] (src/hooks/useAuth.tsx:67:67)
      at src/__tests__/hooks/useAuthQuery.test.tsx:99:28
      at step (src/__tests__/hooks/useAuthQuery.test.tsx:44:23)
      at Object.next (src/__tests__/hooks/useAuthQuery.test.tsx:25:53)
      at src/__tests__/hooks/useAuthQuery.test.tsx:19:71
      at __awaiter (src/__tests__/hooks/useAuthQuery.test.tsx:15:12)
      at Object.<anonymous> (src/__tests__/hooks/useAuthQuery.test.tsx:90:39)

  console.error
    An update to AuthProvider inside a test was not wrapped in act(...).
    
    When testing, code that causes React state updates should be wrapped into act(...):
    
    act(() => {
      /* fire events that update state */
    });
    /* assert on the output */
    
    This ensures that you're testing the behavior the user would see in the browser. Learn more at https://react.dev/link/wrap-tests-with-act

    [0m [90m 68 |[39m     [36mtry[39m {
     [90m 69 |[39m       setLoading([36mtrue[39m)[33m;[39m
    [31m[1m>[22m[39m[90m 70 |[39m       setError([36mnull[39m)[33m;[39m
     [90m    |[39m       [31m[1m^[22m[39m
     [90m 71 |[39m       
     [90m 72 |[39m       [90m// Use AuthService for email authentication[39m
     [90m 73 |[39m       [36mconst[39m result [33m=[39m [36mawait[39m authService[33m.[39msignIn({ email[33m,[39m password })[33m;[39m[0m

      at node_modules/react-dom/cjs/react-dom-client.development.js:18758:19
      at runWithFiberInDEV (node_modules/react-dom/cjs/react-dom-client.development.js:874:13)
      at warnIfUpdatesNotWrappedWithActDEV (node_modules/react-dom/cjs/react-dom-client.development.js:18757:9)
      at scheduleUpdateOnFiber (node_modules/react-dom/cjs/react-dom-client.development.js:16409:11)
      at dispatchSetStateInternal (node_modules/react-dom/cjs/react-dom-client.development.js:9170:13)
      at dispatchSetState (node_modules/react-dom/cjs/react-dom-client.development.js:9127:7)
      at src/hooks/useAuth.tsx:70:7
      at step (src/hooks/useAuth.tsx:67:23)
      at Object.next (src/hooks/useAuth.tsx:48:53)
      at src/hooks/useAuth.tsx:42:71
      at __awaiter (src/hooks/useAuth.tsx:38:12)
      at Object.handleEmailSignIn [as signInWithEmail] (src/hooks/useAuth.tsx:67:67)
      at src/__tests__/hooks/useAuthQuery.test.tsx:99:28
      at step (src/__tests__/hooks/useAuthQuery.test.tsx:44:23)
      at Object.next (src/__tests__/hooks/useAuthQuery.test.tsx:25:53)
      at src/__tests__/hooks/useAuthQuery.test.tsx:19:71
      at __awaiter (src/__tests__/hooks/useAuthQuery.test.tsx:15:12)
      at Object.<anonymous> (src/__tests__/hooks/useAuthQuery.test.tsx:90:39)

  console.error
    An update to AuthProvider inside a test was not wrapped in act(...).
    
    When testing, code that causes React state updates should be wrapped into act(...):
    
    act(() => {
      /* fire events that update state */
    });
    /* assert on the output */
    
    This ensures that you're testing the behavior the user would see in the browser. Learn more at https://react.dev/link/wrap-tests-with-act

    [0m [90m 37 |[39m   [36mconst[39m syncAuthState [33m=[39m useCallback(() [33m=>[39m {
     [90m 38 |[39m     [36mconst[39m authState [33m=[39m authService[33m.[39mgetState()[33m;[39m
    [31m[1m>[22m[39m[90m 39 |[39m     setUser(authState[33m.[39muser)[33m;[39m
     [90m    |[39m     [31m[1m^[22m[39m
     [90m 40 |[39m     setLoading(authState[33m.[39misLoading)[33m;[39m
     [90m 41 |[39m     setError(authState[33m.[39merror)[33m;[39m
     [90m 42 |[39m   }[33m,[39m [])[33m;[39m[0m

      at node_modules/react-dom/cjs/react-dom-client.development.js:18758:19
      at runWithFiberInDEV (node_modules/react-dom/cjs/react-dom-client.development.js:874:13)
      at warnIfUpdatesNotWrappedWithActDEV (node_modules/react-dom/cjs/react-dom-client.development.js:18757:9)
      at scheduleUpdateOnFiber (node_modules/react-dom/cjs/react-dom-client.development.js:16409:11)
      at dispatchSetStateInternal (node_modules/react-dom/cjs/react-dom-client.development.js:9170:13)
      at dispatchSetState (node_modules/react-dom/cjs/react-dom-client.development.js:9127:7)
      at src/hooks/useAuth.tsx:39:5
      at src/hooks/useAuth.tsx:76:9
      at step (src/hooks/useAuth.tsx:67:23)
      at Object.next (src/hooks/useAuth.tsx:48:53)
      at fulfilled (src/hooks/useAuth.tsx:39:58)

  console.error
    An update to AuthProvider inside a test was not wrapped in act(...).
    
    When testing, code that causes React state updates should be wrapped into act(...):
    
    act(() => {
      /* fire events that update state */
    });
    /* assert on the output */
    
    This ensures that you're testing the behavior the user would see in the browser. Learn more at https://react.dev/link/wrap-tests-with-act

    [0m [90m 38 |[39m     [36mconst[39m authState [33m=[39m authService[33m.[39mgetState()[33m;[39m
     [90m 39 |[39m     setUser(authState[33m.[39muser)[33m;[39m
    [31m[1m>[22m[39m[90m 40 |[39m     setLoading(authState[33m.[39misLoading)[33m;[39m
     [90m    |[39m     [31m[1m^[22m[39m
     [90m 41 |[39m     setError(authState[33m.[39merror)[33m;[39m
     [90m 42 |[39m   }[33m,[39m [])[33m;[39m
     [90m 43 |[39m[0m

      at node_modules/react-dom/cjs/react-dom-client.development.js:18758:19
      at runWithFiberInDEV (node_modules/react-dom/cjs/react-dom-client.development.js:874:13)
      at warnIfUpdatesNotWrappedWithActDEV (node_modules/react-dom/cjs/react-dom-client.development.js:18757:9)
      at scheduleUpdateOnFiber (node_modules/react-dom/cjs/react-dom-client.development.js:16409:11)
      at dispatchSetStateInternal (node_modules/react-dom/cjs/react-dom-client.development.js:9170:13)
      at dispatchSetState (node_modules/react-dom/cjs/react-dom-client.development.js:9127:7)
      at src/hooks/useAuth.tsx:40:5
      at src/hooks/useAuth.tsx:76:9
      at step (src/hooks/useAuth.tsx:67:23)
      at Object.next (src/hooks/useAuth.tsx:48:53)
      at fulfilled (src/hooks/useAuth.tsx:39:58)

  console.error
    An update to AuthProvider inside a test was not wrapped in act(...).
    
    When testing, code that causes React state updates should be wrapped into act(...):
    
    act(() => {
      /* fire events that update state */
    });
    /* assert on the output */
    
    This ensures that you're testing the behavior the user would see in the browser. Learn more at https://react.dev/link/wrap-tests-with-act

    [0m [90m 39 |[39m     setUser(authState[33m.[39muser)[33m;[39m
     [90m 40 |[39m     setLoading(authState[33m.[39misLoading)[33m;[39m
    [31m[1m>[22m[39m[90m 41 |[39m     setError(authState[33m.[39merror)[33m;[39m
     [90m    |[39m     [31m[1m^[22m[39m
     [90m 42 |[39m   }[33m,[39m [])[33m;[39m
     [90m 43 |[39m
     [90m 44 |[39m   [90m// Handle Google sign in (uses Supabase OAuth)[39m[0m

      at node_modules/react-dom/cjs/react-dom-client.development.js:18758:19
      at runWithFiberInDEV (node_modules/react-dom/cjs/react-dom-client.development.js:874:13)
      at warnIfUpdatesNotWrappedWithActDEV (node_modules/react-dom/cjs/react-dom-client.development.js:18757:9)
      at scheduleUpdateOnFiber (node_modules/react-dom/cjs/react-dom-client.development.js:16409:11)
      at dispatchSetStateInternal (node_modules/react-dom/cjs/react-dom-client.development.js:9170:13)
      at dispatchSetState (node_modules/react-dom/cjs/react-dom-client.development.js:9127:7)
      at src/hooks/useAuth.tsx:41:5
      at src/hooks/useAuth.tsx:76:9
      at step (src/hooks/useAuth.tsx:67:23)
      at Object.next (src/hooks/useAuth.tsx:48:53)
      at fulfilled (src/hooks/useAuth.tsx:39:58)

  console.error
    An update to AuthProvider inside a test was not wrapped in act(...).
    
    When testing, code that causes React state updates should be wrapped into act(...):
    
    act(() => {
      /* fire events that update state */
    });
    /* assert on the output */
    
    This ensures that you're testing the behavior the user would see in the browser. Learn more at https://react.dev/link/wrap-tests-with-act

    [0m [90m 82 |[39m       setError(error[33m.[39mmessage [33m||[39m [32m'Failed to sign in with email'[39m)[33m;[39m
     [90m 83 |[39m     } [36mfinally[39m {
    [31m[1m>[22m[39m[90m 84 |[39m       setLoading([36mfalse[39m)[33m;[39m
     [90m    |[39m       [31m[1m^[22m[39m
     [90m 85 |[39m     }
     [90m 86 |[39m   }[33m;[39m
     [90m 87 |[39m[0m

      at node_modules/react-dom/cjs/react-dom-client.development.js:18758:19
      at runWithFiberInDEV (node_modules/react-dom/cjs/react-dom-client.development.js:874:13)
      at warnIfUpdatesNotWrappedWithActDEV (node_modules/react-dom/cjs/react-dom-client.development.js:18757:9)
      at scheduleUpdateOnFiber (node_modules/react-dom/cjs/react-dom-client.development.js:16409:11)
      at dispatchSetStateInternal (node_modules/react-dom/cjs/react-dom-client.development.js:9170:13)
      at dispatchSetState (node_modules/react-dom/cjs/react-dom-client.development.js:9127:7)
      at src/hooks/useAuth.tsx:84:7
      at step (src/hooks/useAuth.tsx:67:23)
      at Object.next (src/hooks/useAuth.tsx:48:53)
      at fulfilled (src/hooks/useAuth.tsx:39:58)

  console.error
    An update to AuthProvider inside a test was not wrapped in act(...).
    
    When testing, code that causes React state updates should be wrapped into act(...):
    
    act(() => {
      /* fire events that update state */
    });
    /* assert on the output */
    
    This ensures that you're testing the behavior the user would see in the browser. Learn more at https://react.dev/link/wrap-tests-with-act

    [0m [90m 67 |[39m   [36mconst[39m handleEmailSignIn [33m=[39m [36masync[39m (email[33m:[39m string[33m,[39m password[33m:[39m string) [33m=>[39m {
     [90m 68 |[39m     [36mtry[39m {
    [31m[1m>[22m[39m[90m 69 |[39m       setLoading([36mtrue[39m)[33m;[39m
     [90m    |[39m       [31m[1m^[22m[39m
     [90m 70 |[39m       setError([36mnull[39m)[33m;[39m
     [90m 71 |[39m       
     [90m 72 |[39m       [90m// Use AuthService for email authentication[39m[0m

      at node_modules/react-dom/cjs/react-dom-client.development.js:18758:19
      at runWithFiberInDEV (node_modules/react-dom/cjs/react-dom-client.development.js:874:13)
      at warnIfUpdatesNotWrappedWithActDEV (node_modules/react-dom/cjs/react-dom-client.development.js:18757:9)
      at scheduleUpdateOnFiber (node_modules/react-dom/cjs/react-dom-client.development.js:16409:11)
      at dispatchSetStateInternal (node_modules/react-dom/cjs/react-dom-client.development.js:9170:13)
      at dispatchSetState (node_modules/react-dom/cjs/react-dom-client.development.js:9127:7)
      at src/hooks/useAuth.tsx:69:7
      at step (src/hooks/useAuth.tsx:67:23)
      at Object.next (src/hooks/useAuth.tsx:48:53)
      at src/hooks/useAuth.tsx:42:71
      at __awaiter (src/hooks/useAuth.tsx:38:12)
      at Object.handleEmailSignIn [as signInWithEmail] (src/hooks/useAuth.tsx:67:67)
      at src/__tests__/hooks/useAuthQuery.test.tsx:118:28
      at step (src/__tests__/hooks/useAuthQuery.test.tsx:44:23)
      at Object.next (src/__tests__/hooks/useAuthQuery.test.tsx:25:53)
      at src/__tests__/hooks/useAuthQuery.test.tsx:19:71
      at __awaiter (src/__tests__/hooks/useAuthQuery.test.tsx:15:12)
      at Object.<anonymous> (src/__tests__/hooks/useAuthQuery.test.tsx:109:39)

  console.error
    An update to AuthProvider inside a test was not wrapped in act(...).
    
    When testing, code that causes React state updates should be wrapped into act(...):
    
    act(() => {
      /* fire events that update state */
    });
    /* assert on the output */
    
    This ensures that you're testing the behavior the user would see in the browser. Learn more at https://react.dev/link/wrap-tests-with-act

    [0m [90m 68 |[39m     [36mtry[39m {
     [90m 69 |[39m       setLoading([36mtrue[39m)[33m;[39m
    [31m[1m>[22m[39m[90m 70 |[39m       setError([36mnull[39m)[33m;[39m
     [90m    |[39m       [31m[1m^[22m[39m
     [90m 71 |[39m       
     [90m 72 |[39m       [90m// Use AuthService for email authentication[39m
     [90m 73 |[39m       [36mconst[39m result [33m=[39m [36mawait[39m authService[33m.[39msignIn({ email[33m,[39m password })[33m;[39m[0m

      at node_modules/react-dom/cjs/react-dom-client.development.js:18758:19
      at runWithFiberInDEV (node_modules/react-dom/cjs/react-dom-client.development.js:874:13)
      at warnIfUpdatesNotWrappedWithActDEV (node_modules/react-dom/cjs/react-dom-client.development.js:18757:9)
      at scheduleUpdateOnFiber (node_modules/react-dom/cjs/react-dom-client.development.js:16409:11)
      at dispatchSetStateInternal (node_modules/react-dom/cjs/react-dom-client.development.js:9170:13)
      at dispatchSetState (node_modules/react-dom/cjs/react-dom-client.development.js:9127:7)
      at src/hooks/useAuth.tsx:70:7
      at step (src/hooks/useAuth.tsx:67:23)
      at Object.next (src/hooks/useAuth.tsx:48:53)
      at src/hooks/useAuth.tsx:42:71
      at __awaiter (src/hooks/useAuth.tsx:38:12)
      at Object.handleEmailSignIn [as signInWithEmail] (src/hooks/useAuth.tsx:67:67)
      at src/__tests__/hooks/useAuthQuery.test.tsx:118:28
      at step (src/__tests__/hooks/useAuthQuery.test.tsx:44:23)
      at Object.next (src/__tests__/hooks/useAuthQuery.test.tsx:25:53)
      at src/__tests__/hooks/useAuthQuery.test.tsx:19:71
      at __awaiter (src/__tests__/hooks/useAuthQuery.test.tsx:15:12)
      at Object.<anonymous> (src/__tests__/hooks/useAuthQuery.test.tsx:109:39)

  console.error
    An update to AuthProvider inside a test was not wrapped in act(...).
    
    When testing, code that causes React state updates should be wrapped into act(...):
    
    act(() => {
      /* fire events that update state */
    });
    /* assert on the output */
    
    This ensures that you're testing the behavior the user would see in the browser. Learn more at https://react.dev/link/wrap-tests-with-act

    [0m [90m 76 |[39m         syncAuthState()[33m;[39m
     [90m 77 |[39m       } [36melse[39m {
    [31m[1m>[22m[39m[90m 78 |[39m         setError(result[33m.[39merror [33m||[39m [32m'Failed to sign in with email'[39m)[33m;[39m
     [90m    |[39m         [31m[1m^[22m[39m
     [90m 79 |[39m       }
     [90m 80 |[39m     } [36mcatch[39m (error[33m:[39m any) {
     [90m 81 |[39m       [90m// console.error('Email sign in error:', error);[39m[0m

      at node_modules/react-dom/cjs/react-dom-client.development.js:18758:19
      at runWithFiberInDEV (node_modules/react-dom/cjs/react-dom-client.development.js:874:13)
      at warnIfUpdatesNotWrappedWithActDEV (node_modules/react-dom/cjs/react-dom-client.development.js:18757:9)
      at scheduleUpdateOnFiber (node_modules/react-dom/cjs/react-dom-client.development.js:16409:11)
      at dispatchSetStateInternal (node_modules/react-dom/cjs/react-dom-client.development.js:9170:13)
      at dispatchSetState (node_modules/react-dom/cjs/react-dom-client.development.js:9127:7)
      at src/hooks/useAuth.tsx:78:9
      at step (src/hooks/useAuth.tsx:67:23)
      at Object.next (src/hooks/useAuth.tsx:48:53)
      at fulfilled (src/hooks/useAuth.tsx:39:58)

  console.error
    An update to AuthProvider inside a test was not wrapped in act(...).
    
    When testing, code that causes React state updates should be wrapped into act(...):
    
    act(() => {
      /* fire events that update state */
    });
    /* assert on the output */
    
    This ensures that you're testing the behavior the user would see in the browser. Learn more at https://react.dev/link/wrap-tests-with-act

    [0m [90m 82 |[39m       setError(error[33m.[39mmessage [33m||[39m [32m'Failed to sign in with email'[39m)[33m;[39m
     [90m 83 |[39m     } [36mfinally[39m {
    [31m[1m>[22m[39m[90m 84 |[39m       setLoading([36mfalse[39m)[33m;[39m
     [90m    |[39m       [31m[1m^[22m[39m
     [90m 85 |[39m     }
     [90m 86 |[39m   }[33m;[39m
     [90m 87 |[39m[0m

      at node_modules/react-dom/cjs/react-dom-client.development.js:18758:19
      at runWithFiberInDEV (node_modules/react-dom/cjs/react-dom-client.development.js:874:13)
      at warnIfUpdatesNotWrappedWithActDEV (node_modules/react-dom/cjs/react-dom-client.development.js:18757:9)
      at scheduleUpdateOnFiber (node_modules/react-dom/cjs/react-dom-client.development.js:16409:11)
      at dispatchSetStateInternal (node_modules/react-dom/cjs/react-dom-client.development.js:9170:13)
      at dispatchSetState (node_modules/react-dom/cjs/react-dom-client.development.js:9127:7)
      at src/hooks/useAuth.tsx:84:7
      at step (src/hooks/useAuth.tsx:67:23)
      at Object.next (src/hooks/useAuth.tsx:48:53)
      at fulfilled (src/hooks/useAuth.tsx:39:58)

  console.error
    An update to AuthProvider inside a test was not wrapped in act(...).
    
    When testing, code that causes React state updates should be wrapped into act(...):
    
    act(() => {
      /* fire events that update state */
    });
    /* assert on the output */
    
    This ensures that you're testing the behavior the user would see in the browser. Learn more at https://react.dev/link/wrap-tests-with-act

    [0m [90m 89 |[39m   [36mconst[39m handleEmailSignUp [33m=[39m [36masync[39m (email[33m:[39m string[33m,[39m password[33m:[39m string[33m,[39m name[33m?[39m[33m:[39m string) [33m=>[39m {
     [90m 90 |[39m     [36mtry[39m {
    [31m[1m>[22m[39m[90m 91 |[39m       setLoading([36mtrue[39m)[33m;[39m
     [90m    |[39m       [31m[1m^[22m[39m
     [90m 92 |[39m       setError([36mnull[39m)[33m;[39m
     [90m 93 |[39m       
     [90m 94 |[39m       [90m// Use AuthService for email signup[39m[0m

      at node_modules/react-dom/cjs/react-dom-client.development.js:18758:19
      at runWithFiberInDEV (node_modules/react-dom/cjs/react-dom-client.development.js:874:13)
      at warnIfUpdatesNotWrappedWithActDEV (node_modules/react-dom/cjs/react-dom-client.development.js:18757:9)
      at scheduleUpdateOnFiber (node_modules/react-dom/cjs/react-dom-client.development.js:16409:11)
      at dispatchSetStateInternal (node_modules/react-dom/cjs/react-dom-client.development.js:9170:13)
      at dispatchSetState (node_modules/react-dom/cjs/react-dom-client.development.js:9127:7)
      at src/hooks/useAuth.tsx:91:7
      at step (src/hooks/useAuth.tsx:67:23)
      at Object.next (src/hooks/useAuth.tsx:48:53)
      at src/hooks/useAuth.tsx:42:71
      at __awaiter (src/hooks/useAuth.tsx:38:12)
      at Object.handleEmailSignUp [as signUpWithEmail] (src/hooks/useAuth.tsx:89:82)
      at src/__tests__/hooks/useAuthQuery.test.tsx:140:28
      at step (src/__tests__/hooks/useAuthQuery.test.tsx:44:23)
      at Object.next (src/__tests__/hooks/useAuthQuery.test.tsx:25:53)
      at src/__tests__/hooks/useAuthQuery.test.tsx:19:71
      at __awaiter (src/__tests__/hooks/useAuthQuery.test.tsx:15:12)
      at Object.<anonymous> (src/__tests__/hooks/useAuthQuery.test.tsx:131:39)

  console.error
    An update to AuthProvider inside a test was not wrapped in act(...).
    
    When testing, code that causes React state updates should be wrapped into act(...):
    
    act(() => {
      /* fire events that update state */
    });
    /* assert on the output */
    
    This ensures that you're testing the behavior the user would see in the browser. Learn more at https://react.dev/link/wrap-tests-with-act

    [0m [90m 90 |[39m     [36mtry[39m {
     [90m 91 |[39m       setLoading([36mtrue[39m)[33m;[39m
    [31m[1m>[22m[39m[90m 92 |[39m       setError([36mnull[39m)[33m;[39m
     [90m    |[39m       [31m[1m^[22m[39m
     [90m 93 |[39m       
     [90m 94 |[39m       [90m// Use AuthService for email signup[39m
     [90m 95 |[39m       [36mconst[39m result [33m=[39m [36mawait[39m authService[33m.[39msignUp({ email[33m,[39m password[33m,[39m fullName[33m:[39m name })[33m;[39m[0m

      at node_modules/react-dom/cjs/react-dom-client.development.js:18758:19
      at runWithFiberInDEV (node_modules/react-dom/cjs/react-dom-client.development.js:874:13)
      at warnIfUpdatesNotWrappedWithActDEV (node_modules/react-dom/cjs/react-dom-client.development.js:18757:9)
      at scheduleUpdateOnFiber (node_modules/react-dom/cjs/react-dom-client.development.js:16409:11)
      at dispatchSetStateInternal (node_modules/react-dom/cjs/react-dom-client.development.js:9170:13)
      at dispatchSetState (node_modules/react-dom/cjs/react-dom-client.development.js:9127:7)
      at src/hooks/useAuth.tsx:92:7
      at step (src/hooks/useAuth.tsx:67:23)
      at Object.next (src/hooks/useAuth.tsx:48:53)
      at src/hooks/useAuth.tsx:42:71
      at __awaiter (src/hooks/useAuth.tsx:38:12)
      at Object.handleEmailSignUp [as signUpWithEmail] (src/hooks/useAuth.tsx:89:82)
      at src/__tests__/hooks/useAuthQuery.test.tsx:140:28
      at step (src/__tests__/hooks/useAuthQuery.test.tsx:44:23)
      at Object.next (src/__tests__/hooks/useAuthQuery.test.tsx:25:53)
      at src/__tests__/hooks/useAuthQuery.test.tsx:19:71
      at __awaiter (src/__tests__/hooks/useAuthQuery.test.tsx:15:12)
      at Object.<anonymous> (src/__tests__/hooks/useAuthQuery.test.tsx:131:39)

  console.error
    An update to AuthProvider inside a test was not wrapped in act(...).
    
    When testing, code that causes React state updates should be wrapped into act(...):
    
    act(() => {
      /* fire events that update state */
    });
    /* assert on the output */
    
    This ensures that you're testing the behavior the user would see in the browser. Learn more at https://react.dev/link/wrap-tests-with-act

    [0m [90m 37 |[39m   [36mconst[39m syncAuthState [33m=[39m useCallback(() [33m=>[39m {
     [90m 38 |[39m     [36mconst[39m authState [33m=[39m authService[33m.[39mgetState()[33m;[39m
    [31m[1m>[22m[39m[90m 39 |[39m     setUser(authState[33m.[39muser)[33m;[39m
     [90m    |[39m     [31m[1m^[22m[39m
     [90m 40 |[39m     setLoading(authState[33m.[39misLoading)[33m;[39m
     [90m 41 |[39m     setError(authState[33m.[39merror)[33m;[39m
     [90m 42 |[39m   }[33m,[39m [])[33m;[39m[0m

      at node_modules/react-dom/cjs/react-dom-client.development.js:18758:19
      at runWithFiberInDEV (node_modules/react-dom/cjs/react-dom-client.development.js:874:13)
      at warnIfUpdatesNotWrappedWithActDEV (node_modules/react-dom/cjs/react-dom-client.development.js:18757:9)
      at scheduleUpdateOnFiber (node_modules/react-dom/cjs/react-dom-client.development.js:16409:11)
      at dispatchSetStateInternal (node_modules/react-dom/cjs/react-dom-client.development.js:9170:13)
      at dispatchSetState (node_modules/react-dom/cjs/react-dom-client.development.js:9127:7)
      at src/hooks/useAuth.tsx:39:5
      at src/hooks/useAuth.tsx:98:9
      at step (src/hooks/useAuth.tsx:67:23)
      at Object.next (src/hooks/useAuth.tsx:48:53)
      at fulfilled (src/hooks/useAuth.tsx:39:58)

  console.error
    An update to AuthProvider inside a test was not wrapped in act(...).
    
    When testing, code that causes React state updates should be wrapped into act(...):
    
    act(() => {
      /* fire events that update state */
    });
    /* assert on the output */
    
    This ensures that you're testing the behavior the user would see in the browser. Learn more at https://react.dev/link/wrap-tests-with-act

    [0m [90m 38 |[39m     [36mconst[39m authState [33m=[39m authService[33m.[39mgetState()[33m;[39m
     [90m 39 |[39m     setUser(authState[33m.[39muser)[33m;[39m
    [31m[1m>[22m[39m[90m 40 |[39m     setLoading(authState[33m.[39misLoading)[33m;[39m
     [90m    |[39m     [31m[1m^[22m[39m
     [90m 41 |[39m     setError(authState[33m.[39merror)[33m;[39m
     [90m 42 |[39m   }[33m,[39m [])[33m;[39m
     [90m 43 |[39m[0m

      at node_modules/react-dom/cjs/react-dom-client.development.js:18758:19
      at runWithFiberInDEV (node_modules/react-dom/cjs/react-dom-client.development.js:874:13)
      at warnIfUpdatesNotWrappedWithActDEV (node_modules/react-dom/cjs/react-dom-client.development.js:18757:9)
      at scheduleUpdateOnFiber (node_modules/react-dom/cjs/react-dom-client.development.js:16409:11)
      at dispatchSetStateInternal (node_modules/react-dom/cjs/react-dom-client.development.js:9170:13)
      at dispatchSetState (node_modules/react-dom/cjs/react-dom-client.development.js:9127:7)
      at src/hooks/useAuth.tsx:40:5
      at src/hooks/useAuth.tsx:98:9
      at step (src/hooks/useAuth.tsx:67:23)
      at Object.next (src/hooks/useAuth.tsx:48:53)
      at fulfilled (src/hooks/useAuth.tsx:39:58)

  console.error
    An update to AuthProvider inside a test was not wrapped in act(...).
    
    When testing, code that causes React state updates should be wrapped into act(...):
    
    act(() => {
      /* fire events that update state */
    });
    /* assert on the output */
    
    This ensures that you're testing the behavior the user would see in the browser. Learn more at https://react.dev/link/wrap-tests-with-act

    [0m [90m 39 |[39m     setUser(authState[33m.[39muser)[33m;[39m
     [90m 40 |[39m     setLoading(authState[33m.[39misLoading)[33m;[39m
    [31m[1m>[22m[39m[90m 41 |[39m     setError(authState[33m.[39merror)[33m;[39m
     [90m    |[39m     [31m[1m^[22m[39m
     [90m 42 |[39m   }[33m,[39m [])[33m;[39m
     [90m 43 |[39m
     [90m 44 |[39m   [90m// Handle Google sign in (uses Supabase OAuth)[39m[0m

      at node_modules/react-dom/cjs/react-dom-client.development.js:18758:19
      at runWithFiberInDEV (node_modules/react-dom/cjs/react-dom-client.development.js:874:13)
      at warnIfUpdatesNotWrappedWithActDEV (node_modules/react-dom/cjs/react-dom-client.development.js:18757:9)
      at scheduleUpdateOnFiber (node_modules/react-dom/cjs/react-dom-client.development.js:16409:11)
      at dispatchSetStateInternal (node_modules/react-dom/cjs/react-dom-client.development.js:9170:13)
      at dispatchSetState (node_modules/react-dom/cjs/react-dom-client.development.js:9127:7)
      at src/hooks/useAuth.tsx:41:5
      at src/hooks/useAuth.tsx:98:9
      at step (src/hooks/useAuth.tsx:67:23)
      at Object.next (src/hooks/useAuth.tsx:48:53)
      at fulfilled (src/hooks/useAuth.tsx:39:58)

  console.error
    An update to AuthProvider inside a test was not wrapped in act(...).
    
    When testing, code that causes React state updates should be wrapped into act(...):
    
    act(() => {
      /* fire events that update state */
    });
    /* assert on the output */
    
    This ensures that you're testing the behavior the user would see in the browser. Learn more at https://react.dev/link/wrap-tests-with-act

    [0m [90m 104 |[39m       setError(error[33m.[39mmessage [33m||[39m [32m'Failed to create account'[39m)[33m;[39m
     [90m 105 |[39m     } [36mfinally[39m {
    [31m[1m>[22m[39m[90m 106 |[39m       setLoading([36mfalse[39m)[33m;[39m
     [90m     |[39m       [31m[1m^[22m[39m
     [90m 107 |[39m     }
     [90m 108 |[39m   }[33m;[39m
     [90m 109 |[39m[0m

      at node_modules/react-dom/cjs/react-dom-client.development.js:18758:19
      at runWithFiberInDEV (node_modules/react-dom/cjs/react-dom-client.development.js:874:13)
      at warnIfUpdatesNotWrappedWithActDEV (node_modules/react-dom/cjs/react-dom-client.development.js:18757:9)
      at scheduleUpdateOnFiber (node_modules/react-dom/cjs/react-dom-client.development.js:16409:11)
      at dispatchSetStateInternal (node_modules/react-dom/cjs/react-dom-client.development.js:9170:13)
      at dispatchSetState (node_modules/react-dom/cjs/react-dom-client.development.js:9127:7)
      at src/hooks/useAuth.tsx:106:7
      at step (src/hooks/useAuth.tsx:67:23)
      at Object.next (src/hooks/useAuth.tsx:48:53)
      at fulfilled (src/hooks/useAuth.tsx:39:58)

  console.error
    An update to AuthProvider inside a test was not wrapped in act(...).
    
    When testing, code that causes React state updates should be wrapped into act(...):
    
    act(() => {
      /* fire events that update state */
    });
    /* assert on the output */
    
    This ensures that you're testing the behavior the user would see in the browser. Learn more at https://react.dev/link/wrap-tests-with-act

    [0m [90m 89 |[39m   [36mconst[39m handleEmailSignUp [33m=[39m [36masync[39m (email[33m:[39m string[33m,[39m password[33m:[39m string[33m,[39m name[33m?[39m[33m:[39m string) [33m=>[39m {
     [90m 90 |[39m     [36mtry[39m {
    [31m[1m>[22m[39m[90m 91 |[39m       setLoading([36mtrue[39m)[33m;[39m
     [90m    |[39m       [31m[1m^[22m[39m
     [90m 92 |[39m       setError([36mnull[39m)[33m;[39m
     [90m 93 |[39m       
     [90m 94 |[39m       [90m// Use AuthService for email signup[39m[0m

      at node_modules/react-dom/cjs/react-dom-client.development.js:18758:19
      at runWithFiberInDEV (node_modules/react-dom/cjs/react-dom-client.development.js:874:13)
      at warnIfUpdatesNotWrappedWithActDEV (node_modules/react-dom/cjs/react-dom-client.development.js:18757:9)
      at scheduleUpdateOnFiber (node_modules/react-dom/cjs/react-dom-client.development.js:16409:11)
      at dispatchSetStateInternal (node_modules/react-dom/cjs/react-dom-client.development.js:9170:13)
      at dispatchSetState (node_modules/react-dom/cjs/react-dom-client.development.js:9127:7)
      at src/hooks/useAuth.tsx:91:7
      at step (src/hooks/useAuth.tsx:67:23)
      at Object.next (src/hooks/useAuth.tsx:48:53)
      at src/hooks/useAuth.tsx:42:71
      at __awaiter (src/hooks/useAuth.tsx:38:12)
      at Object.handleEmailSignUp [as signUpWithEmail] (src/hooks/useAuth.tsx:89:82)
      at src/__tests__/hooks/useAuthQuery.test.tsx:159:28
      at step (src/__tests__/hooks/useAuthQuery.test.tsx:44:23)
      at Object.next (src/__tests__/hooks/useAuthQuery.test.tsx:25:53)
      at src/__tests__/hooks/useAuthQuery.test.tsx:19:71
      at __awaiter (src/__tests__/hooks/useAuthQuery.test.tsx:15:12)
      at Object.<anonymous> (src/__tests__/hooks/useAuthQuery.test.tsx:150:39)

  console.error
    An update to AuthProvider inside a test was not wrapped in act(...).
    
    When testing, code that causes React state updates should be wrapped into act(...):
    
    act(() => {
      /* fire events that update state */
    });
    /* assert on the output */
    
    This ensures that you're testing the behavior the user would see in the browser. Learn more at https://react.dev/link/wrap-tests-with-act

    [0m [90m 90 |[39m     [36mtry[39m {
     [90m 91 |[39m       setLoading([36mtrue[39m)[33m;[39m
    [31m[1m>[22m[39m[90m 92 |[39m       setError([36mnull[39m)[33m;[39m
     [90m    |[39m       [31m[1m^[22m[39m
     [90m 93 |[39m       
     [90m 94 |[39m       [90m// Use AuthService for email signup[39m
     [90m 95 |[39m       [36mconst[39m result [33m=[39m [36mawait[39m authService[33m.[39msignUp({ email[33m,[39m password[33m,[39m fullName[33m:[39m name })[33m;[39m[0m

      at node_modules/react-dom/cjs/react-dom-client.development.js:18758:19
      at runWithFiberInDEV (node_modules/react-dom/cjs/react-dom-client.development.js:874:13)
      at warnIfUpdatesNotWrappedWithActDEV (node_modules/react-dom/cjs/react-dom-client.development.js:18757:9)
      at scheduleUpdateOnFiber (node_modules/react-dom/cjs/react-dom-client.development.js:16409:11)
      at dispatchSetStateInternal (node_modules/react-dom/cjs/react-dom-client.development.js:9170:13)
      at dispatchSetState (node_modules/react-dom/cjs/react-dom-client.development.js:9127:7)
      at src/hooks/useAuth.tsx:92:7
      at step (src/hooks/useAuth.tsx:67:23)
      at Object.next (src/hooks/useAuth.tsx:48:53)
      at src/hooks/useAuth.tsx:42:71
      at __awaiter (src/hooks/useAuth.tsx:38:12)
      at Object.handleEmailSignUp [as signUpWithEmail] (src/hooks/useAuth.tsx:89:82)
      at src/__tests__/hooks/useAuthQuery.test.tsx:159:28
      at step (src/__tests__/hooks/useAuthQuery.test.tsx:44:23)
      at Object.next (src/__tests__/hooks/useAuthQuery.test.tsx:25:53)
      at src/__tests__/hooks/useAuthQuery.test.tsx:19:71
      at __awaiter (src/__tests__/hooks/useAuthQuery.test.tsx:15:12)
      at Object.<anonymous> (src/__tests__/hooks/useAuthQuery.test.tsx:150:39)

  console.error
    An update to AuthProvider inside a test was not wrapped in act(...).
    
    When testing, code that causes React state updates should be wrapped into act(...):
    
    act(() => {
      /* fire events that update state */
    });
    /* assert on the output */
    
    This ensures that you're testing the behavior the user would see in the browser. Learn more at https://react.dev/link/wrap-tests-with-act

    [0m [90m  98 |[39m         syncAuthState()[33m;[39m
     [90m  99 |[39m       } [36melse[39m {
    [31m[1m>[22m[39m[90m 100 |[39m         setError(result[33m.[39merror [33m||[39m [32m'Failed to create account'[39m)[33m;[39m
     [90m     |[39m         [31m[1m^[22m[39m
     [90m 101 |[39m       }
     [90m 102 |[39m     } [36mcatch[39m (error[33m:[39m any) {
     [90m 103 |[39m       [90m// console.error('Email sign up error:', error);[39m[0m

      at node_modules/react-dom/cjs/react-dom-client.development.js:18758:19
      at runWithFiberInDEV (node_modules/react-dom/cjs/react-dom-client.development.js:874:13)
      at warnIfUpdatesNotWrappedWithActDEV (node_modules/react-dom/cjs/react-dom-client.development.js:18757:9)
      at scheduleUpdateOnFiber (node_modules/react-dom/cjs/react-dom-client.development.js:16409:11)
      at dispatchSetStateInternal (node_modules/react-dom/cjs/react-dom-client.development.js:9170:13)
      at dispatchSetState (node_modules/react-dom/cjs/react-dom-client.development.js:9127:7)
      at src/hooks/useAuth.tsx:100:9
      at step (src/hooks/useAuth.tsx:67:23)
      at Object.next (src/hooks/useAuth.tsx:48:53)
      at fulfilled (src/hooks/useAuth.tsx:39:58)

PASS src/__tests__/utils/test-query-client.ts
  Test Query Client Utilities
    Γטת should create a test query client (6 ms)
    Γטת should create mock fetch response (3 ms)
    Γטת should create mock fetch error (4 ms)
    Γטת should create a query wrapper (3 ms)
    Γטת should create a wrapper with client (2 ms)

  console.error
    An update to AuthProvider inside a test was not wrapped in act(...).
    
    When testing, code that causes React state updates should be wrapped into act(...):
    
    act(() => {
      /* fire events that update state */
    });
    /* assert on the output */
    
    This ensures that you're testing the behavior the user would see in the browser. Learn more at https://react.dev/link/wrap-tests-with-act

    [0m [90m 104 |[39m       setError(error[33m.[39mmessage [33m||[39m [32m'Failed to create account'[39m)[33m;[39m
     [90m 105 |[39m     } [36mfinally[39m {
    [31m[1m>[22m[39m[90m 106 |[39m       setLoading([36mfalse[39m)[33m;[39m
     [90m     |[39m       [31m[1m^[22m[39m
     [90m 107 |[39m     }
     [90m 108 |[39m   }[33m;[39m
     [90m 109 |[39m[0m

      at node_modules/react-dom/cjs/react-dom-client.development.js:18758:19
      at runWithFiberInDEV (node_modules/react-dom/cjs/react-dom-client.development.js:874:13)
      at warnIfUpdatesNotWrappedWithActDEV (node_modules/react-dom/cjs/react-dom-client.development.js:18757:9)
      at scheduleUpdateOnFiber (node_modules/react-dom/cjs/react-dom-client.development.js:16409:11)
      at dispatchSetStateInternal (node_modules/react-dom/cjs/react-dom-client.development.js:9170:13)
      at dispatchSetState (node_modules/react-dom/cjs/react-dom-client.development.js:9127:7)
      at src/hooks/useAuth.tsx:106:7
      at step (src/hooks/useAuth.tsx:67:23)
      at Object.next (src/hooks/useAuth.tsx:48:53)
      at fulfilled (src/hooks/useAuth.tsx:39:58)

PASS src/__tests__/components/ui/separator.test.tsx
  Separator Component
    Horizontal Separator
      Γטת renders horizontal separator by default (22 ms)
      Γטת applies horizontal styles (7 ms)
      Γטת applies custom className (5 ms)
      Γטת is decorative by default (10 ms)
    Vertical Separator
      Γטת renders vertical separator when orientation is vertical (9 ms)
      Γטת applies vertical styles (10 ms)
      Γטת applies custom className with vertical orientation (5 ms)
    Decorative Property
      Γטת is decorative when decorative prop is true (11 ms)
      Γטת is decorative when decorative prop is not specified (default) (15 ms)
      Γטת is not decorative when decorative prop is false (86 ms)
    Accessibility
      Γטת has proper role attribute (4 ms)
      Γטת has correct aria-orientation for horizontal (12 ms)
      Γטת has correct aria-orientation for vertical (7 ms)
      Γטת has aria-hidden when decorative (10 ms)
      Γטת does not have aria-hidden when not decorative (39 ms)
    Styling Variations
      Γטת applies multiple custom classes (9 ms)
      Γטת combines default classes with custom classes (3 ms)
      Γטת combines vertical default classes with custom classes (9 ms)
    Data Attributes
      Γטת supports custom data attributes (11 ms)
      Γטת supports multiple data attributes (15 ms)
    Forward Ref
      Γטת forwards ref correctly (10 ms)
      Γטת ref has correct element type (5 ms)
    Layout Context
      Γטת works in flex container horizontally (16 ms)
      Γטת works in flex container vertically (12 ms)
    Edge Cases
      Γטת handles empty className (6 ms)
      Γטת handles undefined className (10 ms)
      Γטת handles explicit horizontal orientation (13 ms)

  console.error
    An update to AuthProvider inside a test was not wrapped in act(...).
    
    When testing, code that causes React state updates should be wrapped into act(...):
    
    act(() => {
      /* fire events that update state */
    });
    /* assert on the output */
    
    This ensures that you're testing the behavior the user would see in the browser. Learn more at https://react.dev/link/wrap-tests-with-act

    [0m [90m 111 |[39m   [36mconst[39m handleSignOut [33m=[39m [36masync[39m () [33m=>[39m {
     [90m 112 |[39m     [36mtry[39m {
    [31m[1m>[22m[39m[90m 113 |[39m       setLoading([36mtrue[39m)[33m;[39m
     [90m     |[39m       [31m[1m^[22m[39m
     [90m 114 |[39m       setError([36mnull[39m)[33m;[39m
     [90m 115 |[39m       
     [90m 116 |[39m       [90m// Use AuthService for sign out[39m[0m

      at node_modules/react-dom/cjs/react-dom-client.development.js:18758:19
      at runWithFiberInDEV (node_modules/react-dom/cjs/react-dom-client.development.js:874:13)
      at warnIfUpdatesNotWrappedWithActDEV (node_modules/react-dom/cjs/react-dom-client.development.js:18757:9)
      at scheduleUpdateOnFiber (node_modules/react-dom/cjs/react-dom-client.development.js:16409:11)
      at dispatchSetStateInternal (node_modules/react-dom/cjs/react-dom-client.development.js:9170:13)
      at dispatchSetState (node_modules/react-dom/cjs/react-dom-client.development.js:9127:7)
      at src/hooks/useAuth.tsx:113:7
      at step (src/hooks/useAuth.tsx:67:23)
      at Object.next (src/hooks/useAuth.tsx:48:53)
      at src/hooks/useAuth.tsx:42:71
      at __awaiter (src/hooks/useAuth.tsx:38:12)
      at Object.handleSignOut [as signOut] (src/hooks/useAuth.tsx:111:25)
      at src/__tests__/hooks/useAuthQuery.test.tsx:181:28
      at step (src/__tests__/hooks/useAuthQuery.test.tsx:44:23)
      at Object.next (src/__tests__/hooks/useAuthQuery.test.tsx:25:53)
      at src/__tests__/hooks/useAuthQuery.test.tsx:19:71
      at __awaiter (src/__tests__/hooks/useAuthQuery.test.tsx:15:12)
      at Object.<anonymous> (src/__tests__/hooks/useAuthQuery.test.tsx:172:40)

  console.error
    An update to AuthProvider inside a test was not wrapped in act(...).
    
    When testing, code that causes React state updates should be wrapped into act(...):
    
    act(() => {
      /* fire events that update state */
    });
    /* assert on the output */
    
    This ensures that you're testing the behavior the user would see in the browser. Learn more at https://react.dev/link/wrap-tests-with-act

    [0m [90m 112 |[39m     [36mtry[39m {
     [90m 113 |[39m       setLoading([36mtrue[39m)[33m;[39m
    [31m[1m>[22m[39m[90m 114 |[39m       setError([36mnull[39m)[33m;[39m
     [90m     |[39m       [31m[1m^[22m[39m
     [90m 115 |[39m       
     [90m 116 |[39m       [90m// Use AuthService for sign out[39m
     [90m 117 |[39m       [36mconst[39m result [33m=[39m [36mawait[39m authService[33m.[39msignOut()[33m;[39m[0m

      at node_modules/react-dom/cjs/react-dom-client.development.js:18758:19
      at runWithFiberInDEV (node_modules/react-dom/cjs/react-dom-client.development.js:874:13)
      at warnIfUpdatesNotWrappedWithActDEV (node_modules/react-dom/cjs/react-dom-client.development.js:18757:9)
      at scheduleUpdateOnFiber (node_modules/react-dom/cjs/react-dom-client.development.js:16409:11)
      at dispatchSetStateInternal (node_modules/react-dom/cjs/react-dom-client.development.js:9170:13)
      at dispatchSetState (node_modules/react-dom/cjs/react-dom-client.development.js:9127:7)
      at src/hooks/useAuth.tsx:114:7
      at step (src/hooks/useAuth.tsx:67:23)
      at Object.next (src/hooks/useAuth.tsx:48:53)
      at src/hooks/useAuth.tsx:42:71
      at __awaiter (src/hooks/useAuth.tsx:38:12)
      at Object.handleSignOut [as signOut] (src/hooks/useAuth.tsx:111:25)
      at src/__tests__/hooks/useAuthQuery.test.tsx:181:28
      at step (src/__tests__/hooks/useAuthQuery.test.tsx:44:23)
      at Object.next (src/__tests__/hooks/useAuthQuery.test.tsx:25:53)
      at src/__tests__/hooks/useAuthQuery.test.tsx:19:71
      at __awaiter (src/__tests__/hooks/useAuthQuery.test.tsx:15:12)
      at Object.<anonymous> (src/__tests__/hooks/useAuthQuery.test.tsx:172:40)

  console.error
    An update to AuthProvider inside a test was not wrapped in act(...).
    
    When testing, code that causes React state updates should be wrapped into act(...):
    
    act(() => {
      /* fire events that update state */
    });
    /* assert on the output */
    
    This ensures that you're testing the behavior the user would see in the browser. Learn more at https://react.dev/link/wrap-tests-with-act

    [0m [90m 37 |[39m   [36mconst[39m syncAuthState [33m=[39m useCallback(() [33m=>[39m {
     [90m 38 |[39m     [36mconst[39m authState [33m=[39m authService[33m.[39mgetState()[33m;[39m
    [31m[1m>[22m[39m[90m 39 |[39m     setUser(authState[33m.[39muser)[33m;[39m
     [90m    |[39m     [31m[1m^[22m[39m
     [90m 40 |[39m     setLoading(authState[33m.[39misLoading)[33m;[39m
     [90m 41 |[39m     setError(authState[33m.[39merror)[33m;[39m
     [90m 42 |[39m   }[33m,[39m [])[33m;[39m[0m

      at node_modules/react-dom/cjs/react-dom-client.development.js:18758:19
      at runWithFiberInDEV (node_modules/react-dom/cjs/react-dom-client.development.js:874:13)
      at warnIfUpdatesNotWrappedWithActDEV (node_modules/react-dom/cjs/react-dom-client.development.js:18757:9)
      at scheduleUpdateOnFiber (node_modules/react-dom/cjs/react-dom-client.development.js:16409:11)
      at dispatchSetStateInternal (node_modules/react-dom/cjs/react-dom-client.development.js:9170:13)
      at dispatchSetState (node_modules/react-dom/cjs/react-dom-client.development.js:9127:7)
      at src/hooks/useAuth.tsx:39:5
      at src/hooks/useAuth.tsx:120:9
      at step (src/hooks/useAuth.tsx:67:23)
      at Object.next (src/hooks/useAuth.tsx:48:53)
      at fulfilled (src/hooks/useAuth.tsx:39:58)

  console.error
    Error: Not implemented: HTMLFormElement.prototype.requestSubmit
        at module.exports (C:\Users\shova\Downloads\GMShoot\gmshooter-v2\node_modules\jsdom\lib\jsdom\browser\not-implemented.js:9:17)
        at HTMLFormElementImpl.requestSubmit (C:\Users\shova\Downloads\GMShoot\gmshooter-v2\node_modules\jsdom\lib\jsdom\living\nodes\HTMLFormElement-impl.js:113:5)
        at HTMLFormElementImpl._doRequestSubmit (C:\Users\shova\Downloads\GMShoot\gmshooter-v2\node_modules\jsdom\lib\jsdom\living\nodes\HTMLFormElement-impl.js:79:10)
        at HTMLButtonElementImpl._activationBehavior (C:\Users\shova\Downloads\GMShoot\gmshooter-v2\node_modules\jsdom\lib\jsdom\living\nodes\HTMLButtonElement-impl.js:23:14)
        at HTMLButtonElementImpl._dispatch (C:\Users\shova\Downloads\GMShoot\gmshooter-v2\node_modules\jsdom\lib\jsdom\living\events\EventTarget-impl.js:252:26)
        at HTMLButtonElementImpl.dispatchEvent (C:\Users\shova\Downloads\GMShoot\gmshooter-v2\node_modules\jsdom\lib\jsdom\living\events\EventTarget-impl.js:104:17)
        at HTMLButtonElement.dispatchEvent (C:\Users\shova\Downloads\GMShoot\gmshooter-v2\node_modules\jsdom\lib\jsdom\living\generated\EventTarget.js:241:34)
        at dispatchEvent (C:\Users\shova\Downloads\GMShoot\gmshooter-v2\node_modules\@testing-library\user-event\dist\cjs\event\dispatchEvent.js:45:43)
        at cb (C:\Users\shova\Downloads\GMShoot\gmshooter-v2\node_modules\@testing-library\react\dist\pure.js:108:16)
        at callback (C:\Users\shova\Downloads\GMShoot\gmshooter-v2\node_modules\@testing-library\react\dist\act-compat.js:48:24)
        at process.env.NODE_ENV.exports.act (C:\Users\shova\Downloads\GMShoot\gmshooter-v2\node_modules\react\cjs\react.development.js:814:22)
        at actImplementation (C:\Users\shova\Downloads\GMShoot\gmshooter-v2\node_modules\@testing-library\react\dist\act-compat.js:47:25)
        at Object.eventWrapper (C:\Users\shova\Downloads\GMShoot\gmshooter-v2\node_modules\@testing-library\react\dist\pure.js:107:27)
        at Object.eventWrapper [as wrapEvent] (C:\Users\shova\Downloads\GMShoot\gmshooter-v2\node_modules\@testing-library\user-event\dist\cjs\event\wrapEvent.js:6:28)
        at Object.wrapEvent (C:\Users\shova\Downloads\GMShoot\gmshooter-v2\node_modules\@testing-library\user-event\dist\cjs\event\dispatchEvent.js:45:22)
        at Object.call (C:\Users\shova\Downloads\GMShoot\gmshooter-v2\node_modules\@testing-library\user-event\dist\cjs\event\dispatchEvent.js:22:26)
        at Mouse.dispatchUIEvent [as up] (C:\Users\shova\Downloads\GMShoot\gmshooter-v2\node_modules\@testing-library\user-event\dist\cjs\system\pointer\mouse.js:100:30)
        at PointerHost.up [as release] (C:\Users\shova\Downloads\GMShoot\gmshooter-v2\node_modules\@testing-library\user-event\dist\cjs\system\pointer\index.js:87:24)
        at release (C:\Users\shova\Downloads\GMShoot\gmshooter-v2\node_modules\@testing-library\user-event\dist\cjs\pointer\index.js:54:47)
        at Object.pointer (C:\Users\shova\Downloads\GMShoot\gmshooter-v2\node_modules\@testing-library\user-event\dist\cjs\pointer\index.js:27:9)
        at Object.asyncWrapper (C:\Users\shova\Downloads\GMShoot\gmshooter-v2\node_modules\@testing-library\react\dist\pure.js:88:22) {
      type: 'not implemented'
    }

      at VirtualConsole.<anonymous> (node_modules/jest-environment-jsdom/build/index.js:63:23)
      at module.exports (node_modules/jsdom/lib/jsdom/browser/not-implemented.js:12:26)
      at HTMLFormElementImpl.requestSubmit (node_modules/jsdom/lib/jsdom/living/nodes/HTMLFormElement-impl.js:113:5)
      at HTMLFormElementImpl._doRequestSubmit (node_modules/jsdom/lib/jsdom/living/nodes/HTMLFormElement-impl.js:79:10)
      at HTMLButtonElementImpl._activationBehavior (node_modules/jsdom/lib/jsdom/living/nodes/HTMLButtonElement-impl.js:23:14)
      at HTMLButtonElementImpl._dispatch (node_modules/jsdom/lib/jsdom/living/events/EventTarget-impl.js:252:26)
      at HTMLButtonElementImpl.dispatchEvent (node_modules/jsdom/lib/jsdom/living/events/EventTarget-impl.js:104:17)
      at HTMLButtonElement.dispatchEvent (node_modules/jsdom/lib/jsdom/living/generated/EventTarget.js:241:34)
      at dispatchEvent (node_modules/@testing-library/user-event/dist/cjs/event/dispatchEvent.js:45:43)
      at cb (node_modules/@testing-library/react/dist/pure.js:108:16)
      at callback (node_modules/@testing-library/react/dist/act-compat.js:48:24)
      at process.env.NODE_ENV.exports.act (node_modules/react/cjs/react.development.js:814:22)
      at actImplementation (node_modules/@testing-library/react/dist/act-compat.js:47:25)
      at Object.eventWrapper (node_modules/@testing-library/react/dist/pure.js:107:27)
      at Object.eventWrapper [as wrapEvent] (node_modules/@testing-library/user-event/dist/cjs/event/wrapEvent.js:6:28)
      at Object.wrapEvent (node_modules/@testing-library/user-event/dist/cjs/event/dispatchEvent.js:45:22)
      at Object.call (node_modules/@testing-library/user-event/dist/cjs/event/dispatchEvent.js:22:26)
      at Mouse.dispatchUIEvent [as up] (node_modules/@testing-library/user-event/dist/cjs/system/pointer/mouse.js:100:30)
      at PointerHost.up [as release] (node_modules/@testing-library/user-event/dist/cjs/system/pointer/index.js:87:24)
      at release (node_modules/@testing-library/user-event/dist/cjs/pointer/index.js:54:47)
      at Object.pointer (node_modules/@testing-library/user-event/dist/cjs/pointer/index.js:27:9)
      at Object.asyncWrapper (node_modules/@testing-library/react/dist/pure.js:88:22)

  console.error
    An update to AuthProvider inside a test was not wrapped in act(...).
    
    When testing, code that causes React state updates should be wrapped into act(...):
    
    act(() => {
      /* fire events that update state */
    });
    /* assert on the output */
    
    This ensures that you're testing the behavior the user would see in the browser. Learn more at https://react.dev/link/wrap-tests-with-act

    [0m [90m 38 |[39m     [36mconst[39m authState [33m=[39m authService[33m.[39mgetState()[33m;[39m
     [90m 39 |[39m     setUser(authState[33m.[39muser)[33m;[39m
    [31m[1m>[22m[39m[90m 40 |[39m     setLoading(authState[33m.[39misLoading)[33m;[39m
     [90m    |[39m     [31m[1m^[22m[39m
     [90m 41 |[39m     setError(authState[33m.[39merror)[33m;[39m
     [90m 42 |[39m   }[33m,[39m [])[33m;[39m
     [90m 43 |[39m[0m

      at node_modules/react-dom/cjs/react-dom-client.development.js:18758:19
      at runWithFiberInDEV (node_modules/react-dom/cjs/react-dom-client.development.js:874:13)
      at warnIfUpdatesNotWrappedWithActDEV (node_modules/react-dom/cjs/react-dom-client.development.js:18757:9)
      at scheduleUpdateOnFiber (node_modules/react-dom/cjs/react-dom-client.development.js:16409:11)
      at dispatchSetStateInternal (node_modules/react-dom/cjs/react-dom-client.development.js:9170:13)
      at dispatchSetState (node_modules/react-dom/cjs/react-dom-client.development.js:9127:7)
      at src/hooks/useAuth.tsx:40:5
      at src/hooks/useAuth.tsx:120:9
      at step (src/hooks/useAuth.tsx:67:23)
      at Object.next (src/hooks/useAuth.tsx:48:53)
      at fulfilled (src/hooks/useAuth.tsx:39:58)

  console.error
    An update to AuthProvider inside a test was not wrapped in act(...).
    
    When testing, code that causes React state updates should be wrapped into act(...):
    
    act(() => {
      /* fire events that update state */
    });
    /* assert on the output */
    
    This ensures that you're testing the behavior the user would see in the browser. Learn more at https://react.dev/link/wrap-tests-with-act

    [0m [90m 39 |[39m     setUser(authState[33m.[39muser)[33m;[39m
     [90m 40 |[39m     setLoading(authState[33m.[39misLoading)[33m;[39m
    [31m[1m>[22m[39m[90m 41 |[39m     setError(authState[33m.[39merror)[33m;[39m
     [90m    |[39m     [31m[1m^[22m[39m
     [90m 42 |[39m   }[33m,[39m [])[33m;[39m
     [90m 43 |[39m
     [90m 44 |[39m   [90m// Handle Google sign in (uses Supabase OAuth)[39m[0m

      at node_modules/react-dom/cjs/react-dom-client.development.js:18758:19
      at runWithFiberInDEV (node_modules/react-dom/cjs/react-dom-client.development.js:874:13)
      at warnIfUpdatesNotWrappedWithActDEV (node_modules/react-dom/cjs/react-dom-client.development.js:18757:9)
      at scheduleUpdateOnFiber (node_modules/react-dom/cjs/react-dom-client.development.js:16409:11)
      at dispatchSetStateInternal (node_modules/react-dom/cjs/react-dom-client.development.js:9170:13)
      at dispatchSetState (node_modules/react-dom/cjs/react-dom-client.development.js:9127:7)
      at src/hooks/useAuth.tsx:41:5
      at src/hooks/useAuth.tsx:120:9
      at step (src/hooks/useAuth.tsx:67:23)
      at Object.next (src/hooks/useAuth.tsx:48:53)
      at fulfilled (src/hooks/useAuth.tsx:39:58)

  console.error
    An update to AuthProvider inside a test was not wrapped in act(...).
    
    When testing, code that causes React state updates should be wrapped into act(...):
    
    act(() => {
      /* fire events that update state */
    });
    /* assert on the output */
    
    This ensures that you're testing the behavior the user would see in the browser. Learn more at https://react.dev/link/wrap-tests-with-act

    [0m [90m 126 |[39m       setError(error[33m.[39mmessage [33m||[39m [32m'Failed to sign out'[39m)[33m;[39m
     [90m 127 |[39m     } [36mfinally[39m {
    [31m[1m>[22m[39m[90m 128 |[39m       setLoading([36mfalse[39m)[33m;[39m
     [90m     |[39m       [31m[1m^[22m[39m
     [90m 129 |[39m     }
     [90m 130 |[39m   }[33m;[39m
     [90m 131 |[39m[0m

      at node_modules/react-dom/cjs/react-dom-client.development.js:18758:19
      at runWithFiberInDEV (node_modules/react-dom/cjs/react-dom-client.development.js:874:13)
      at warnIfUpdatesNotWrappedWithActDEV (node_modules/react-dom/cjs/react-dom-client.development.js:18757:9)
      at scheduleUpdateOnFiber (node_modules/react-dom/cjs/react-dom-client.development.js:16409:11)
      at dispatchSetStateInternal (node_modules/react-dom/cjs/react-dom-client.development.js:9170:13)
      at dispatchSetState (node_modules/react-dom/cjs/react-dom-client.development.js:9127:7)
      at src/hooks/useAuth.tsx:128:7
      at step (src/hooks/useAuth.tsx:67:23)
      at Object.next (src/hooks/useAuth.tsx:48:53)
      at fulfilled (src/hooks/useAuth.tsx:39:58)

  console.error
    An update to AuthProvider inside a test was not wrapped in act(...).
    
    When testing, code that causes React state updates should be wrapped into act(...):
    
    act(() => {
      /* fire events that update state */
    });
    /* assert on the output */
    
    This ensures that you're testing the behavior the user would see in the browser. Learn more at https://react.dev/link/wrap-tests-with-act

    [0m [90m 111 |[39m   [36mconst[39m handleSignOut [33m=[39m [36masync[39m () [33m=>[39m {
     [90m 112 |[39m     [36mtry[39m {
    [31m[1m>[22m[39m[90m 113 |[39m       setLoading([36mtrue[39m)[33m;[39m
     [90m     |[39m       [31m[1m^[22m[39m
     [90m 114 |[39m       setError([36mnull[39m)[33m;[39m
     [90m 115 |[39m       
     [90m 116 |[39m       [90m// Use AuthService for sign out[39m[0m

      at node_modules/react-dom/cjs/react-dom-client.development.js:18758:19
      at runWithFiberInDEV (node_modules/react-dom/cjs/react-dom-client.development.js:874:13)
      at warnIfUpdatesNotWrappedWithActDEV (node_modules/react-dom/cjs/react-dom-client.development.js:18757:9)
      at scheduleUpdateOnFiber (node_modules/react-dom/cjs/react-dom-client.development.js:16409:11)
      at dispatchSetStateInternal (node_modules/react-dom/cjs/react-dom-client.development.js:9170:13)
      at dispatchSetState (node_modules/react-dom/cjs/react-dom-client.development.js:9127:7)
      at src/hooks/useAuth.tsx:113:7
      at step (src/hooks/useAuth.tsx:67:23)
      at Object.next (src/hooks/useAuth.tsx:48:53)
      at src/hooks/useAuth.tsx:42:71
      at __awaiter (src/hooks/useAuth.tsx:38:12)
      at Object.handleSignOut [as signOut] (src/hooks/useAuth.tsx:111:25)
      at src/__tests__/hooks/useAuthQuery.test.tsx:200:28
      at step (src/__tests__/hooks/useAuthQuery.test.tsx:44:23)
      at Object.next (src/__tests__/hooks/useAuthQuery.test.tsx:25:53)
      at src/__tests__/hooks/useAuthQuery.test.tsx:19:71
      at __awaiter (src/__tests__/hooks/useAuthQuery.test.tsx:15:12)
      at Object.<anonymous> (src/__tests__/hooks/useAuthQuery.test.tsx:191:40)

  console.error
    An update to AuthProvider inside a test was not wrapped in act(...).
    
    When testing, code that causes React state updates should be wrapped into act(...):
    
    act(() => {
      /* fire events that update state */
    });
    /* assert on the output */
    
    This ensures that you're testing the behavior the user would see in the browser. Learn more at https://react.dev/link/wrap-tests-with-act

    [0m [90m 112 |[39m     [36mtry[39m {
     [90m 113 |[39m       setLoading([36mtrue[39m)[33m;[39m
    [31m[1m>[22m[39m[90m 114 |[39m       setError([36mnull[39m)[33m;[39m
     [90m     |[39m       [31m[1m^[22m[39m
     [90m 115 |[39m       
     [90m 116 |[39m       [90m// Use AuthService for sign out[39m
     [90m 117 |[39m       [36mconst[39m result [33m=[39m [36mawait[39m authService[33m.[39msignOut()[33m;[39m[0m

      at node_modules/react-dom/cjs/react-dom-client.development.js:18758:19
      at runWithFiberInDEV (node_modules/react-dom/cjs/react-dom-client.development.js:874:13)
      at warnIfUpdatesNotWrappedWithActDEV (node_modules/react-dom/cjs/react-dom-client.development.js:18757:9)
      at scheduleUpdateOnFiber (node_modules/react-dom/cjs/react-dom-client.development.js:16409:11)
      at dispatchSetStateInternal (node_modules/react-dom/cjs/react-dom-client.development.js:9170:13)
      at dispatchSetState (node_modules/react-dom/cjs/react-dom-client.development.js:9127:7)
      at src/hooks/useAuth.tsx:114:7
      at step (src/hooks/useAuth.tsx:67:23)
      at Object.next (src/hooks/useAuth.tsx:48:53)
      at src/hooks/useAuth.tsx:42:71
      at __awaiter (src/hooks/useAuth.tsx:38:12)
      at Object.handleSignOut [as signOut] (src/hooks/useAuth.tsx:111:25)
      at src/__tests__/hooks/useAuthQuery.test.tsx:200:28
      at step (src/__tests__/hooks/useAuthQuery.test.tsx:44:23)
      at Object.next (src/__tests__/hooks/useAuthQuery.test.tsx:25:53)
      at src/__tests__/hooks/useAuthQuery.test.tsx:19:71
      at __awaiter (src/__tests__/hooks/useAuthQuery.test.tsx:15:12)
      at Object.<anonymous> (src/__tests__/hooks/useAuthQuery.test.tsx:191:40)

  console.error
    An update to AuthProvider inside a test was not wrapped in act(...).
    
    When testing, code that causes React state updates should be wrapped into act(...):
    
    act(() => {
      /* fire events that update state */
    });
    /* assert on the output */
    
    This ensures that you're testing the behavior the user would see in the browser. Learn more at https://react.dev/link/wrap-tests-with-act

    [0m [90m 120 |[39m         syncAuthState()[33m;[39m
     [90m 121 |[39m       } [36melse[39m {
    [31m[1m>[22m[39m[90m 122 |[39m         setError(result[33m.[39merror [33m||[39m [32m'Failed to sign out'[39m)[33m;[39m
     [90m     |[39m         [31m[1m^[22m[39m
     [90m 123 |[39m       }
     [90m 124 |[39m     } [36mcatch[39m (error[33m:[39m any) {
     [90m 125 |[39m       [90m// console.error('Sign out error:', error);[39m[0m

      at node_modules/react-dom/cjs/react-dom-client.development.js:18758:19
      at runWithFiberInDEV (node_modules/react-dom/cjs/react-dom-client.development.js:874:13)
      at warnIfUpdatesNotWrappedWithActDEV (node_modules/react-dom/cjs/react-dom-client.development.js:18757:9)
      at scheduleUpdateOnFiber (node_modules/react-dom/cjs/react-dom-client.development.js:16409:11)
      at dispatchSetStateInternal (node_modules/react-dom/cjs/react-dom-client.development.js:9170:13)
      at dispatchSetState (node_modules/react-dom/cjs/react-dom-client.development.js:9127:7)
      at src/hooks/useAuth.tsx:122:9
      at step (src/hooks/useAuth.tsx:67:23)
      at Object.next (src/hooks/useAuth.tsx:48:53)
      at fulfilled (src/hooks/useAuth.tsx:39:58)

PASS src/__tests__/components/ui/select.test.tsx (10.448 s)
  Select Components
    SelectTrigger
      Γטת renders trigger correctly (372 ms)
      Γטת applies default classes (112 ms)
      Γטת applies custom className (62 ms)
      Γטת displays placeholder text (69 ms)
      Γטת displays selected value (100 ms)
    Select with Options
      Γטת renders select with options (183 ms)
      Γטת opens dropdown when trigger is clicked (523 ms)
      Γטת handles value change (344 ms)
    SelectItem
      Γטת renders item correctly (54 ms)
      Γטת applies item classes (50 ms)
    SelectGroup
      Γטת renders group with items (78 ms)
    SelectLabel
      Γטת renders label correctly (57 ms)
    SelectSeparator
      Γטת renders separator correctly (79 ms)
    Select with Disabled State
      Γטת handles disabled state (62 ms)
    Select with Custom Styling
      Γטת applies custom classes to all components (57 ms)
    Select Accessibility
      Γטת has proper ARIA attributes (90 ms)
      Γטת supports keyboard navigation (350 ms)
    Select Form Integration
      Γטת works with form submission (453 ms)

  console.error
    An update to AuthProvider inside a test was not wrapped in act(...).
    
    When testing, code that causes React state updates should be wrapped into act(...):
    
    act(() => {
      /* fire events that update state */
    });
    /* assert on the output */
    
    This ensures that you're testing the behavior the user would see in the browser. Learn more at https://react.dev/link/wrap-tests-with-act

    [0m [90m 126 |[39m       setError(error[33m.[39mmessage [33m||[39m [32m'Failed to sign out'[39m)[33m;[39m
     [90m 127 |[39m     } [36mfinally[39m {
    [31m[1m>[22m[39m[90m 128 |[39m       setLoading([36mfalse[39m)[33m;[39m
     [90m     |[39m       [31m[1m^[22m[39m
     [90m 129 |[39m     }
     [90m 130 |[39m   }[33m;[39m
     [90m 131 |[39m[0m

      at node_modules/react-dom/cjs/react-dom-client.development.js:18758:19
      at runWithFiberInDEV (node_modules/react-dom/cjs/react-dom-client.development.js:874:13)
      at warnIfUpdatesNotWrappedWithActDEV (node_modules/react-dom/cjs/react-dom-client.development.js:18757:9)
      at scheduleUpdateOnFiber (node_modules/react-dom/cjs/react-dom-client.development.js:16409:11)
      at dispatchSetStateInternal (node_modules/react-dom/cjs/react-dom-client.development.js:9170:13)
      at dispatchSetState (node_modules/react-dom/cjs/react-dom-client.development.js:9127:7)
      at src/hooks/useAuth.tsx:128:7
      at step (src/hooks/useAuth.tsx:67:23)
      at Object.next (src/hooks/useAuth.tsx:48:53)
      at fulfilled (src/hooks/useAuth.tsx:39:58)

  console.error
    An update to AuthProvider inside a test was not wrapped in act(...).
    
    When testing, code that causes React state updates should be wrapped into act(...):
    
    act(() => {
      /* fire events that update state */
    });
    /* assert on the output */
    
    This ensures that you're testing the behavior the user would see in the browser. Learn more at https://react.dev/link/wrap-tests-with-act

    [0m [90m 67 |[39m   [36mconst[39m handleEmailSignIn [33m=[39m [36masync[39m (email[33m:[39m string[33m,[39m password[33m:[39m string) [33m=>[39m {
     [90m 68 |[39m     [36mtry[39m {
    [31m[1m>[22m[39m[90m 69 |[39m       setLoading([36mtrue[39m)[33m;[39m
     [90m    |[39m       [31m[1m^[22m[39m
     [90m 70 |[39m       setError([36mnull[39m)[33m;[39m
     [90m 71 |[39m       
     [90m 72 |[39m       [90m// Use AuthService for email authentication[39m[0m

      at node_modules/react-dom/cjs/react-dom-client.development.js:18758:19
      at runWithFiberInDEV (node_modules/react-dom/cjs/react-dom-client.development.js:874:13)
      at warnIfUpdatesNotWrappedWithActDEV (node_modules/react-dom/cjs/react-dom-client.development.js:18757:9)
      at scheduleUpdateOnFiber (node_modules/react-dom/cjs/react-dom-client.development.js:16409:11)
      at dispatchSetStateInternal (node_modules/react-dom/cjs/react-dom-client.development.js:9170:13)
      at dispatchSetState (node_modules/react-dom/cjs/react-dom-client.development.js:9127:7)
      at src/hooks/useAuth.tsx:69:7
      at step (src/hooks/useAuth.tsx:67:23)
      at Object.next (src/hooks/useAuth.tsx:48:53)
      at src/hooks/useAuth.tsx:42:71
      at __awaiter (src/hooks/useAuth.tsx:38:12)
      at Object.handleEmailSignIn [as signInWithEmail] (src/hooks/useAuth.tsx:67:67)
      at src/__tests__/hooks/useAuthQuery.test.tsx:224:28
      at step (src/__tests__/hooks/useAuthQuery.test.tsx:44:23)
      at Object.next (src/__tests__/hooks/useAuthQuery.test.tsx:25:53)
      at src/__tests__/hooks/useAuthQuery.test.tsx:19:71
      at __awaiter (src/__tests__/hooks/useAuthQuery.test.tsx:15:12)
      at Object.<anonymous> (src/__tests__/hooks/useAuthQuery.test.tsx:213:46)

  console.error
    An update to AuthProvider inside a test was not wrapped in act(...).
    
    When testing, code that causes React state updates should be wrapped into act(...):
    
    act(() => {
      /* fire events that update state */
    });
    /* assert on the output */
    
    This ensures that you're testing the behavior the user would see in the browser. Learn more at https://react.dev/link/wrap-tests-with-act

    [0m [90m 68 |[39m     [36mtry[39m {
     [90m 69 |[39m       setLoading([36mtrue[39m)[33m;[39m
    [31m[1m>[22m[39m[90m 70 |[39m       setError([36mnull[39m)[33m;[39m
     [90m    |[39m       [31m[1m^[22m[39m
     [90m 71 |[39m       
     [90m 72 |[39m       [90m// Use AuthService for email authentication[39m
     [90m 73 |[39m       [36mconst[39m result [33m=[39m [36mawait[39m authService[33m.[39msignIn({ email[33m,[39m password })[33m;[39m[0m

      at node_modules/react-dom/cjs/react-dom-client.development.js:18758:19
      at runWithFiberInDEV (node_modules/react-dom/cjs/react-dom-client.development.js:874:13)
      at warnIfUpdatesNotWrappedWithActDEV (node_modules/react-dom/cjs/react-dom-client.development.js:18757:9)
      at scheduleUpdateOnFiber (node_modules/react-dom/cjs/react-dom-client.development.js:16409:11)
      at dispatchSetStateInternal (node_modules/react-dom/cjs/react-dom-client.development.js:9170:13)
      at dispatchSetState (node_modules/react-dom/cjs/react-dom-client.development.js:9127:7)
      at src/hooks/useAuth.tsx:70:7
      at step (src/hooks/useAuth.tsx:67:23)
      at Object.next (src/hooks/useAuth.tsx:48:53)
      at src/hooks/useAuth.tsx:42:71
      at __awaiter (src/hooks/useAuth.tsx:38:12)
      at Object.handleEmailSignIn [as signInWithEmail] (src/hooks/useAuth.tsx:67:67)
      at src/__tests__/hooks/useAuthQuery.test.tsx:224:28
      at step (src/__tests__/hooks/useAuthQuery.test.tsx:44:23)
      at Object.next (src/__tests__/hooks/useAuthQuery.test.tsx:25:53)
      at src/__tests__/hooks/useAuthQuery.test.tsx:19:71
      at __awaiter (src/__tests__/hooks/useAuthQuery.test.tsx:15:12)
      at Object.<anonymous> (src/__tests__/hooks/useAuthQuery.test.tsx:213:46)

  console.error
    An update to AuthProvider inside a test was not wrapped in act(...).
    
    When testing, code that causes React state updates should be wrapped into act(...):
    
    act(() => {
      /* fire events that update state */
    });
    /* assert on the output */
    
    This ensures that you're testing the behavior the user would see in the browser. Learn more at https://react.dev/link/wrap-tests-with-act

    [0m [90m 37 |[39m   [36mconst[39m syncAuthState [33m=[39m useCallback(() [33m=>[39m {
     [90m 38 |[39m     [36mconst[39m authState [33m=[39m authService[33m.[39mgetState()[33m;[39m
    [31m[1m>[22m[39m[90m 39 |[39m     setUser(authState[33m.[39muser)[33m;[39m
     [90m    |[39m     [31m[1m^[22m[39m
     [90m 40 |[39m     setLoading(authState[33m.[39misLoading)[33m;[39m
     [90m 41 |[39m     setError(authState[33m.[39merror)[33m;[39m
     [90m 42 |[39m   }[33m,[39m [])[33m;[39m[0m

      at node_modules/react-dom/cjs/react-dom-client.development.js:18758:19
      at runWithFiberInDEV (node_modules/react-dom/cjs/react-dom-client.development.js:874:13)
      at warnIfUpdatesNotWrappedWithActDEV (node_modules/react-dom/cjs/react-dom-client.development.js:18757:9)
      at scheduleUpdateOnFiber (node_modules/react-dom/cjs/react-dom-client.development.js:16409:11)
      at dispatchSetStateInternal (node_modules/react-dom/cjs/react-dom-client.development.js:9170:13)
      at dispatchSetState (node_modules/react-dom/cjs/react-dom-client.development.js:9127:7)
      at src/hooks/useAuth.tsx:39:5
      at src/hooks/useAuth.tsx:76:9
      at step (src/hooks/useAuth.tsx:67:23)
      at Object.next (src/hooks/useAuth.tsx:48:53)
      at fulfilled (src/hooks/useAuth.tsx:39:58)

  console.error
    An update to AuthProvider inside a test was not wrapped in act(...).
    
    When testing, code that causes React state updates should be wrapped into act(...):
    
    act(() => {
      /* fire events that update state */
    });
    /* assert on the output */
    
    This ensures that you're testing the behavior the user would see in the browser. Learn more at https://react.dev/link/wrap-tests-with-act

    [0m [90m 38 |[39m     [36mconst[39m authState [33m=[39m authService[33m.[39mgetState()[33m;[39m
     [90m 39 |[39m     setUser(authState[33m.[39muser)[33m;[39m
    [31m[1m>[22m[39m[90m 40 |[39m     setLoading(authState[33m.[39misLoading)[33m;[39m
     [90m    |[39m     [31m[1m^[22m[39m
     [90m 41 |[39m     setError(authState[33m.[39merror)[33m;[39m
     [90m 42 |[39m   }[33m,[39m [])[33m;[39m
     [90m 43 |[39m[0m

      at node_modules/react-dom/cjs/react-dom-client.development.js:18758:19
      at runWithFiberInDEV (node_modules/react-dom/cjs/react-dom-client.development.js:874:13)
      at warnIfUpdatesNotWrappedWithActDEV (node_modules/react-dom/cjs/react-dom-client.development.js:18757:9)
      at scheduleUpdateOnFiber (node_modules/react-dom/cjs/react-dom-client.development.js:16409:11)
      at dispatchSetStateInternal (node_modules/react-dom/cjs/react-dom-client.development.js:9170:13)
      at dispatchSetState (node_modules/react-dom/cjs/react-dom-client.development.js:9127:7)
      at src/hooks/useAuth.tsx:40:5
      at src/hooks/useAuth.tsx:76:9
      at step (src/hooks/useAuth.tsx:67:23)
      at Object.next (src/hooks/useAuth.tsx:48:53)
      at fulfilled (src/hooks/useAuth.tsx:39:58)

  console.error
    An update to AuthProvider inside a test was not wrapped in act(...).
    
    When testing, code that causes React state updates should be wrapped into act(...):
    
    act(() => {
      /* fire events that update state */
    });
    /* assert on the output */
    
    This ensures that you're testing the behavior the user would see in the browser. Learn more at https://react.dev/link/wrap-tests-with-act

    [0m [90m 39 |[39m     setUser(authState[33m.[39muser)[33m;[39m
     [90m 40 |[39m     setLoading(authState[33m.[39misLoading)[33m;[39m
    [31m[1m>[22m[39m[90m 41 |[39m     setError(authState[33m.[39merror)[33m;[39m
     [90m    |[39m     [31m[1m^[22m[39m
     [90m 42 |[39m   }[33m,[39m [])[33m;[39m
     [90m 43 |[39m
     [90m 44 |[39m   [90m// Handle Google sign in (uses Supabase OAuth)[39m[0m

      at node_modules/react-dom/cjs/react-dom-client.development.js:18758:19
      at runWithFiberInDEV (node_modules/react-dom/cjs/react-dom-client.development.js:874:13)
      at warnIfUpdatesNotWrappedWithActDEV (node_modules/react-dom/cjs/react-dom-client.development.js:18757:9)
      at scheduleUpdateOnFiber (node_modules/react-dom/cjs/react-dom-client.development.js:16409:11)
      at dispatchSetStateInternal (node_modules/react-dom/cjs/react-dom-client.development.js:9170:13)
      at dispatchSetState (node_modules/react-dom/cjs/react-dom-client.development.js:9127:7)
      at src/hooks/useAuth.tsx:41:5
      at src/hooks/useAuth.tsx:76:9
      at step (src/hooks/useAuth.tsx:67:23)
      at Object.next (src/hooks/useAuth.tsx:48:53)
      at fulfilled (src/hooks/useAuth.tsx:39:58)

  console.error
    An update to AuthProvider inside a test was not wrapped in act(...).
    
    When testing, code that causes React state updates should be wrapped into act(...):
    
    act(() => {
      /* fire events that update state */
    });
    /* assert on the output */
    
    This ensures that you're testing the behavior the user would see in the browser. Learn more at https://react.dev/link/wrap-tests-with-act

    [0m [90m 82 |[39m       setError(error[33m.[39mmessage [33m||[39m [32m'Failed to sign in with email'[39m)[33m;[39m
     [90m 83 |[39m     } [36mfinally[39m {
    [31m[1m>[22m[39m[90m 84 |[39m       setLoading([36mfalse[39m)[33m;[39m
     [90m    |[39m       [31m[1m^[22m[39m
     [90m 85 |[39m     }
     [90m 86 |[39m   }[33m;[39m
     [90m 87 |[39m[0m

      at node_modules/react-dom/cjs/react-dom-client.development.js:18758:19
      at runWithFiberInDEV (node_modules/react-dom/cjs/react-dom-client.development.js:874:13)
      at warnIfUpdatesNotWrappedWithActDEV (node_modules/react-dom/cjs/react-dom-client.development.js:18757:9)
      at scheduleUpdateOnFiber (node_modules/react-dom/cjs/react-dom-client.development.js:16409:11)
      at dispatchSetStateInternal (node_modules/react-dom/cjs/react-dom-client.development.js:9170:13)
      at dispatchSetState (node_modules/react-dom/cjs/react-dom-client.development.js:9127:7)
      at src/hooks/useAuth.tsx:84:7
      at step (src/hooks/useAuth.tsx:67:23)
      at Object.next (src/hooks/useAuth.tsx:48:53)
      at fulfilled (src/hooks/useAuth.tsx:39:58)

PASS src/__tests__/components/ui/alert.test.tsx
  Alert Components
    Alert
      Γטת renders with default variant (109 ms)
      Γטת renders with destructive variant (35 ms)
      Γטת applies custom className (12 ms)
      Γטת forwards ref correctly (7 ms)
      Γטת renders children correctly (9 ms)
    AlertTitle
      Γטת renders title text (22 ms)
      Γטת applies custom className (8 ms)
      Γטת forwards ref correctly (5 ms)
    AlertDescription
      Γטת renders description text (7 ms)
      Γטת applies custom className (6 ms)
      Γטת forwards ref correctly (11 ms)
    Combined Alert Components
      Γטת renders complete alert with title and description (11 ms)
      Γטת renders destructive alert with title and description (15 ms)
      Γטת renders alert with complex content (49 ms)

  console.error
    An update to AuthProvider inside a test was not wrapped in act(...).
    
    When testing, code that causes React state updates should be wrapped into act(...):
    
    act(() => {
      /* fire events that update state */
    });
    /* assert on the output */
    
    This ensures that you're testing the behavior the user would see in the browser. Learn more at https://react.dev/link/wrap-tests-with-act

    [0m [90m 67 |[39m   [36mconst[39m handleEmailSignIn [33m=[39m [36masync[39m (email[33m:[39m string[33m,[39m password[33m:[39m string) [33m=>[39m {
     [90m 68 |[39m     [36mtry[39m {
    [31m[1m>[22m[39m[90m 69 |[39m       setLoading([36mtrue[39m)[33m;[39m
     [90m    |[39m       [31m[1m^[22m[39m
     [90m 70 |[39m       setError([36mnull[39m)[33m;[39m
     [90m 71 |[39m       
     [90m 72 |[39m       [90m// Use AuthService for email authentication[39m[0m

      at node_modules/react-dom/cjs/react-dom-client.development.js:18758:19
      at runWithFiberInDEV (node_modules/react-dom/cjs/react-dom-client.development.js:874:13)
      at warnIfUpdatesNotWrappedWithActDEV (node_modules/react-dom/cjs/react-dom-client.development.js:18757:9)
      at scheduleUpdateOnFiber (node_modules/react-dom/cjs/react-dom-client.development.js:16409:11)
      at dispatchSetStateInternal (node_modules/react-dom/cjs/react-dom-client.development.js:9170:13)
      at dispatchSetState (node_modules/react-dom/cjs/react-dom-client.development.js:9127:7)
      at src/hooks/useAuth.tsx:69:7
      at step (src/hooks/useAuth.tsx:67:23)
      at Object.next (src/hooks/useAuth.tsx:48:53)
      at src/hooks/useAuth.tsx:42:71
      at __awaiter (src/hooks/useAuth.tsx:38:12)
      at Object.handleEmailSignIn [as signInWithEmail] (src/hooks/useAuth.tsx:67:67)
      at src/__tests__/hooks/useAuthQuery.test.tsx:245:28
      at step (src/__tests__/hooks/useAuthQuery.test.tsx:44:23)
      at Object.next (src/__tests__/hooks/useAuthQuery.test.tsx:25:53)
      at src/__tests__/hooks/useAuthQuery.test.tsx:19:71
      at __awaiter (src/__tests__/hooks/useAuthQuery.test.tsx:15:12)
      at Object.<anonymous> (src/__tests__/hooks/useAuthQuery.test.tsx:236:54)

  console.error
    An update to AuthProvider inside a test was not wrapped in act(...).
    
    When testing, code that causes React state updates should be wrapped into act(...):
    
    act(() => {
      /* fire events that update state */
    });
    /* assert on the output */
    
    This ensures that you're testing the behavior the user would see in the browser. Learn more at https://react.dev/link/wrap-tests-with-act

    [0m [90m 68 |[39m     [36mtry[39m {
     [90m 69 |[39m       setLoading([36mtrue[39m)[33m;[39m
    [31m[1m>[22m[39m[90m 70 |[39m       setError([36mnull[39m)[33m;[39m
     [90m    |[39m       [31m[1m^[22m[39m
     [90m 71 |[39m       
     [90m 72 |[39m       [90m// Use AuthService for email authentication[39m
     [90m 73 |[39m       [36mconst[39m result [33m=[39m [36mawait[39m authService[33m.[39msignIn({ email[33m,[39m password })[33m;[39m[0m

      at node_modules/react-dom/cjs/react-dom-client.development.js:18758:19
      at runWithFiberInDEV (node_modules/react-dom/cjs/react-dom-client.development.js:874:13)
      at warnIfUpdatesNotWrappedWithActDEV (node_modules/react-dom/cjs/react-dom-client.development.js:18757:9)
      at scheduleUpdateOnFiber (node_modules/react-dom/cjs/react-dom-client.development.js:16409:11)
      at dispatchSetStateInternal (node_modules/react-dom/cjs/react-dom-client.development.js:9170:13)
      at dispatchSetState (node_modules/react-dom/cjs/react-dom-client.development.js:9127:7)
      at src/hooks/useAuth.tsx:70:7
      at step (src/hooks/useAuth.tsx:67:23)
      at Object.next (src/hooks/useAuth.tsx:48:53)
      at src/hooks/useAuth.tsx:42:71
      at __awaiter (src/hooks/useAuth.tsx:38:12)
      at Object.handleEmailSignIn [as signInWithEmail] (src/hooks/useAuth.tsx:67:67)
      at src/__tests__/hooks/useAuthQuery.test.tsx:245:28
      at step (src/__tests__/hooks/useAuthQuery.test.tsx:44:23)
      at Object.next (src/__tests__/hooks/useAuthQuery.test.tsx:25:53)
      at src/__tests__/hooks/useAuthQuery.test.tsx:19:71
      at __awaiter (src/__tests__/hooks/useAuthQuery.test.tsx:15:12)
      at Object.<anonymous> (src/__tests__/hooks/useAuthQuery.test.tsx:236:54)

  console.error
    An update to AuthProvider inside a test was not wrapped in act(...).
    
    When testing, code that causes React state updates should be wrapped into act(...):
    
    act(() => {
      /* fire events that update state */
    });
    /* assert on the output */
    
    This ensures that you're testing the behavior the user would see in the browser. Learn more at https://react.dev/link/wrap-tests-with-act

    [0m [90m 76 |[39m         syncAuthState()[33m;[39m
     [90m 77 |[39m       } [36melse[39m {
    [31m[1m>[22m[39m[90m 78 |[39m         setError(result[33m.[39merror [33m||[39m [32m'Failed to sign in with email'[39m)[33m;[39m
     [90m    |[39m         [31m[1m^[22m[39m
     [90m 79 |[39m       }
     [90m 80 |[39m     } [36mcatch[39m (error[33m:[39m any) {
     [90m 81 |[39m       [90m// console.error('Email sign in error:', error);[39m[0m

      at node_modules/react-dom/cjs/react-dom-client.development.js:18758:19
      at runWithFiberInDEV (node_modules/react-dom/cjs/react-dom-client.development.js:874:13)
      at warnIfUpdatesNotWrappedWithActDEV (node_modules/react-dom/cjs/react-dom-client.development.js:18757:9)
      at scheduleUpdateOnFiber (node_modules/react-dom/cjs/react-dom-client.development.js:16409:11)
      at dispatchSetStateInternal (node_modules/react-dom/cjs/react-dom-client.development.js:9170:13)
      at dispatchSetState (node_modules/react-dom/cjs/react-dom-client.development.js:9127:7)
      at src/hooks/useAuth.tsx:78:9
      at step (src/hooks/useAuth.tsx:67:23)
      at Object.next (src/hooks/useAuth.tsx:48:53)
      at fulfilled (src/hooks/useAuth.tsx:39:58)

  console.error
    An update to AuthProvider inside a test was not wrapped in act(...).
    
    When testing, code that causes React state updates should be wrapped into act(...):
    
    act(() => {
      /* fire events that update state */
    });
    /* assert on the output */
    
    This ensures that you're testing the behavior the user would see in the browser. Learn more at https://react.dev/link/wrap-tests-with-act

    [0m [90m 82 |[39m       setError(error[33m.[39mmessage [33m||[39m [32m'Failed to sign in with email'[39m)[33m;[39m
     [90m 83 |[39m     } [36mfinally[39m {
    [31m[1m>[22m[39m[90m 84 |[39m       setLoading([36mfalse[39m)[33m;[39m
     [90m    |[39m       [31m[1m^[22m[39m
     [90m 85 |[39m     }
     [90m 86 |[39m   }[33m;[39m
     [90m 87 |[39m[0m

      at node_modules/react-dom/cjs/react-dom-client.development.js:18758:19
      at runWithFiberInDEV (node_modules/react-dom/cjs/react-dom-client.development.js:874:13)
      at warnIfUpdatesNotWrappedWithActDEV (node_modules/react-dom/cjs/react-dom-client.development.js:18757:9)
      at scheduleUpdateOnFiber (node_modules/react-dom/cjs/react-dom-client.development.js:16409:11)
      at dispatchSetStateInternal (node_modules/react-dom/cjs/react-dom-client.development.js:9170:13)
      at dispatchSetState (node_modules/react-dom/cjs/react-dom-client.development.js:9127:7)
      at src/hooks/useAuth.tsx:84:7
      at step (src/hooks/useAuth.tsx:67:23)
      at Object.next (src/hooks/useAuth.tsx:48:53)
      at fulfilled (src/hooks/useAuth.tsx:39:58)

  console.error
    An update to AuthProvider inside a test was not wrapped in act(...).
    
    When testing, code that causes React state updates should be wrapped into act(...):
    
    act(() => {
      /* fire events that update state */
    });
    /* assert on the output */
    
    This ensures that you're testing the behavior the user would see in the browser. Learn more at https://react.dev/link/wrap-tests-with-act

    [0m [90m 67 |[39m   [36mconst[39m handleEmailSignIn [33m=[39m [36masync[39m (email[33m:[39m string[33m,[39m password[33m:[39m string) [33m=>[39m {
     [90m 68 |[39m     [36mtry[39m {
    [31m[1m>[22m[39m[90m 69 |[39m       setLoading([36mtrue[39m)[33m;[39m
     [90m    |[39m       [31m[1m^[22m[39m
     [90m 70 |[39m       setError([36mnull[39m)[33m;[39m
     [90m 71 |[39m       
     [90m 72 |[39m       [90m// Use AuthService for email authentication[39m[0m

      at node_modules/react-dom/cjs/react-dom-client.development.js:18758:19
      at runWithFiberInDEV (node_modules/react-dom/cjs/react-dom-client.development.js:874:13)
      at warnIfUpdatesNotWrappedWithActDEV (node_modules/react-dom/cjs/react-dom-client.development.js:18757:9)
      at scheduleUpdateOnFiber (node_modules/react-dom/cjs/react-dom-client.development.js:16409:11)
      at dispatchSetStateInternal (node_modules/react-dom/cjs/react-dom-client.development.js:9170:13)
      at dispatchSetState (node_modules/react-dom/cjs/react-dom-client.development.js:9127:7)
      at src/hooks/useAuth.tsx:69:7
      at step (src/hooks/useAuth.tsx:67:23)
      at Object.next (src/hooks/useAuth.tsx:48:53)
      at src/hooks/useAuth.tsx:42:71
      at __awaiter (src/hooks/useAuth.tsx:38:12)
      at Object.handleEmailSignIn [as signInWithEmail] (src/hooks/useAuth.tsx:67:67)
      at src/__tests__/hooks/useAuthQuery.test.tsx:251:28
      at step (src/__tests__/hooks/useAuthQuery.test.tsx:44:23)
      at Object.next (src/__tests__/hooks/useAuthQuery.test.tsx:25:53)
      at fulfilled (src/__tests__/hooks/useAuthQuery.test.tsx:16:58)

  console.error
    An update to AuthProvider inside a test was not wrapped in act(...).
    
    When testing, code that causes React state updates should be wrapped into act(...):
    
    act(() => {
      /* fire events that update state */
    });
    /* assert on the output */
    
    This ensures that you're testing the behavior the user would see in the browser. Learn more at https://react.dev/link/wrap-tests-with-act

    [0m [90m 68 |[39m     [36mtry[39m {
     [90m 69 |[39m       setLoading([36mtrue[39m)[33m;[39m
    [31m[1m>[22m[39m[90m 70 |[39m       setError([36mnull[39m)[33m;[39m
     [90m    |[39m       [31m[1m^[22m[39m
     [90m 71 |[39m       
     [90m 72 |[39m       [90m// Use AuthService for email authentication[39m
     [90m 73 |[39m       [36mconst[39m result [33m=[39m [36mawait[39m authService[33m.[39msignIn({ email[33m,[39m password })[33m;[39m[0m

      at node_modules/react-dom/cjs/react-dom-client.development.js:18758:19
      at runWithFiberInDEV (node_modules/react-dom/cjs/react-dom-client.development.js:874:13)
      at warnIfUpdatesNotWrappedWithActDEV (node_modules/react-dom/cjs/react-dom-client.development.js:18757:9)
      at scheduleUpdateOnFiber (node_modules/react-dom/cjs/react-dom-client.development.js:16409:11)
      at dispatchSetStateInternal (node_modules/react-dom/cjs/react-dom-client.development.js:9170:13)
      at dispatchSetState (node_modules/react-dom/cjs/react-dom-client.development.js:9127:7)
      at src/hooks/useAuth.tsx:70:7
      at step (src/hooks/useAuth.tsx:67:23)
      at Object.next (src/hooks/useAuth.tsx:48:53)
      at src/hooks/useAuth.tsx:42:71
      at __awaiter (src/hooks/useAuth.tsx:38:12)
      at Object.handleEmailSignIn [as signInWithEmail] (src/hooks/useAuth.tsx:67:67)
      at src/__tests__/hooks/useAuthQuery.test.tsx:251:28
      at step (src/__tests__/hooks/useAuthQuery.test.tsx:44:23)
      at Object.next (src/__tests__/hooks/useAuthQuery.test.tsx:25:53)
      at fulfilled (src/__tests__/hooks/useAuthQuery.test.tsx:16:58)

  console.error
    An update to AuthProvider inside a test was not wrapped in act(...).
    
    When testing, code that causes React state updates should be wrapped into act(...):
    
    act(() => {
      /* fire events that update state */
    });
    /* assert on the output */
    
    This ensures that you're testing the behavior the user would see in the browser. Learn more at https://react.dev/link/wrap-tests-with-act

    [0m [90m 37 |[39m   [36mconst[39m syncAuthState [33m=[39m useCallback(() [33m=>[39m {
     [90m 38 |[39m     [36mconst[39m authState [33m=[39m authService[33m.[39mgetState()[33m;[39m
    [31m[1m>[22m[39m[90m 39 |[39m     setUser(authState[33m.[39muser)[33m;[39m
     [90m    |[39m     [31m[1m^[22m[39m
     [90m 40 |[39m     setLoading(authState[33m.[39misLoading)[33m;[39m
     [90m 41 |[39m     setError(authState[33m.[39merror)[33m;[39m
     [90m 42 |[39m   }[33m,[39m [])[33m;[39m[0m

      at node_modules/react-dom/cjs/react-dom-client.development.js:18758:19
      at runWithFiberInDEV (node_modules/react-dom/cjs/react-dom-client.development.js:874:13)
      at warnIfUpdatesNotWrappedWithActDEV (node_modules/react-dom/cjs/react-dom-client.development.js:18757:9)
      at scheduleUpdateOnFiber (node_modules/react-dom/cjs/react-dom-client.development.js:16409:11)
      at dispatchSetStateInternal (node_modules/react-dom/cjs/react-dom-client.development.js:9170:13)
      at dispatchSetState (node_modules/react-dom/cjs/react-dom-client.development.js:9127:7)
      at src/hooks/useAuth.tsx:39:5
      at src/hooks/useAuth.tsx:76:9
      at step (src/hooks/useAuth.tsx:67:23)
      at Object.next (src/hooks/useAuth.tsx:48:53)
      at fulfilled (src/hooks/useAuth.tsx:39:58)

  console.error
    An update to AuthProvider inside a test was not wrapped in act(...).
    
    When testing, code that causes React state updates should be wrapped into act(...):
    
    act(() => {
      /* fire events that update state */
    });
    /* assert on the output */
    
    This ensures that you're testing the behavior the user would see in the browser. Learn more at https://react.dev/link/wrap-tests-with-act

    [0m [90m 38 |[39m     [36mconst[39m authState [33m=[39m authService[33m.[39mgetState()[33m;[39m
     [90m 39 |[39m     setUser(authState[33m.[39muser)[33m;[39m
    [31m[1m>[22m[39m[90m 40 |[39m     setLoading(authState[33m.[39misLoading)[33m;[39m
     [90m    |[39m     [31m[1m^[22m[39m
     [90m 41 |[39m     setError(authState[33m.[39merror)[33m;[39m
     [90m 42 |[39m   }[33m,[39m [])[33m;[39m
     [90m 43 |[39m[0m

      at node_modules/react-dom/cjs/react-dom-client.development.js:18758:19
      at runWithFiberInDEV (node_modules/react-dom/cjs/react-dom-client.development.js:874:13)
      at warnIfUpdatesNotWrappedWithActDEV (node_modules/react-dom/cjs/react-dom-client.development.js:18757:9)
      at scheduleUpdateOnFiber (node_modules/react-dom/cjs/react-dom-client.development.js:16409:11)
      at dispatchSetStateInternal (node_modules/react-dom/cjs/react-dom-client.development.js:9170:13)
      at dispatchSetState (node_modules/react-dom/cjs/react-dom-client.development.js:9127:7)
      at src/hooks/useAuth.tsx:40:5
      at src/hooks/useAuth.tsx:76:9
      at step (src/hooks/useAuth.tsx:67:23)
      at Object.next (src/hooks/useAuth.tsx:48:53)
      at fulfilled (src/hooks/useAuth.tsx:39:58)

  console.error
    An update to AuthProvider inside a test was not wrapped in act(...).
    
    When testing, code that causes React state updates should be wrapped into act(...):
    
    act(() => {
      /* fire events that update state */
    });
    /* assert on the output */
    
    This ensures that you're testing the behavior the user would see in the browser. Learn more at https://react.dev/link/wrap-tests-with-act

    [0m [90m 39 |[39m     setUser(authState[33m.[39muser)[33m;[39m
     [90m 40 |[39m     setLoading(authState[33m.[39misLoading)[33m;[39m
    [31m[1m>[22m[39m[90m 41 |[39m     setError(authState[33m.[39merror)[33m;[39m
     [90m    |[39m     [31m[1m^[22m[39m
     [90m 42 |[39m   }[33m,[39m [])[33m;[39m
     [90m 43 |[39m
     [90m 44 |[39m   [90m// Handle Google sign in (uses Supabase OAuth)[39m[0m

      at node_modules/react-dom/cjs/react-dom-client.development.js:18758:19
      at runWithFiberInDEV (node_modules/react-dom/cjs/react-dom-client.development.js:874:13)
      at warnIfUpdatesNotWrappedWithActDEV (node_modules/react-dom/cjs/react-dom-client.development.js:18757:9)
      at scheduleUpdateOnFiber (node_modules/react-dom/cjs/react-dom-client.development.js:16409:11)
      at dispatchSetStateInternal (node_modules/react-dom/cjs/react-dom-client.development.js:9170:13)
      at dispatchSetState (node_modules/react-dom/cjs/react-dom-client.development.js:9127:7)
      at src/hooks/useAuth.tsx:41:5
      at src/hooks/useAuth.tsx:76:9
      at step (src/hooks/useAuth.tsx:67:23)
      at Object.next (src/hooks/useAuth.tsx:48:53)
      at fulfilled (src/hooks/useAuth.tsx:39:58)

  console.error
    An update to AuthProvider inside a test was not wrapped in act(...).
    
    When testing, code that causes React state updates should be wrapped into act(...):
    
    act(() => {
      /* fire events that update state */
    });
    /* assert on the output */
    
    This ensures that you're testing the behavior the user would see in the browser. Learn more at https://react.dev/link/wrap-tests-with-act

    [0m [90m 82 |[39m       setError(error[33m.[39mmessage [33m||[39m [32m'Failed to sign in with email'[39m)[33m;[39m
     [90m 83 |[39m     } [36mfinally[39m {
    [31m[1m>[22m[39m[90m 84 |[39m       setLoading([36mfalse[39m)[33m;[39m
     [90m    |[39m       [31m[1m^[22m[39m
     [90m 85 |[39m     }
     [90m 86 |[39m   }[33m;[39m
     [90m 87 |[39m[0m

      at node_modules/react-dom/cjs/react-dom-client.development.js:18758:19
      at runWithFiberInDEV (node_modules/react-dom/cjs/react-dom-client.development.js:874:13)
      at warnIfUpdatesNotWrappedWithActDEV (node_modules/react-dom/cjs/react-dom-client.development.js:18757:9)
      at scheduleUpdateOnFiber (node_modules/react-dom/cjs/react-dom-client.development.js:16409:11)
      at dispatchSetStateInternal (node_modules/react-dom/cjs/react-dom-client.development.js:9170:13)
      at dispatchSetState (node_modules/react-dom/cjs/react-dom-client.development.js:9127:7)
      at src/hooks/useAuth.tsx:84:7
      at step (src/hooks/useAuth.tsx:67:23)
      at Object.next (src/hooks/useAuth.tsx:48:53)
      at fulfilled (src/hooks/useAuth.tsx:39:58)

PASS src/__tests__/hooks/useAuthQuery.test.tsx
  Test Query Client Utilities
    Γטת should create a test query client (2 ms)
    Γטת should create mock fetch response (2 ms)
    Γטת should create mock fetch error (1 ms)
    Γטת should create a query wrapper (1 ms)
    Γטת should create a wrapper with client (1 ms)
  useAuth
    initial state
      Γטת should return initial auth state (30 ms)
    signIn
      Γטת should sign in successfully (119 ms)
      Γטת should handle sign in error (107 ms)
    signUp
      Γטת should sign up successfully (77 ms)
      Γטת should handle sign up error (77 ms)
    signOut
      Γטת should sign out successfully (64 ms)
      Γטת should handle sign out error (56 ms)
    loading states
      Γטת should show loading during sign in (190 ms)
    error handling
      Γטת should reset error on successful operation (188 ms)
    type safety
      Γטת should return correctly typed values (28 ms)

  console.error
    Error: Not implemented: HTMLFormElement.prototype.requestSubmit
        at module.exports (C:\Users\shova\Downloads\GMShoot\gmshooter-v2\node_modules\jsdom\lib\jsdom\browser\not-implemented.js:9:17)
        at HTMLFormElementImpl.requestSubmit (C:\Users\shova\Downloads\GMShoot\gmshooter-v2\node_modules\jsdom\lib\jsdom\living\nodes\HTMLFormElement-impl.js:113:5)
        at HTMLFormElementImpl._doRequestSubmit (C:\Users\shova\Downloads\GMShoot\gmshooter-v2\node_modules\jsdom\lib\jsdom\living\nodes\HTMLFormElement-impl.js:79:10)
        at HTMLButtonElementImpl._activationBehavior (C:\Users\shova\Downloads\GMShoot\gmshooter-v2\node_modules\jsdom\lib\jsdom\living\nodes\HTMLButtonElement-impl.js:23:14)
        at HTMLButtonElementImpl._dispatch (C:\Users\shova\Downloads\GMShoot\gmshooter-v2\node_modules\jsdom\lib\jsdom\living\events\EventTarget-impl.js:252:26)
        at HTMLButtonElementImpl.dispatchEvent (C:\Users\shova\Downloads\GMShoot\gmshooter-v2\node_modules\jsdom\lib\jsdom\living\events\EventTarget-impl.js:104:17)
        at HTMLButtonElement.dispatchEvent (C:\Users\shova\Downloads\GMShoot\gmshooter-v2\node_modules\jsdom\lib\jsdom\living\generated\EventTarget.js:241:34)
        at dispatchEvent (C:\Users\shova\Downloads\GMShoot\gmshooter-v2\node_modules\@testing-library\user-event\dist\cjs\event\dispatchEvent.js:45:43)
        at cb (C:\Users\shova\Downloads\GMShoot\gmshooter-v2\node_modules\@testing-library\react\dist\pure.js:108:16)
        at callback (C:\Users\shova\Downloads\GMShoot\gmshooter-v2\node_modules\@testing-library\react\dist\act-compat.js:48:24)
        at process.env.NODE_ENV.exports.act (C:\Users\shova\Downloads\GMShoot\gmshooter-v2\node_modules\react\cjs\react.development.js:814:22)
        at actImplementation (C:\Users\shova\Downloads\GMShoot\gmshooter-v2\node_modules\@testing-library\react\dist\act-compat.js:47:25)
        at Object.eventWrapper (C:\Users\shova\Downloads\GMShoot\gmshooter-v2\node_modules\@testing-library\react\dist\pure.js:107:27)
        at Object.eventWrapper [as wrapEvent] (C:\Users\shova\Downloads\GMShoot\gmshooter-v2\node_modules\@testing-library\user-event\dist\cjs\event\wrapEvent.js:6:28)
        at Object.wrapEvent (C:\Users\shova\Downloads\GMShoot\gmshooter-v2\node_modules\@testing-library\user-event\dist\cjs\event\dispatchEvent.js:45:22)
        at Object.call (C:\Users\shova\Downloads\GMShoot\gmshooter-v2\node_modules\@testing-library\user-event\dist\cjs\event\dispatchEvent.js:22:26)
        at Mouse.dispatchUIEvent [as up] (C:\Users\shova\Downloads\GMShoot\gmshooter-v2\node_modules\@testing-library\user-event\dist\cjs\system\pointer\mouse.js:100:30)
        at PointerHost.up [as release] (C:\Users\shova\Downloads\GMShoot\gmshooter-v2\node_modules\@testing-library\user-event\dist\cjs\system\pointer\index.js:87:24)
        at release (C:\Users\shova\Downloads\GMShoot\gmshooter-v2\node_modules\@testing-library\user-event\dist\cjs\pointer\index.js:54:47)
        at Object.pointer (C:\Users\shova\Downloads\GMShoot\gmshooter-v2\node_modules\@testing-library\user-event\dist\cjs\pointer\index.js:27:9)
        at Object.asyncWrapper (C:\Users\shova\Downloads\GMShoot\gmshooter-v2\node_modules\@testing-library\react\dist\pure.js:88:22) {
      type: 'not implemented'
    }

      at VirtualConsole.<anonymous> (node_modules/jest-environment-jsdom/build/index.js:63:23)
      at module.exports (node_modules/jsdom/lib/jsdom/browser/not-implemented.js:12:26)
      at HTMLFormElementImpl.requestSubmit (node_modules/jsdom/lib/jsdom/living/nodes/HTMLFormElement-impl.js:113:5)
      at HTMLFormElementImpl._doRequestSubmit (node_modules/jsdom/lib/jsdom/living/nodes/HTMLFormElement-impl.js:79:10)
      at HTMLButtonElementImpl._activationBehavior (node_modules/jsdom/lib/jsdom/living/nodes/HTMLButtonElement-impl.js:23:14)
      at HTMLButtonElementImpl._dispatch (node_modules/jsdom/lib/jsdom/living/events/EventTarget-impl.js:252:26)
      at HTMLButtonElementImpl.dispatchEvent (node_modules/jsdom/lib/jsdom/living/events/EventTarget-impl.js:104:17)
      at HTMLButtonElement.dispatchEvent (node_modules/jsdom/lib/jsdom/living/generated/EventTarget.js:241:34)
      at dispatchEvent (node_modules/@testing-library/user-event/dist/cjs/event/dispatchEvent.js:45:43)
      at cb (node_modules/@testing-library/react/dist/pure.js:108:16)
      at callback (node_modules/@testing-library/react/dist/act-compat.js:48:24)
      at process.env.NODE_ENV.exports.act (node_modules/react/cjs/react.development.js:814:22)
      at actImplementation (node_modules/@testing-library/react/dist/act-compat.js:47:25)
      at Object.eventWrapper (node_modules/@testing-library/react/dist/pure.js:107:27)
      at Object.eventWrapper [as wrapEvent] (node_modules/@testing-library/user-event/dist/cjs/event/wrapEvent.js:6:28)
      at Object.wrapEvent (node_modules/@testing-library/user-event/dist/cjs/event/dispatchEvent.js:45:22)
      at Object.call (node_modules/@testing-library/user-event/dist/cjs/event/dispatchEvent.js:22:26)
      at Mouse.dispatchUIEvent [as up] (node_modules/@testing-library/user-event/dist/cjs/system/pointer/mouse.js:100:30)
      at PointerHost.up [as release] (node_modules/@testing-library/user-event/dist/cjs/system/pointer/index.js:87:24)
      at release (node_modules/@testing-library/user-event/dist/cjs/pointer/index.js:54:47)
      at Object.pointer (node_modules/@testing-library/user-event/dist/cjs/pointer/index.js:27:9)
      at Object.asyncWrapper (node_modules/@testing-library/react/dist/pure.js:88:22)

PASS src/__tests__/components/ui/card.test.tsx
  Card Components
    Card
      Γטת renders with default props (27 ms)
      Γטת renders with custom className (21 ms)
      Γטת forwards ref correctly (7 ms)
      Γטת renders with custom attributes (12 ms)
      Γטת handles click events (135 ms)
    CardHeader
      Γטת renders with default props (11 ms)
      Γטת renders with custom className (19 ms)
      Γטת forwards ref correctly (42 ms)
    CardFooter
      Γטת renders with default props (7 ms)
      Γטת renders with custom className (13 ms)
      Γטת forwards ref correctly (14 ms)
    CardTitle
      Γטת renders with default props (24 ms)
      Γטת renders with custom className (17 ms)
      Γטת forwards ref correctly (9 ms)
    CardDescription
      Γטת renders with default props (7 ms)
      Γטת renders with custom className (8 ms)
      Γטת forwards ref correctly (4 ms)
    CardContent
      Γטת renders with default props (4 ms)
      Γטת renders with custom className (5 ms)
      Γטת forwards ref correctly (4 ms)
    Complete Card Structure
      Γטת renders a complete card with all components (86 ms)
      Γטת renders card with nested interactive elements (134 ms)
      Γטת renders card with complex content (78 ms)
      Γטת renders card with form elements (754 ms)
    Accessibility
      Γטת renders card with proper ARIA attributes (18 ms)
      Γטת supports keyboard navigation (61 ms)

PASS src/__tests__/functions/session-data.test.ts
  Session Data Edge Function Logic
    Device Registration Validation
      Γטת should validate device registration request structure (3 ms)
      Γטת should detect missing required fields in device registration (1 ms)
      Γטת should validate device registration database structure (7 ms)
    Session Data Ingestion Validation
      Γטת should validate session data structure (4 ms)
      Γטת should validate shot data structure (2 ms)
      Γטת should validate authorization header format (2 ms)
      Γטת should validate device authentication structure (1 ms)
    Session Update Validation
      Γטת should validate session update structure (11 ms)
      Γטת should handle missing session ID in update request (2 ms)
    Health Check Validation
      Γטת should validate health check response structure (1 ms)
    Database Operations Validation
      Γטת should validate frame data storage structure (5 ms)
      Γטת should validate shot data storage structure (6 ms)
      Γטת should validate session event structure (3 ms)
    Error Handling Validation
      Γטת should validate CORS headers structure (2 ms)
      Γטת should validate error response structure (2 ms)
    Session Data Request Interface Validation
      Γטת should validate SessionDataRequest interface (3 ms)
      Γטת should validate event types (3 ms)
    Environment Variables Validation
      Γטת should validate required environment variables (1 ms)

  console.error
    An update to QRScanner inside a test was not wrapped in act(...).
    
    When testing, code that causes React state updates should be wrapped into act(...):
    
    act(() => {
      /* fire events that update state */
    });
    /* assert on the output */
    
    This ensures that you're testing the behavior the user would see in the browser. Learn more at https://react.dev/link/wrap-tests-with-act

    [0m [90m 51 |[39m           }[33m;[39m
     [90m 52 |[39m           onScan(mockResult)[33m;[39m
    [31m[1m>[22m[39m[90m 53 |[39m           setIsScanning([36mfalse[39m)[33m;[39m
     [90m    |[39m           [31m[1m^[22m[39m
     [90m 54 |[39m           
     [90m 55 |[39m           [90m// Stop camera stream[39m
     [90m 56 |[39m           [36mif[39m (stream) {[0m

      at node_modules/react-dom/cjs/react-dom-client.development.js:18758:19
      at runWithFiberInDEV (node_modules/react-dom/cjs/react-dom-client.development.js:874:13)
      at warnIfUpdatesNotWrappedWithActDEV (node_modules/react-dom/cjs/react-dom-client.development.js:18757:9)
      at scheduleUpdateOnFiber (node_modules/react-dom/cjs/react-dom-client.development.js:16409:11)
      at dispatchSetStateInternal (node_modules/react-dom/cjs/react-dom-client.development.js:9170:13)
      at dispatchSetState (node_modules/react-dom/cjs/react-dom-client.development.js:9127:7)
      at src/components/QRScanner.tsx:53:11
      at src/__tests__/components/QRScanner.test.tsx:84:10
      at step (src/__tests__/components/QRScanner.test.tsx:33:23)
      at Object.next (src/__tests__/components/QRScanner.test.tsx:14:53)
      at fulfilled (src/__tests__/components/QRScanner.test.tsx:5:58)

  console.error
    An update to QRScanner inside a test was not wrapped in act(...).
    
    When testing, code that causes React state updates should be wrapped into act(...):
    
    act(() => {
      /* fire events that update state */
    });
    /* assert on the output */
    
    This ensures that you're testing the behavior the user would see in the browser. Learn more at https://react.dev/link/wrap-tests-with-act

    [0m [90m 51 |[39m           }[33m;[39m
     [90m 52 |[39m           onScan(mockResult)[33m;[39m
    [31m[1m>[22m[39m[90m 53 |[39m           setIsScanning([36mfalse[39m)[33m;[39m
     [90m    |[39m           [31m[1m^[22m[39m
     [90m 54 |[39m           
     [90m 55 |[39m           [90m// Stop camera stream[39m
     [90m 56 |[39m           [36mif[39m (stream) {[0m

      at node_modules/react-dom/cjs/react-dom-client.development.js:18758:19
      at runWithFiberInDEV (node_modules/react-dom/cjs/react-dom-client.development.js:874:13)
      at warnIfUpdatesNotWrappedWithActDEV (node_modules/react-dom/cjs/react-dom-client.development.js:18757:9)
      at scheduleUpdateOnFiber (node_modules/react-dom/cjs/react-dom-client.development.js:16409:11)
      at dispatchSetStateInternal (node_modules/react-dom/cjs/react-dom-client.development.js:9170:13)
      at dispatchSetState (node_modules/react-dom/cjs/react-dom-client.development.js:9127:7)
      at src/components/QRScanner.tsx:53:11
      at src/__tests__/components/QRScanner.test.tsx:122:10
      at step (src/__tests__/components/QRScanner.test.tsx:33:23)
      at Object.next (src/__tests__/components/QRScanner.test.tsx:14:53)
      at fulfilled (src/__tests__/components/QRScanner.test.tsx:5:58)

  console.error
    An update to QRScanner inside a test was not wrapped in act(...).
    
    When testing, code that causes React state updates should be wrapped into act(...):
    
    act(() => {
      /* fire events that update state */
    });
    /* assert on the output */
    
    This ensures that you're testing the behavior the user would see in the browser. Learn more at https://react.dev/link/wrap-tests-with-act

    [0m [90m 51 |[39m           }[33m;[39m
     [90m 52 |[39m           onScan(mockResult)[33m;[39m
    [31m[1m>[22m[39m[90m 53 |[39m           setIsScanning([36mfalse[39m)[33m;[39m
     [90m    |[39m           [31m[1m^[22m[39m
     [90m 54 |[39m           
     [90m 55 |[39m           [90m// Stop camera stream[39m
     [90m 56 |[39m           [36mif[39m (stream) {[0m

      at node_modules/react-dom/cjs/react-dom-client.development.js:18758:19
      at runWithFiberInDEV (node_modules/react-dom/cjs/react-dom-client.development.js:874:13)
      at warnIfUpdatesNotWrappedWithActDEV (node_modules/react-dom/cjs/react-dom-client.development.js:18757:9)
      at scheduleUpdateOnFiber (node_modules/react-dom/cjs/react-dom-client.development.js:16409:11)
      at dispatchSetStateInternal (node_modules/react-dom/cjs/react-dom-client.development.js:9170:13)
      at dispatchSetState (node_modules/react-dom/cjs/react-dom-client.development.js:9127:7)
      at src/components/QRScanner.tsx:53:11
      at src/__tests__/components/QRScanner.test.tsx:148:10
      at step (src/__tests__/components/QRScanner.test.tsx:33:23)
      at Object.next (src/__tests__/components/QRScanner.test.tsx:14:53)
      at fulfilled (src/__tests__/components/QRScanner.test.tsx:5:58)

PASS src/__tests__/components/QRScanner.test.tsx
  QRScanner Component
    Γטת renders QR scanner interface (85 ms)
    Γטת shows scanning state when camera access is granted (68 ms)
    Γטת shows camera not available when camera access fails (104 ms)
    Γטת automatically starts scanning when component mounts (117 ms)
    Γטת simulates QR code detection after 2 seconds (225 ms)
    Γטת calls onClose when cancel button is clicked (15 ms)
    Γטת handles successful QR code scan and stops scanning (50 ms)
    Γטת handles invalid QR code data gracefully (27 ms)
    Γטת cleans up camera on unmount (50 ms)

FAIL src/__tests__/hooks/useAuth.test.tsx
  useAuth Hook
    Initial State
      Γטת initializes with correct default state (34 ms)
      Γטת provides all required functions (16 ms)
      Γטת throws error when used without AuthProvider (272 ms)
    Google Sign In
      ├ק signs in with Google successfully (41 ms)
      ├ק handles popup closed by user error (14 ms)
      ├ק handles popup blocked error (11 ms)
      ├ק handles generic sign in error (23 ms)
    Email Sign In
      Γטת signs in with email successfully (12 ms)
      Γטת handles user not found error (12 ms)
      Γטת handles wrong password error (10 ms)
      Γטת handles invalid email error (9 ms)
      Γטת handles too many requests error (8 ms)
    Email Sign Up
      Γטת signs up with email successfully (8 ms)
      Γטת signs up without name successfully (10 ms)
      Γטת handles email already in use error (8 ms)
      Γטת handles weak password error (5 ms)
      Γטת handles operation not allowed error (7 ms)
    Sign Out
      Γטת signs out successfully (10 ms)
      Γטת handles sign out error (7 ms)
    Clear Error
      Γטת clears error state (16 ms)
    User Sync with Supabase
      Γטת creates new user in Supabase when not exists (14 ms)
      Γטת updates existing user in Supabase (18 ms)
      Γטת handles Supabase sync error gracefully (8 ms)
    Auth State Changes
      Γטת handles auth state change on mount (5 ms)
      Γטת handles current user on mount (11 ms)
      Γטת handles sign out through auth state change (7 ms)

  Γקן useAuth Hook Γא║ Google Sign In Γא║ signs in with Google successfully

    expect(received).toBe(expected) // Object.is equality

    Expected: "Google sign-in not yet implemented. Please use email sign-in."
    Received: "AuthService_1.authService.signInWithGoogle is not a function"

      113 |       expect(result.current.user).toBe(null);
      114 |       expect(result.current.loading).toBe(false);
    > 115 |       expect(result.current.error).toBe('Google sign-in not yet implemented. Please use email sign-in.');
          |                                    ^
      116 |     });
      117 |
      118 |     it('handles popup closed by user error', async () => {

      at src/__tests__/hooks/useAuth.test.tsx:115:36
      at step (src/__tests__/hooks/useAuth.test.tsx:33:23)
      at Object.next (src/__tests__/hooks/useAuth.test.tsx:14:53)
      at fulfilled (src/__tests__/hooks/useAuth.test.tsx:5:58)

  Γקן useAuth Hook Γא║ Google Sign In Γא║ handles popup closed by user error

    expect(received).toBe(expected) // Object.is equality

    Expected: "Google sign-in not yet implemented. Please use email sign-in."
    Received: "AuthService_1.authService.signInWithGoogle is not a function"

      125 |       expect(result.current.user).toBe(null);
      126 |       expect(result.current.loading).toBe(false);
    > 127 |       expect(result.current.error).toBe('Google sign-in not yet implemented. Please use email sign-in.');
          |                                    ^
      128 |     });
      129 |
      130 |     it('handles popup blocked error', async () => {

      at src/__tests__/hooks/useAuth.test.tsx:127:36
      at step (src/__tests__/hooks/useAuth.test.tsx:33:23)
      at Object.next (src/__tests__/hooks/useAuth.test.tsx:14:53)
      at fulfilled (src/__tests__/hooks/useAuth.test.tsx:5:58)

  Γקן useAuth Hook Γא║ Google Sign In Γא║ handles popup blocked error

    expect(received).toBe(expected) // Object.is equality

    Expected: "Google sign-in not yet implemented. Please use email sign-in."
    Received: "AuthService_1.authService.signInWithGoogle is not a function"

      135 |       });
      136 |
    > 137 |       expect(result.current.error).toBe('Google sign-in not yet implemented. Please use email sign-in.');
          |                                    ^
      138 |     });
      139 |
      140 |     it('handles generic sign in error', async () => {

      at src/__tests__/hooks/useAuth.test.tsx:137:36
      at step (src/__tests__/hooks/useAuth.test.tsx:33:23)
      at Object.next (src/__tests__/hooks/useAuth.test.tsx:14:53)
      at fulfilled (src/__tests__/hooks/useAuth.test.tsx:5:58)

  Γקן useAuth Hook Γא║ Google Sign In Γא║ handles generic sign in error

    expect(received).toBe(expected) // Object.is equality

    Expected: "Google sign-in not yet implemented. Please use email sign-in."
    Received: "AuthService_1.authService.signInWithGoogle is not a function"

      145 |       });
      146 |
    > 147 |       expect(result.current.error).toBe('Google sign-in not yet implemented. Please use email sign-in.');
          |                                    ^
      148 |     });
      149 |   });
      150 |

      at src/__tests__/hooks/useAuth.test.tsx:147:36
      at step (src/__tests__/hooks/useAuth.test.tsx:33:23)
      at Object.next (src/__tests__/hooks/useAuth.test.tsx:14:53)
      at fulfilled (src/__tests__/hooks/useAuth.test.tsx:5:58)

PASS src/__tests__/components/IconBadge.test.tsx
  IconBadge Component
    Γטת renders with default props (43 ms)
    Γטת renders with custom label (8 ms)
    Γטת applies success variant correctly (7 ms)
    Γטת applies warning variant correctly (9 ms)
    Γטת applies error variant correctly (7 ms)
    Γטת applies info variant correctly (7 ms)
    Γטת applies small size correctly (61 ms)
    Γטת applies large size correctly (96 ms)
    Γטת combines variant and size correctly (14 ms)
    Γטת renders with all props combined (19 ms)

PASS src/__tests__/services/GeometricScoring.test.ts
  GeometricScoring Service
    Basic Shot Analysis
      Γטת should analyze a perfect bullseye shot correctly (8 ms)
      Γטת should analyze an inner ring shot correctly (2 ms)
      Γטת should analyze a middle ring shot correctly (2 ms)
      Γטת should analyze an outer ring shot correctly (2 ms)
      Γטת should analyze a miss correctly (2 ms)
      Γטת should calculate angle from center correctly (2 ms)
      Γטת should calculate angle for diagonal shots correctly (1 ms)
    Perspective Correction
      Γטת should apply perspective correction for angled camera (3 ms)
      Γטת should apply lens distortion correction (2 ms)
    Distance Compensation
      Γטת should apply distance compensation for different target distances (2 ms)
    Session Statistics
      Γטת should calculate session statistics for multiple shots (4 ms)
      Γטת should handle empty session statistics (4 ms)
      Γטת should calculate precision metrics (2 ms)
      Γטת should detect shooting trends (1 ms)
      Γטת should calculate grouping metrics (2 ms)
    Shot Pattern Visualization
      Γטת should generate shot pattern visualization (11 ms)
      Γטת should handle empty shot pattern visualization (2 ms)
    Personalized Recommendations
      Γטת should generate recommendations for high scores (2 ms)
      Γטת should generate recommendations for low scores (3 ms)
      Γטת should generate recommendations for inconsistent shooting (32 ms)
      Γטת should generate recommendations for grouping issues (1 ms)
    Advanced Scoring Methods
      Γטת should handle different target types (2 ms)
      Γטת should handle competition scoring zones (13 ms)
    Error Handling
      Γטת should handle invalid coordinates gracefully (1 ms)
      Γטת should handle missing target configuration
      Γטת should handle empty scoring zones (7 ms)
    Performance Analysis
      Γטת should analyze shot consistency over time (2 ms)
      Γטת should calculate shot distribution (3 ms)

PASS src/__tests__/api/supabase.test.ts
  Supabase API Tests
    Connection Test
      Γטת should test Supabase connection successfully (11 ms)
      Γטת should handle connection test failure (2 ms)
    Session Management
      Γטת should create a new session (2 ms)
      Γטת should update a session (2 ms)
      Γטת should retrieve a session by ID (2 ms)
      Γטת should retrieve sessions with ordering (2 ms)
    Shot Management
      Γטת should create a new shot record (3 ms)
      Γטת should retrieve shots for a session (3 ms)
    Authentication
      Γטת should sign in with email and password (2 ms)
      Γטת should sign in with Google OAuth (2 ms)
      Γטת should sign out (2 ms)
      Γטת should get current user (15 ms)
    File Storage
      Γטת should upload a file (15 ms)
      Γטת should get public URL for a file (2 ms)

PASS src/__tests__/integration/analysis-workflow.test.tsx
  Analysis Workflow Integration Tests
    Complete Analysis Workflow
      Γטת should complete full video analysis workflow (139 ms)
      Γטת should handle analysis workflow errors gracefully (90 ms)
    Camera Analysis Workflow
      Γטת should complete full camera analysis workflow (64 ms)
      Γטת should handle camera analysis errors gracefully (66 ms)
    Data Persistence
      Γטת should save analysis results to Supabase (41 ms)
    Real-time Updates
      Γטת should handle real-time frame updates (26 ms)

PASS src/__tests__/utils/test-query-client/index.ts
  Test Query Client Utilities
    Γטת should create a test query client (2 ms)
    Γטת should create mock fetch response (6 ms)
    Γטת should create mock fetch error (2 ms)
    Γטת should create a query wrapper (3 ms)
    Γטת should create a wrapper with client (2 ms)

PASS src/__tests__/api/roboflow.test.ts
  Roboflow API Tests
    Shot Analysis
      Γטת should analyze an image successfully (6 ms)
      Γטת should handle analysis with no shots detected (2 ms)
      Γטת should handle multiple shots detected (5 ms)
      Γטת should handle API error response (4 ms)
      Γטת should handle network errors (1 ms)
      Γטת should handle invalid image URL (1 ms)
    Confidence Threshold
      Γטת should filter predictions below confidence threshold (3 ms)
    Response Validation
      Γטת should validate response structure (5 ms)

PASS src/__tests__/api/ngrok.test.ts
  Ngrok API Tests
    Health Check
      Γטת should return health status successfully (13 ms)
      Γטת should handle health check failure (3 ms)
      Γטת should handle network errors (5 ms)
    Session Management
      Γטת should start a session successfully (4 ms)
      Γטת should handle session start with default options (2 ms)
      Γטת should handle session start failure (2 ms)
    Frame Retrieval
      Γטת should retrieve the latest frame successfully (12 ms)
      Γטת should handle no frame available (3 ms)
      Γטת should handle frame retrieval errors (1 ms)

FAIL src/__tests__/integration/production-readiness.test.tsx
  Production Readiness Tests
    Authentication System
      ├ק should handle user authentication flow (70 ms)
      ├ק should handle authentication errors gracefully (10 ms)
    Microservices Health Check
      Γטת should verify health check endpoint (202 ms)
      ├ק should handle health check failures (3 ms)
    Real-time Analysis Engine
      ├ק should handle frame analysis workflow (5 ms)
      ├ק should handle analysis errors gracefully (2 ms)
    UI Components Rendering
      ├ק should render main demo interface (2 ms)
      ├ק should display metrics dashboard (2 ms)
      ├ק should handle loading states (2 ms)
    Error Handling
      ├ק should handle network errors (5 ms)
      ├ק should handle timeout errors (8 ms)
    Performance Metrics
      ├ק should track performance metrics (2 ms)

  Γקן Production Readiness Tests Γא║ Authentication System Γא║ should handle user authentication flow

    Element type is invalid: expected a string (for built-in components) or a class/function (for composite components) but got: undefined. You likely forgot to export your component from the file it's defined in, or you might have mixed up default and named imports.

      94 |
      95 |   const renderWithProviders = (component: React.ReactElement) => {
    > 96 |     return render(
         |                  ^
      97 |       <QueryClientProvider client={queryClient}>
      98 |         <BrowserRouter>
      99 |           <AuthProvider>

      at createFiberFromTypeAndProps (node_modules/react-dom/cjs/react-dom-client.development.js:5021:28)
      at createFiberFromElement (node_modules/react-dom/cjs/react-dom-client.development.js:5035:14)
      at reconcileChildFibersImpl (node_modules/react-dom/cjs/react-dom-client.development.js:6920:31)
      at node_modules/react-dom/cjs/react-dom-client.development.js:7098:33
      at reconcileChildren (node_modules/react-dom/cjs/react-dom-client.development.js:9701:13)
      at beginWork (node_modules/react-dom/cjs/react-dom-client.development.js:12171:13)
      at runWithFiberInDEV (node_modules/react-dom/cjs/react-dom-client.development.js:874:13)
      at performUnitOfWork (node_modules/react-dom/cjs/react-dom-client.development.js:17641:22)
      at workLoopSync (node_modules/react-dom/cjs/react-dom-client.development.js:17469:41)
      at renderRootSync (node_modules/react-dom/cjs/react-dom-client.development.js:17450:11)
      at performWorkOnRoot (node_modules/react-dom/cjs/react-dom-client.development.js:16583:35)
      at performWorkOnRootViaSchedulerTask (node_modules/react-dom/cjs/react-dom-client.development.js:18957:7)
      at flushActQueue (node_modules/react/cjs/react.development.js:590:34)
      at process.env.NODE_ENV.exports.act (node_modules/react/cjs/react.development.js:884:10)
      at actImplementation (node_modules/@testing-library/react/dist/act-compat.js:47:25)
      at renderRoot (node_modules/@testing-library/react/dist/pure.js:190:25)
      at renderRoot (node_modules/@testing-library/react/dist/pure.js:292:10)
      at renderWithProviders (src/__tests__/integration/production-readiness.test.tsx:96:18)
      at src/__tests__/integration/production-readiness.test.tsx:119:7
      at step (src/__tests__/integration/production-readiness.test.tsx:67:23)
      at Object.next (src/__tests__/integration/production-readiness.test.tsx:48:53)
      at src/__tests__/integration/production-readiness.test.tsx:42:71
      at __awaiter (src/__tests__/integration/production-readiness.test.tsx:38:12)
      at Object.<anonymous> (src/__tests__/integration/production-readiness.test.tsx:108:52)

  Γקן Production Readiness Tests Γא║ Authentication System Γא║ should handle authentication errors gracefully

    Element type is invalid: expected a string (for built-in components) or a class/function (for composite components) but got: undefined. You likely forgot to export your component from the file it's defined in, or you might have mixed up default and named imports.

      94 |
      95 |   const renderWithProviders = (component: React.ReactElement) => {
    > 96 |     return render(
         |                  ^
      97 |       <QueryClientProvider client={queryClient}>
      98 |         <BrowserRouter>
      99 |           <AuthProvider>

      at createFiberFromTypeAndProps (node_modules/react-dom/cjs/react-dom-client.development.js:5021:28)
      at createFiberFromElement (node_modules/react-dom/cjs/react-dom-client.development.js:5035:14)
      at reconcileChildFibersImpl (node_modules/react-dom/cjs/react-dom-client.development.js:6920:31)
      at node_modules/react-dom/cjs/react-dom-client.development.js:7098:33
      at reconcileChildren (node_modules/react-dom/cjs/react-dom-client.development.js:9701:13)
      at beginWork (node_modules/react-dom/cjs/react-dom-client.development.js:12171:13)
      at runWithFiberInDEV (node_modules/react-dom/cjs/react-dom-client.development.js:874:13)
      at performUnitOfWork (node_modules/react-dom/cjs/react-dom-client.development.js:17641:22)
      at workLoopSync (node_modules/react-dom/cjs/react-dom-client.development.js:17469:41)
      at renderRootSync (node_modules/react-dom/cjs/react-dom-client.development.js:17450:11)
      at performWorkOnRoot (node_modules/react-dom/cjs/react-dom-client.development.js:16583:35)
      at performWorkOnRootViaSchedulerTask (node_modules/react-dom/cjs/react-dom-client.development.js:18957:7)
      at flushActQueue (node_modules/react/cjs/react.development.js:590:34)
      at process.env.NODE_ENV.exports.act (node_modules/react/cjs/react.development.js:884:10)
      at actImplementation (node_modules/@testing-library/react/dist/act-compat.js:47:25)
      at renderRoot (node_modules/@testing-library/react/dist/pure.js:190:25)
      at renderRoot (node_modules/@testing-library/react/dist/pure.js:292:10)
      at renderWithProviders (src/__tests__/integration/production-readiness.test.tsx:96:18)
      at src/__tests__/integration/production-readiness.test.tsx:134:7
      at step (src/__tests__/integration/production-readiness.test.tsx:67:23)
      at Object.next (src/__tests__/integration/production-readiness.test.tsx:48:53)
      at src/__tests__/integration/production-readiness.test.tsx:42:71
      at __awaiter (src/__tests__/integration/production-readiness.test.tsx:38:12)
      at Object.<anonymous> (src/__tests__/integration/production-readiness.test.tsx:127:60)

  Γקן Production Readiness Tests Γא║ Microservices Health Check Γא║ should handle health check failures

    Element type is invalid: expected a string (for built-in components) or a class/function (for composite components) but got: undefined. You likely forgot to export your component from the file it's defined in, or you might have mixed up default and named imports.

      94 |
      95 |   const renderWithProviders = (component: React.ReactElement) => {
    > 96 |     return render(
         |                  ^
      97 |       <QueryClientProvider client={queryClient}>
      98 |         <BrowserRouter>
      99 |           <AuthProvider>

      at createFiberFromTypeAndProps (node_modules/react-dom/cjs/react-dom-client.development.js:5021:28)
      at createFiberFromElement (node_modules/react-dom/cjs/react-dom-client.development.js:5035:14)
      at reconcileChildFibersImpl (node_modules/react-dom/cjs/react-dom-client.development.js:6920:31)
      at node_modules/react-dom/cjs/react-dom-client.development.js:7098:33
      at reconcileChildren (node_modules/react-dom/cjs/react-dom-client.development.js:9701:13)
      at beginWork (node_modules/react-dom/cjs/react-dom-client.development.js:12171:13)
      at runWithFiberInDEV (node_modules/react-dom/cjs/react-dom-client.development.js:874:13)
      at performUnitOfWork (node_modules/react-dom/cjs/react-dom-client.development.js:17641:22)
      at workLoopSync (node_modules/react-dom/cjs/react-dom-client.development.js:17469:41)
      at renderRootSync (node_modules/react-dom/cjs/react-dom-client.development.js:17450:11)
      at performWorkOnRoot (node_modules/react-dom/cjs/react-dom-client.development.js:16583:35)
      at performWorkOnRootViaSchedulerTask (node_modules/react-dom/cjs/react-dom-client.development.js:18957:7)
      at flushActQueue (node_modules/react/cjs/react.development.js:590:34)
      at process.env.NODE_ENV.exports.act (node_modules/react/cjs/react.development.js:884:10)
      at actImplementation (node_modules/@testing-library/react/dist/act-compat.js:47:25)
      at renderRoot (node_modules/@testing-library/react/dist/pure.js:190:25)
      at renderRoot (node_modules/@testing-library/react/dist/pure.js:292:10)
      at renderWithProviders (src/__tests__/integration/production-readiness.test.tsx:96:18)
      at src/__tests__/integration/production-readiness.test.tsx:188:7
      at step (src/__tests__/integration/production-readiness.test.tsx:67:23)
      at Object.next (src/__tests__/integration/production-readiness.test.tsx:48:53)
      at src/__tests__/integration/production-readiness.test.tsx:42:71
      at __awaiter (src/__tests__/integration/production-readiness.test.tsx:38:12)
      at Object.<anonymous> (src/__tests__/integration/production-readiness.test.tsx:181:49)

  Γקן Production Readiness Tests Γא║ Real-time Analysis Engine Γא║ should handle frame analysis workflow

    Element type is invalid: expected a string (for built-in components) or a class/function (for composite components) but got: undefined. You likely forgot to export your component from the file it's defined in, or you might have mixed up default and named imports.

      94 |
      95 |   const renderWithProviders = (component: React.ReactElement) => {
    > 96 |     return render(
         |                  ^
      97 |       <QueryClientProvider client={queryClient}>
      98 |         <BrowserRouter>
      99 |           <AuthProvider>

      at createFiberFromTypeAndProps (node_modules/react-dom/cjs/react-dom-client.development.js:5021:28)
      at createFiberFromElement (node_modules/react-dom/cjs/react-dom-client.development.js:5035:14)
      at reconcileChildFibersImpl (node_modules/react-dom/cjs/react-dom-client.development.js:6920:31)
      at node_modules/react-dom/cjs/react-dom-client.development.js:7098:33
      at reconcileChildren (node_modules/react-dom/cjs/react-dom-client.development.js:9701:13)
      at beginWork (node_modules/react-dom/cjs/react-dom-client.development.js:12171:13)
      at runWithFiberInDEV (node_modules/react-dom/cjs/react-dom-client.development.js:874:13)
      at performUnitOfWork (node_modules/react-dom/cjs/react-dom-client.development.js:17641:22)
      at workLoopSync (node_modules/react-dom/cjs/react-dom-client.development.js:17469:41)
      at renderRootSync (node_modules/react-dom/cjs/react-dom-client.development.js:17450:11)
      at performWorkOnRoot (node_modules/react-dom/cjs/react-dom-client.development.js:16583:35)
      at performWorkOnRootViaSchedulerTask (node_modules/react-dom/cjs/react-dom-client.development.js:18957:7)
      at flushActQueue (node_modules/react/cjs/react.development.js:590:34)
      at process.env.NODE_ENV.exports.act (node_modules/react/cjs/react.development.js:884:10)
      at actImplementation (node_modules/@testing-library/react/dist/act-compat.js:47:25)
      at renderRoot (node_modules/@testing-library/react/dist/pure.js:190:25)
      at renderRoot (node_modules/@testing-library/react/dist/pure.js:292:10)
      at renderWithProviders (src/__tests__/integration/production-readiness.test.tsx:96:18)
      at src/__tests__/integration/production-readiness.test.tsx:222:7
      at step (src/__tests__/integration/production-readiness.test.tsx:67:23)
      at Object.next (src/__tests__/integration/production-readiness.test.tsx:48:53)
      at src/__tests__/integration/production-readiness.test.tsx:42:71
      at __awaiter (src/__tests__/integration/production-readiness.test.tsx:38:12)
      at Object.<anonymous> (src/__tests__/integration/production-readiness.test.tsx:197:51)

  Γקן Production Readiness Tests Γא║ Real-time Analysis Engine Γא║ should handle analysis errors gracefully

    Element type is invalid: expected a string (for built-in components) or a class/function (for composite components) but got: undefined. You likely forgot to export your component from the file it's defined in, or you might have mixed up default and named imports.

      94 |
      95 |   const renderWithProviders = (component: React.ReactElement) => {
    > 96 |     return render(
         |                  ^
      97 |       <QueryClientProvider client={queryClient}>
      98 |         <BrowserRouter>
      99 |           <AuthProvider>

      at createFiberFromTypeAndProps (node_modules/react-dom/cjs/react-dom-client.development.js:5021:28)
      at createFiberFromElement (node_modules/react-dom/cjs/react-dom-client.development.js:5035:14)
      at reconcileChildFibersImpl (node_modules/react-dom/cjs/react-dom-client.development.js:6920:31)
      at node_modules/react-dom/cjs/react-dom-client.development.js:7098:33
      at reconcileChildren (node_modules/react-dom/cjs/react-dom-client.development.js:9701:13)
      at beginWork (node_modules/react-dom/cjs/react-dom-client.development.js:12171:13)
      at runWithFiberInDEV (node_modules/react-dom/cjs/react-dom-client.development.js:874:13)
      at performUnitOfWork (node_modules/react-dom/cjs/react-dom-client.development.js:17641:22)
      at workLoopSync (node_modules/react-dom/cjs/react-dom-client.development.js:17469:41)
      at renderRootSync (node_modules/react-dom/cjs/react-dom-client.development.js:17450:11)
      at performWorkOnRoot (node_modules/react-dom/cjs/react-dom-client.development.js:16583:35)
      at performWorkOnRootViaSchedulerTask (node_modules/react-dom/cjs/react-dom-client.development.js:18957:7)
      at flushActQueue (node_modules/react/cjs/react.development.js:590:34)
      at process.env.NODE_ENV.exports.act (node_modules/react/cjs/react.development.js:884:10)
      at actImplementation (node_modules/@testing-library/react/dist/act-compat.js:47:25)
      at renderRoot (node_modules/@testing-library/react/dist/pure.js:190:25)
      at renderRoot (node_modules/@testing-library/react/dist/pure.js:292:10)
      at renderWithProviders (src/__tests__/integration/production-readiness.test.tsx:96:18)
      at src/__tests__/integration/production-readiness.test.tsx:235:7
      at step (src/__tests__/integration/production-readiness.test.tsx:67:23)
      at Object.next (src/__tests__/integration/production-readiness.test.tsx:48:53)
      at src/__tests__/integration/production-readiness.test.tsx:42:71
      at __awaiter (src/__tests__/integration/production-readiness.test.tsx:38:12)
      at Object.<anonymous> (src/__tests__/integration/production-readiness.test.tsx:229:54)

  Γקן Production Readiness Tests Γא║ UI Components Rendering Γא║ should render main demo interface

    Element type is invalid: expected a string (for built-in components) or a class/function (for composite components) but got: undefined. You likely forgot to export your component from the file it's defined in, or you might have mixed up default and named imports.

      94 |
      95 |   const renderWithProviders = (component: React.ReactElement) => {
    > 96 |     return render(
         |                  ^
      97 |       <QueryClientProvider client={queryClient}>
      98 |         <BrowserRouter>
      99 |           <AuthProvider>

      at createFiberFromTypeAndProps (node_modules/react-dom/cjs/react-dom-client.development.js:5021:28)
      at createFiberFromElement (node_modules/react-dom/cjs/react-dom-client.development.js:5035:14)
      at reconcileChildFibersImpl (node_modules/react-dom/cjs/react-dom-client.development.js:6920:31)
      at node_modules/react-dom/cjs/react-dom-client.development.js:7098:33
      at reconcileChildren (node_modules/react-dom/cjs/react-dom-client.development.js:9701:13)
      at beginWork (node_modules/react-dom/cjs/react-dom-client.development.js:12171:13)
      at runWithFiberInDEV (node_modules/react-dom/cjs/react-dom-client.development.js:874:13)
      at performUnitOfWork (node_modules/react-dom/cjs/react-dom-client.development.js:17641:22)
      at workLoopSync (node_modules/react-dom/cjs/react-dom-client.development.js:17469:41)
      at renderRootSync (node_modules/react-dom/cjs/react-dom-client.development.js:17450:11)
      at performWorkOnRoot (node_modules/react-dom/cjs/react-dom-client.development.js:16583:35)
      at performWorkOnRootViaSchedulerTask (node_modules/react-dom/cjs/react-dom-client.development.js:18957:7)
      at flushActQueue (node_modules/react/cjs/react.development.js:590:34)
      at process.env.NODE_ENV.exports.act (node_modules/react/cjs/react.development.js:884:10)
      at actImplementation (node_modules/@testing-library/react/dist/act-compat.js:47:25)
      at renderRoot (node_modules/@testing-library/react/dist/pure.js:190:25)
      at renderRoot (node_modules/@testing-library/react/dist/pure.js:292:10)
      at renderWithProviders (src/__tests__/integration/production-readiness.test.tsx:96:18)
      at src/__tests__/integration/production-readiness.test.tsx:245:7
      at step (src/__tests__/integration/production-readiness.test.tsx:67:23)
      at Object.next (src/__tests__/integration/production-readiness.test.tsx:48:53)
      at src/__tests__/integration/production-readiness.test.tsx:42:71
      at __awaiter (src/__tests__/integration/production-readiness.test.tsx:38:12)
      at Object.<anonymous> (src/__tests__/integration/production-readiness.test.tsx:244:47)

  Γקן Production Readiness Tests Γא║ UI Components Rendering Γא║ should display metrics dashboard

    Element type is invalid: expected a string (for built-in components) or a class/function (for composite components) but got: undefined. You likely forgot to export your component from the file it's defined in, or you might have mixed up default and named imports.

      94 |
      95 |   const renderWithProviders = (component: React.ReactElement) => {
    > 96 |     return render(
         |                  ^
      97 |       <QueryClientProvider client={queryClient}>
      98 |         <BrowserRouter>
      99 |           <AuthProvider>

      at createFiberFromTypeAndProps (node_modules/react-dom/cjs/react-dom-client.development.js:5021:28)
      at createFiberFromElement (node_modules/react-dom/cjs/react-dom-client.development.js:5035:14)
      at reconcileChildFibersImpl (node_modules/react-dom/cjs/react-dom-client.development.js:6920:31)
      at node_modules/react-dom/cjs/react-dom-client.development.js:7098:33
      at reconcileChildren (node_modules/react-dom/cjs/react-dom-client.development.js:9701:13)
      at beginWork (node_modules/react-dom/cjs/react-dom-client.development.js:12171:13)
      at runWithFiberInDEV (node_modules/react-dom/cjs/react-dom-client.development.js:874:13)
      at performUnitOfWork (node_modules/react-dom/cjs/react-dom-client.development.js:17641:22)
      at workLoopSync (node_modules/react-dom/cjs/react-dom-client.development.js:17469:41)
      at renderRootSync (node_modules/react-dom/cjs/react-dom-client.development.js:17450:11)
      at performWorkOnRoot (node_modules/react-dom/cjs/react-dom-client.development.js:16583:35)
      at performWorkOnRootViaSchedulerTask (node_modules/react-dom/cjs/react-dom-client.development.js:18957:7)
      at flushActQueue (node_modules/react/cjs/react.development.js:590:34)
      at process.env.NODE_ENV.exports.act (node_modules/react/cjs/react.development.js:884:10)
      at actImplementation (node_modules/@testing-library/react/dist/act-compat.js:47:25)
      at renderRoot (node_modules/@testing-library/react/dist/pure.js:190:25)
      at renderRoot (node_modules/@testing-library/react/dist/pure.js:292:10)
      at renderWithProviders (src/__tests__/integration/production-readiness.test.tsx:96:18)
      at src/__tests__/integration/production-readiness.test.tsx:253:7
      at step (src/__tests__/integration/production-readiness.test.tsx:67:23)
      at Object.next (src/__tests__/integration/production-readiness.test.tsx:48:53)
      at src/__tests__/integration/production-readiness.test.tsx:42:71
      at __awaiter (src/__tests__/integration/production-readiness.test.tsx:38:12)
      at Object.<anonymous> (src/__tests__/integration/production-readiness.test.tsx:252:46)

  Γקן Production Readiness Tests Γא║ UI Components Rendering Γא║ should handle loading states

    Element type is invalid: expected a string (for built-in components) or a class/function (for composite components) but got: undefined. You likely forgot to export your component from the file it's defined in, or you might have mixed up default and named imports.

      94 |
      95 |   const renderWithProviders = (component: React.ReactElement) => {
    > 96 |     return render(
         |                  ^
      97 |       <QueryClientProvider client={queryClient}>
      98 |         <BrowserRouter>
      99 |           <AuthProvider>

      at createFiberFromTypeAndProps (node_modules/react-dom/cjs/react-dom-client.development.js:5021:28)
      at createFiberFromElement (node_modules/react-dom/cjs/react-dom-client.development.js:5035:14)
      at reconcileChildFibersImpl (node_modules/react-dom/cjs/react-dom-client.development.js:6920:31)
      at node_modules/react-dom/cjs/react-dom-client.development.js:7098:33
      at reconcileChildren (node_modules/react-dom/cjs/react-dom-client.development.js:9701:13)
      at beginWork (node_modules/react-dom/cjs/react-dom-client.development.js:12171:13)
      at runWithFiberInDEV (node_modules/react-dom/cjs/react-dom-client.development.js:874:13)
      at performUnitOfWork (node_modules/react-dom/cjs/react-dom-client.development.js:17641:22)
      at workLoopSync (node_modules/react-dom/cjs/react-dom-client.development.js:17469:41)
      at renderRootSync (node_modules/react-dom/cjs/react-dom-client.development.js:17450:11)
      at performWorkOnRoot (node_modules/react-dom/cjs/react-dom-client.development.js:16583:35)
      at performWorkOnRootViaSchedulerTask (node_modules/react-dom/cjs/react-dom-client.development.js:18957:7)
      at flushActQueue (node_modules/react/cjs/react.development.js:590:34)
      at process.env.NODE_ENV.exports.act (node_modules/react/cjs/react.development.js:884:10)
      at actImplementation (node_modules/@testing-library/react/dist/act-compat.js:47:25)
      at renderRoot (node_modules/@testing-library/react/dist/pure.js:190:25)
      at renderRoot (node_modules/@testing-library/react/dist/pure.js:292:10)
      at renderWithProviders (src/__tests__/integration/production-readiness.test.tsx:96:18)
      at src/__tests__/integration/production-readiness.test.tsx:261:7
      at step (src/__tests__/integration/production-readiness.test.tsx:67:23)
      at Object.next (src/__tests__/integration/production-readiness.test.tsx:48:53)
      at src/__tests__/integration/production-readiness.test.tsx:42:71
      at __awaiter (src/__tests__/integration/production-readiness.test.tsx:38:12)
      at Object.<anonymous> (src/__tests__/integration/production-readiness.test.tsx:260:42)

  Γקן Production Readiness Tests Γא║ Error Handling Γא║ should handle network errors

    Element type is invalid: expected a string (for built-in components) or a class/function (for composite components) but got: undefined. You likely forgot to export your component from the file it's defined in, or you might have mixed up default and named imports.

      94 |
      95 |   const renderWithProviders = (component: React.ReactElement) => {
    > 96 |     return render(
         |                  ^
      97 |       <QueryClientProvider client={queryClient}>
      98 |         <BrowserRouter>
      99 |           <AuthProvider>

      at createFiberFromTypeAndProps (node_modules/react-dom/cjs/react-dom-client.development.js:5021:28)
      at createFiberFromElement (node_modules/react-dom/cjs/react-dom-client.development.js:5035:14)
      at reconcileChildFibersImpl (node_modules/react-dom/cjs/react-dom-client.development.js:6920:31)
      at node_modules/react-dom/cjs/react-dom-client.development.js:7098:33
      at reconcileChildren (node_modules/react-dom/cjs/react-dom-client.development.js:9701:13)
      at beginWork (node_modules/react-dom/cjs/react-dom-client.development.js:12171:13)
      at runWithFiberInDEV (node_modules/react-dom/cjs/react-dom-client.development.js:874:13)
      at performUnitOfWork (node_modules/react-dom/cjs/react-dom-client.development.js:17641:22)
      at workLoopSync (node_modules/react-dom/cjs/react-dom-client.development.js:17469:41)
      at renderRootSync (node_modules/react-dom/cjs/react-dom-client.development.js:17450:11)
      at performWorkOnRoot (node_modules/react-dom/cjs/react-dom-client.development.js:16583:35)
      at performWorkOnRootViaSchedulerTask (node_modules/react-dom/cjs/react-dom-client.development.js:18957:7)
      at flushActQueue (node_modules/react/cjs/react.development.js:590:34)
      at process.env.NODE_ENV.exports.act (node_modules/react/cjs/react.development.js:884:10)
      at actImplementation (node_modules/@testing-library/react/dist/act-compat.js:47:25)
      at renderRoot (node_modules/@testing-library/react/dist/pure.js:190:25)
      at renderRoot (node_modules/@testing-library/react/dist/pure.js:292:10)
      at renderWithProviders (src/__tests__/integration/production-readiness.test.tsx:96:18)
      at src/__tests__/integration/production-readiness.test.tsx:275:7
      at step (src/__tests__/integration/production-readiness.test.tsx:67:23)
      at Object.next (src/__tests__/integration/production-readiness.test.tsx:48:53)
      at src/__tests__/integration/production-readiness.test.tsx:42:71
      at __awaiter (src/__tests__/integration/production-readiness.test.tsx:38:12)
      at Object.<anonymous> (src/__tests__/integration/production-readiness.test.tsx:270:42)

  Γקן Production Readiness Tests Γא║ Error Handling Γא║ should handle timeout errors

    Element type is invalid: expected a string (for built-in components) or a class/function (for composite components) but got: undefined. You likely forgot to export your component from the file it's defined in, or you might have mixed up default and named imports.

      94 |
      95 |   const renderWithProviders = (component: React.ReactElement) => {
    > 96 |     return render(
         |                  ^
      97 |       <QueryClientProvider client={queryClient}>
      98 |         <BrowserRouter>
      99 |           <AuthProvider>

      at createFiberFromTypeAndProps (node_modules/react-dom/cjs/react-dom-client.development.js:5021:28)
      at createFiberFromElement (node_modules/react-dom/cjs/react-dom-client.development.js:5035:14)
      at reconcileChildFibersImpl (node_modules/react-dom/cjs/react-dom-client.development.js:6920:31)
      at node_modules/react-dom/cjs/react-dom-client.development.js:7098:33
      at reconcileChildren (node_modules/react-dom/cjs/react-dom-client.development.js:9701:13)
      at beginWork (node_modules/react-dom/cjs/react-dom-client.development.js:12171:13)
      at runWithFiberInDEV (node_modules/react-dom/cjs/react-dom-client.development.js:874:13)
      at performUnitOfWork (node_modules/react-dom/cjs/react-dom-client.development.js:17641:22)
      at workLoopSync (node_modules/react-dom/cjs/react-dom-client.development.js:17469:41)
      at renderRootSync (node_modules/react-dom/cjs/react-dom-client.development.js:17450:11)
      at performWorkOnRoot (node_modules/react-dom/cjs/react-dom-client.development.js:16583:35)
      at performWorkOnRootViaSchedulerTask (node_modules/react-dom/cjs/react-dom-client.development.js:18957:7)
      at flushActQueue (node_modules/react/cjs/react.development.js:590:34)
      at process.env.NODE_ENV.exports.act (node_modules/react/cjs/react.development.js:884:10)
      at actImplementation (node_modules/@testing-library/react/dist/act-compat.js:47:25)
      at renderRoot (node_modules/@testing-library/react/dist/pure.js:190:25)
      at renderRoot (node_modules/@testing-library/react/dist/pure.js:292:10)
      at renderWithProviders (src/__tests__/integration/production-readiness.test.tsx:96:18)
      at src/__tests__/integration/production-readiness.test.tsx:291:7
      at step (src/__tests__/integration/production-readiness.test.tsx:67:23)
      at Object.next (src/__tests__/integration/production-readiness.test.tsx:48:53)
      at src/__tests__/integration/production-readiness.test.tsx:42:71
      at __awaiter (src/__tests__/integration/production-readiness.test.tsx:38:12)
      at Object.<anonymous> (src/__tests__/integration/production-readiness.test.tsx:282:42)

  Γקן Production Readiness Tests Γא║ Performance Metrics Γא║ should track performance metrics

    Element type is invalid: expected a string (for built-in components) or a class/function (for composite components) but got: undefined. You likely forgot to export your component from the file it's defined in, or you might have mixed up default and named imports.

      94 |
      95 |   const renderWithProviders = (component: React.ReactElement) => {
    > 96 |     return render(
         |                  ^
      97 |       <QueryClientProvider client={queryClient}>
      98 |         <BrowserRouter>
      99 |           <AuthProvider>

      at createFiberFromTypeAndProps (node_modules/react-dom/cjs/react-dom-client.development.js:5021:28)
      at createFiberFromElement (node_modules/react-dom/cjs/react-dom-client.development.js:5035:14)
      at reconcileChildFibersImpl (node_modules/react-dom/cjs/react-dom-client.development.js:6920:31)
      at node_modules/react-dom/cjs/react-dom-client.development.js:7098:33
      at reconcileChildren (node_modules/react-dom/cjs/react-dom-client.development.js:9701:13)
      at beginWork (node_modules/react-dom/cjs/react-dom-client.development.js:12171:13)
      at runWithFiberInDEV (node_modules/react-dom/cjs/react-dom-client.development.js:874:13)
      at performUnitOfWork (node_modules/react-dom/cjs/react-dom-client.development.js:17641:22)
      at workLoopSync (node_modules/react-dom/cjs/react-dom-client.development.js:17469:41)
      at renderRootSync (node_modules/react-dom/cjs/react-dom-client.development.js:17450:11)
      at performWorkOnRoot (node_modules/react-dom/cjs/react-dom-client.development.js:16583:35)
      at performWorkOnRootViaSchedulerTask (node_modules/react-dom/cjs/react-dom-client.development.js:18957:7)
      at flushActQueue (node_modules/react/cjs/react.development.js:590:34)
      at process.env.NODE_ENV.exports.act (node_modules/react/cjs/react.development.js:884:10)
      at actImplementation (node_modules/@testing-library/react/dist/act-compat.js:47:25)
      at renderRoot (node_modules/@testing-library/react/dist/pure.js:190:25)
      at renderRoot (node_modules/@testing-library/react/dist/pure.js:292:10)
      at renderWithProviders (src/__tests__/integration/production-readiness.test.tsx:96:18)
      at src/__tests__/integration/production-readiness.test.tsx:302:7
      at step (src/__tests__/integration/production-readiness.test.tsx:67:23)
      at Object.next (src/__tests__/integration/production-readiness.test.tsx:48:53)
      at src/__tests__/integration/production-readiness.test.tsx:42:71
      at __awaiter (src/__tests__/integration/production-readiness.test.tsx:38:12)
      at Object.<anonymous> (src/__tests__/integration/production-readiness.test.tsx:300:46)

PASS src/__tests__/services/SequentialShotDetection.test.ts (16.718 s)
  SequentialShotDetection
    Session Management
      Γטת should initialize a new session (18 ms)
      Γטת should clear a session (3 ms)
      Γטת should get active sessions (3 ms)
      Γטת should return null when processing frame for non-existent session (4 ms)
    Frame Processing
      Γטת should not detect shot on first frame (6 ms)
      Γטת should detect shot when frame difference exceeds threshold (13 ms)
      Γטת should respect minimum shot interval (5 ms)
      Γטת should accumulate confirmation frames before detecting shot (3 ms)
    Configuration
      Γטת should use default configuration (5 ms)
      Γטת should update configuration (2 ms)
      Γטת should apply sensitivity multiplier (2 ms)
    Session Statistics
      Γטת should return zero statistics for empty session (18 ms)
      Γטת should calculate correct statistics after shots (1867 ms)
      Γטת should calculate shot rate correctly (1894 ms)
    Shot History
      Γטת should maintain shot order (3063 ms)
      Γטת should track current shot number correctly (3045 ms)
    Import/Export
      Γטת should export session data (1829 ms)
      Γטת should return null for non-existent session export
      Γטת should import session data (1 ms)
    Singleton Instance
      Γטת should provide singleton instance (1 ms)
      Γטת should maintain state across singleton usage

Summary of all failing tests
FAIL src/__tests__/utils/test-auth-flow.ts
  Γקן Test suite failed to run

    Your test suite must contain at least one test.

      at onResult (node_modules/@jest/core/build/index.js:1057:18)
      at node_modules/@jest/core/build/index.js:1127:165
      at node_modules/emittery/index.js:363:13
          at Array.map (<anonymous>)
      at Emittery.emit (node_modules/emittery/index.js:361:23)

FAIL src/__tests__/hooks/useAuth.test.tsx
  Γקן useAuth Hook Γא║ Google Sign In Γא║ signs in with Google successfully

    expect(received).toBe(expected) // Object.is equality

    Expected: "Google sign-in not yet implemented. Please use email sign-in."
    Received: "AuthService_1.authService.signInWithGoogle is not a function"

      113 |       expect(result.current.user).toBe(null);
      114 |       expect(result.current.loading).toBe(false);
    > 115 |       expect(result.current.error).toBe('Google sign-in not yet implemented. Please use email sign-in.');
          |                                    ^
      116 |     });
      117 |
      118 |     it('handles popup closed by user error', async () => {

      at src/__tests__/hooks/useAuth.test.tsx:115:36
      at step (src/__tests__/hooks/useAuth.test.tsx:33:23)
      at Object.next (src/__tests__/hooks/useAuth.test.tsx:14:53)
      at fulfilled (src/__tests__/hooks/useAuth.test.tsx:5:58)

  Γקן useAuth Hook Γא║ Google Sign In Γא║ handles popup closed by user error

    expect(received).toBe(expected) // Object.is equality

    Expected: "Google sign-in not yet implemented. Please use email sign-in."
    Received: "AuthService_1.authService.signInWithGoogle is not a function"

      125 |       expect(result.current.user).toBe(null);
      126 |       expect(result.current.loading).toBe(false);
    > 127 |       expect(result.current.error).toBe('Google sign-in not yet implemented. Please use email sign-in.');
          |                                    ^
      128 |     });
      129 |
      130 |     it('handles popup blocked error', async () => {

      at src/__tests__/hooks/useAuth.test.tsx:127:36
      at step (src/__tests__/hooks/useAuth.test.tsx:33:23)
      at Object.next (src/__tests__/hooks/useAuth.test.tsx:14:53)
      at fulfilled (src/__tests__/hooks/useAuth.test.tsx:5:58)

  Γקן useAuth Hook Γא║ Google Sign In Γא║ handles popup blocked error

    expect(received).toBe(expected) // Object.is equality

    Expected: "Google sign-in not yet implemented. Please use email sign-in."
    Received: "AuthService_1.authService.signInWithGoogle is not a function"

      135 |       });
      136 |
    > 137 |       expect(result.current.error).toBe('Google sign-in not yet implemented. Please use email sign-in.');
          |                                    ^
      138 |     });
      139 |
      140 |     it('handles generic sign in error', async () => {

      at src/__tests__/hooks/useAuth.test.tsx:137:36
      at step (src/__tests__/hooks/useAuth.test.tsx:33:23)
      at Object.next (src/__tests__/hooks/useAuth.test.tsx:14:53)
      at fulfilled (src/__tests__/hooks/useAuth.test.tsx:5:58)

  Γקן useAuth Hook Γא║ Google Sign In Γא║ handles generic sign in error

    expect(received).toBe(expected) // Object.is equality

    Expected: "Google sign-in not yet implemented. Please use email sign-in."
    Received: "AuthService_1.authService.signInWithGoogle is not a function"

      145 |       });
      146 |
    > 147 |       expect(result.current.error).toBe('Google sign-in not yet implemented. Please use email sign-in.');
          |                                    ^
      148 |     });
      149 |   });
      150 |

      at src/__tests__/hooks/useAuth.test.tsx:147:36
      at step (src/__tests__/hooks/useAuth.test.tsx:33:23)
      at Object.next (src/__tests__/hooks/useAuth.test.tsx:14:53)
      at fulfilled (src/__tests__/hooks/useAuth.test.tsx:5:58)

FAIL src/__tests__/integration/production-readiness.test.tsx
  Γקן Production Readiness Tests Γא║ Authentication System Γא║ should handle user authentication flow

    Element type is invalid: expected a string (for built-in components) or a class/function (for composite components) but got: undefined. You likely forgot to export your component from the file it's defined in, or you might have mixed up default and named imports.

      94 |
      95 |   const renderWithProviders = (component: React.ReactElement) => {
    > 96 |     return render(
         |                  ^
      97 |       <QueryClientProvider client={queryClient}>
      98 |         <BrowserRouter>
      99 |           <AuthProvider>

      at createFiberFromTypeAndProps (node_modules/react-dom/cjs/react-dom-client.development.js:5021:28)
      at createFiberFromElement (node_modules/react-dom/cjs/react-dom-client.development.js:5035:14)
      at reconcileChildFibersImpl (node_modules/react-dom/cjs/react-dom-client.development.js:6920:31)
      at node_modules/react-dom/cjs/react-dom-client.development.js:7098:33
      at reconcileChildren (node_modules/react-dom/cjs/react-dom-client.development.js:9701:13)
      at beginWork (node_modules/react-dom/cjs/react-dom-client.development.js:12171:13)
      at runWithFiberInDEV (node_modules/react-dom/cjs/react-dom-client.development.js:874:13)
      at performUnitOfWork (node_modules/react-dom/cjs/react-dom-client.development.js:17641:22)
      at workLoopSync (node_modules/react-dom/cjs/react-dom-client.development.js:17469:41)
      at renderRootSync (node_modules/react-dom/cjs/react-dom-client.development.js:17450:11)
      at performWorkOnRoot (node_modules/react-dom/cjs/react-dom-client.development.js:16583:35)
      at performWorkOnRootViaSchedulerTask (node_modules/react-dom/cjs/react-dom-client.development.js:18957:7)
      at flushActQueue (node_modules/react/cjs/react.development.js:590:34)
      at process.env.NODE_ENV.exports.act (node_modules/react/cjs/react.development.js:884:10)
      at actImplementation (node_modules/@testing-library/react/dist/act-compat.js:47:25)
      at renderRoot (node_modules/@testing-library/react/dist/pure.js:190:25)
      at renderRoot (node_modules/@testing-library/react/dist/pure.js:292:10)
      at renderWithProviders (src/__tests__/integration/production-readiness.test.tsx:96:18)
      at src/__tests__/integration/production-readiness.test.tsx:119:7
      at step (src/__tests__/integration/production-readiness.test.tsx:67:23)
      at Object.next (src/__tests__/integration/production-readiness.test.tsx:48:53)
      at src/__tests__/integration/production-readiness.test.tsx:42:71
      at __awaiter (src/__tests__/integration/production-readiness.test.tsx:38:12)
      at Object.<anonymous> (src/__tests__/integration/production-readiness.test.tsx:108:52)

  Γקן Production Readiness Tests Γא║ Authentication System Γא║ should handle authentication errors gracefully

    Element type is invalid: expected a string (for built-in components) or a class/function (for composite components) but got: undefined. You likely forgot to export your component from the file it's defined in, or you might have mixed up default and named imports.

      94 |
      95 |   const renderWithProviders = (component: React.ReactElement) => {
    > 96 |     return render(
         |                  ^
      97 |       <QueryClientProvider client={queryClient}>
      98 |         <BrowserRouter>
      99 |           <AuthProvider>

      at createFiberFromTypeAndProps (node_modules/react-dom/cjs/react-dom-client.development.js:5021:28)
      at createFiberFromElement (node_modules/react-dom/cjs/react-dom-client.development.js:5035:14)
      at reconcileChildFibersImpl (node_modules/react-dom/cjs/react-dom-client.development.js:6920:31)
      at node_modules/react-dom/cjs/react-dom-client.development.js:7098:33
      at reconcileChildren (node_modules/react-dom/cjs/react-dom-client.development.js:9701:13)
      at beginWork (node_modules/react-dom/cjs/react-dom-client.development.js:12171:13)
      at runWithFiberInDEV (node_modules/react-dom/cjs/react-dom-client.development.js:874:13)
      at performUnitOfWork (node_modules/react-dom/cjs/react-dom-client.development.js:17641:22)
      at workLoopSync (node_modules/react-dom/cjs/react-dom-client.development.js:17469:41)
      at renderRootSync (node_modules/react-dom/cjs/react-dom-client.development.js:17450:11)
      at performWorkOnRoot (node_modules/react-dom/cjs/react-dom-client.development.js:16583:35)
      at performWorkOnRootViaSchedulerTask (node_modules/react-dom/cjs/react-dom-client.development.js:18957:7)
      at flushActQueue (node_modules/react/cjs/react.development.js:590:34)
      at process.env.NODE_ENV.exports.act (node_modules/react/cjs/react.development.js:884:10)
      at actImplementation (node_modules/@testing-library/react/dist/act-compat.js:47:25)
      at renderRoot (node_modules/@testing-library/react/dist/pure.js:190:25)
      at renderRoot (node_modules/@testing-library/react/dist/pure.js:292:10)
      at renderWithProviders (src/__tests__/integration/production-readiness.test.tsx:96:18)
      at src/__tests__/integration/production-readiness.test.tsx:134:7
      at step (src/__tests__/integration/production-readiness.test.tsx:67:23)
      at Object.next (src/__tests__/integration/production-readiness.test.tsx:48:53)
      at src/__tests__/integration/production-readiness.test.tsx:42:71
      at __awaiter (src/__tests__/integration/production-readiness.test.tsx:38:12)
      at Object.<anonymous> (src/__tests__/integration/production-readiness.test.tsx:127:60)

  Γקן Production Readiness Tests Γא║ Microservices Health Check Γא║ should handle health check failures

    Element type is invalid: expected a string (for built-in components) or a class/function (for composite components) but got: undefined. You likely forgot to export your component from the file it's defined in, or you might have mixed up default and named imports.

      94 |
      95 |   const renderWithProviders = (component: React.ReactElement) => {
    > 96 |     return render(
         |                  ^
      97 |       <QueryClientProvider client={queryClient}>
      98 |         <BrowserRouter>
      99 |           <AuthProvider>

      at createFiberFromTypeAndProps (node_modules/react-dom/cjs/react-dom-client.development.js:5021:28)
      at createFiberFromElement (node_modules/react-dom/cjs/react-dom-client.development.js:5035:14)
      at reconcileChildFibersImpl (node_modules/react-dom/cjs/react-dom-client.development.js:6920:31)
      at node_modules/react-dom/cjs/react-dom-client.development.js:7098:33
      at reconcileChildren (node_modules/react-dom/cjs/react-dom-client.development.js:9701:13)
      at beginWork (node_modules/react-dom/cjs/react-dom-client.development.js:12171:13)
      at runWithFiberInDEV (node_modules/react-dom/cjs/react-dom-client.development.js:874:13)
      at performUnitOfWork (node_modules/react-dom/cjs/react-dom-client.development.js:17641:22)
      at workLoopSync (node_modules/react-dom/cjs/react-dom-client.development.js:17469:41)
      at renderRootSync (node_modules/react-dom/cjs/react-dom-client.development.js:17450:11)
      at performWorkOnRoot (node_modules/react-dom/cjs/react-dom-client.development.js:16583:35)
      at performWorkOnRootViaSchedulerTask (node_modules/react-dom/cjs/react-dom-client.development.js:18957:7)
      at flushActQueue (node_modules/react/cjs/react.development.js:590:34)
      at process.env.NODE_ENV.exports.act (node_modules/react/cjs/react.development.js:884:10)
      at actImplementation (node_modules/@testing-library/react/dist/act-compat.js:47:25)
      at renderRoot (node_modules/@testing-library/react/dist/pure.js:190:25)
      at renderRoot (node_modules/@testing-library/react/dist/pure.js:292:10)
      at renderWithProviders (src/__tests__/integration/production-readiness.test.tsx:96:18)
      at src/__tests__/integration/production-readiness.test.tsx:188:7
      at step (src/__tests__/integration/production-readiness.test.tsx:67:23)
      at Object.next (src/__tests__/integration/production-readiness.test.tsx:48:53)
      at src/__tests__/integration/production-readiness.test.tsx:42:71
      at __awaiter (src/__tests__/integration/production-readiness.test.tsx:38:12)
      at Object.<anonymous> (src/__tests__/integration/production-readiness.test.tsx:181:49)

  Γקן Production Readiness Tests Γא║ Real-time Analysis Engine Γא║ should handle frame analysis workflow

    Element type is invalid: expected a string (for built-in components) or a class/function (for composite components) but got: undefined. You likely forgot to export your component from the file it's defined in, or you might have mixed up default and named imports.

      94 |
      95 |   const renderWithProviders = (component: React.ReactElement) => {
    > 96 |     return render(
         |                  ^
      97 |       <QueryClientProvider client={queryClient}>
      98 |         <BrowserRouter>
      99 |           <AuthProvider>

      at createFiberFromTypeAndProps (node_modules/react-dom/cjs/react-dom-client.development.js:5021:28)
      at createFiberFromElement (node_modules/react-dom/cjs/react-dom-client.development.js:5035:14)
      at reconcileChildFibersImpl (node_modules/react-dom/cjs/react-dom-client.development.js:6920:31)
      at node_modules/react-dom/cjs/react-dom-client.development.js:7098:33
      at reconcileChildren (node_modules/react-dom/cjs/react-dom-client.development.js:9701:13)
      at beginWork (node_modules/react-dom/cjs/react-dom-client.development.js:12171:13)
      at runWithFiberInDEV (node_modules/react-dom/cjs/react-dom-client.development.js:874:13)
      at performUnitOfWork (node_modules/react-dom/cjs/react-dom-client.development.js:17641:22)
      at workLoopSync (node_modules/react-dom/cjs/react-dom-client.development.js:17469:41)
      at renderRootSync (node_modules/react-dom/cjs/react-dom-client.development.js:17450:11)
      at performWorkOnRoot (node_modules/react-dom/cjs/react-dom-client.development.js:16583:35)
      at performWorkOnRootViaSchedulerTask (node_modules/react-dom/cjs/react-dom-client.development.js:18957:7)
      at flushActQueue (node_modules/react/cjs/react.development.js:590:34)
      at process.env.NODE_ENV.exports.act (node_modules/react/cjs/react.development.js:884:10)
      at actImplementation (node_modules/@testing-library/react/dist/act-compat.js:47:25)
      at renderRoot (node_modules/@testing-library/react/dist/pure.js:190:25)
      at renderRoot (node_modules/@testing-library/react/dist/pure.js:292:10)
      at renderWithProviders (src/__tests__/integration/production-readiness.test.tsx:96:18)
      at src/__tests__/integration/production-readiness.test.tsx:222:7
      at step (src/__tests__/integration/production-readiness.test.tsx:67:23)
      at Object.next (src/__tests__/integration/production-readiness.test.tsx:48:53)
      at src/__tests__/integration/production-readiness.test.tsx:42:71
      at __awaiter (src/__tests__/integration/production-readiness.test.tsx:38:12)
      at Object.<anonymous> (src/__tests__/integration/production-readiness.test.tsx:197:51)

  Γקן Production Readiness Tests Γא║ Real-time Analysis Engine Γא║ should handle analysis errors gracefully

    Element type is invalid: expected a string (for built-in components) or a class/function (for composite components) but got: undefined. You likely forgot to export your component from the file it's defined in, or you might have mixed up default and named imports.

      94 |
      95 |   const renderWithProviders = (component: React.ReactElement) => {
    > 96 |     return render(
         |                  ^
      97 |       <QueryClientProvider client={queryClient}>
      98 |         <BrowserRouter>
      99 |           <AuthProvider>

      at createFiberFromTypeAndProps (node_modules/react-dom/cjs/react-dom-client.development.js:5021:28)
      at createFiberFromElement (node_modules/react-dom/cjs/react-dom-client.development.js:5035:14)
      at reconcileChildFibersImpl (node_modules/react-dom/cjs/react-dom-client.development.js:6920:31)
      at node_modules/react-dom/cjs/react-dom-client.development.js:7098:33
      at reconcileChildren (node_modules/react-dom/cjs/react-dom-client.development.js:9701:13)
      at beginWork (node_modules/react-dom/cjs/react-dom-client.development.js:12171:13)
      at runWithFiberInDEV (node_modules/react-dom/cjs/react-dom-client.development.js:874:13)
      at performUnitOfWork (node_modules/react-dom/cjs/react-dom-client.development.js:17641:22)
      at workLoopSync (node_modules/react-dom/cjs/react-dom-client.development.js:17469:41)
      at renderRootSync (node_modules/react-dom/cjs/react-dom-client.development.js:17450:11)
      at performWorkOnRoot (node_modules/react-dom/cjs/react-dom-client.development.js:16583:35)
      at performWorkOnRootViaSchedulerTask (node_modules/react-dom/cjs/react-dom-client.development.js:18957:7)
      at flushActQueue (node_modules/react/cjs/react.development.js:590:34)
      at process.env.NODE_ENV.exports.act (node_modules/react/cjs/react.development.js:884:10)
      at actImplementation (node_modules/@testing-library/react/dist/act-compat.js:47:25)
      at renderRoot (node_modules/@testing-library/react/dist/pure.js:190:25)
      at renderRoot (node_modules/@testing-library/react/dist/pure.js:292:10)
      at renderWithProviders (src/__tests__/integration/production-readiness.test.tsx:96:18)
      at src/__tests__/integration/production-readiness.test.tsx:235:7
      at step (src/__tests__/integration/production-readiness.test.tsx:67:23)
      at Object.next (src/__tests__/integration/production-readiness.test.tsx:48:53)
      at src/__tests__/integration/production-readiness.test.tsx:42:71
      at __awaiter (src/__tests__/integration/production-readiness.test.tsx:38:12)
      at Object.<anonymous> (src/__tests__/integration/production-readiness.test.tsx:229:54)

  Γקן Production Readiness Tests Γא║ UI Components Rendering Γא║ should render main demo interface

    Element type is invalid: expected a string (for built-in components) or a class/function (for composite components) but got: undefined. You likely forgot to export your component from the file it's defined in, or you might have mixed up default and named imports.

      94 |
      95 |   const renderWithProviders = (component: React.ReactElement) => {
    > 96 |     return render(
         |                  ^
      97 |       <QueryClientProvider client={queryClient}>
      98 |         <BrowserRouter>
      99 |           <AuthProvider>

      at createFiberFromTypeAndProps (node_modules/react-dom/cjs/react-dom-client.development.js:5021:28)
      at createFiberFromElement (node_modules/react-dom/cjs/react-dom-client.development.js:5035:14)
      at reconcileChildFibersImpl (node_modules/react-dom/cjs/react-dom-client.development.js:6920:31)
      at node_modules/react-dom/cjs/react-dom-client.development.js:7098:33
      at reconcileChildren (node_modules/react-dom/cjs/react-dom-client.development.js:9701:13)
      at beginWork (node_modules/react-dom/cjs/react-dom-client.development.js:12171:13)
      at runWithFiberInDEV (node_modules/react-dom/cjs/react-dom-client.development.js:874:13)
      at performUnitOfWork (node_modules/react-dom/cjs/react-dom-client.development.js:17641:22)
      at workLoopSync (node_modules/react-dom/cjs/react-dom-client.development.js:17469:41)
      at renderRootSync (node_modules/react-dom/cjs/react-dom-client.development.js:17450:11)
      at performWorkOnRoot (node_modules/react-dom/cjs/react-dom-client.development.js:16583:35)
      at performWorkOnRootViaSchedulerTask (node_modules/react-dom/cjs/react-dom-client.development.js:18957:7)
      at flushActQueue (node_modules/react/cjs/react.development.js:590:34)
      at process.env.NODE_ENV.exports.act (node_modules/react/cjs/react.development.js:884:10)
      at actImplementation (node_modules/@testing-library/react/dist/act-compat.js:47:25)
      at renderRoot (node_modules/@testing-library/react/dist/pure.js:190:25)
      at renderRoot (node_modules/@testing-library/react/dist/pure.js:292:10)
      at renderWithProviders (src/__tests__/integration/production-readiness.test.tsx:96:18)
      at src/__tests__/integration/production-readiness.test.tsx:245:7
      at step (src/__tests__/integration/production-readiness.test.tsx:67:23)
      at Object.next (src/__tests__/integration/production-readiness.test.tsx:48:53)
      at src/__tests__/integration/production-readiness.test.tsx:42:71
      at __awaiter (src/__tests__/integration/production-readiness.test.tsx:38:12)
      at Object.<anonymous> (src/__tests__/integration/production-readiness.test.tsx:244:47)

  Γקן Production Readiness Tests Γא║ UI Components Rendering Γא║ should display metrics dashboard

    Element type is invalid: expected a string (for built-in components) or a class/function (for composite components) but got: undefined. You likely forgot to export your component from the file it's defined in, or you might have mixed up default and named imports.

      94 |
      95 |   const renderWithProviders = (component: React.ReactElement) => {
    > 96 |     return render(
         |                  ^
      97 |       <QueryClientProvider client={queryClient}>
      98 |         <BrowserRouter>
      99 |           <AuthProvider>

      at createFiberFromTypeAndProps (node_modules/react-dom/cjs/react-dom-client.development.js:5021:28)
      at createFiberFromElement (node_modules/react-dom/cjs/react-dom-client.development.js:5035:14)
      at reconcileChildFibersImpl (node_modules/react-dom/cjs/react-dom-client.development.js:6920:31)
      at node_modules/react-dom/cjs/react-dom-client.development.js:7098:33
      at reconcileChildren (node_modules/react-dom/cjs/react-dom-client.development.js:9701:13)
      at beginWork (node_modules/react-dom/cjs/react-dom-client.development.js:12171:13)
      at runWithFiberInDEV (node_modules/react-dom/cjs/react-dom-client.development.js:874:13)
      at performUnitOfWork (node_modules/react-dom/cjs/react-dom-client.development.js:17641:22)
      at workLoopSync (node_modules/react-dom/cjs/react-dom-client.development.js:17469:41)
      at renderRootSync (node_modules/react-dom/cjs/react-dom-client.development.js:17450:11)
      at performWorkOnRoot (node_modules/react-dom/cjs/react-dom-client.development.js:16583:35)
      at performWorkOnRootViaSchedulerTask (node_modules/react-dom/cjs/react-dom-client.development.js:18957:7)
      at flushActQueue (node_modules/react/cjs/react.development.js:590:34)
      at process.env.NODE_ENV.exports.act (node_modules/react/cjs/react.development.js:884:10)
      at actImplementation (node_modules/@testing-library/react/dist/act-compat.js:47:25)
      at renderRoot (node_modules/@testing-library/react/dist/pure.js:190:25)
      at renderRoot (node_modules/@testing-library/react/dist/pure.js:292:10)
      at renderWithProviders (src/__tests__/integration/production-readiness.test.tsx:96:18)
      at src/__tests__/integration/production-readiness.test.tsx:253:7
      at step (src/__tests__/integration/production-readiness.test.tsx:67:23)
      at Object.next (src/__tests__/integration/production-readiness.test.tsx:48:53)
      at src/__tests__/integration/production-readiness.test.tsx:42:71
      at __awaiter (src/__tests__/integration/production-readiness.test.tsx:38:12)
      at Object.<anonymous> (src/__tests__/integration/production-readiness.test.tsx:252:46)

  Γקן Production Readiness Tests Γא║ UI Components Rendering Γא║ should handle loading states

    Element type is invalid: expected a string (for built-in components) or a class/function (for composite components) but got: undefined. You likely forgot to export your component from the file it's defined in, or you might have mixed up default and named imports.

      94 |
      95 |   const renderWithProviders = (component: React.ReactElement) => {
    > 96 |     return render(
         |                  ^
      97 |       <QueryClientProvider client={queryClient}>
      98 |         <BrowserRouter>
      99 |           <AuthProvider>

      at createFiberFromTypeAndProps (node_modules/react-dom/cjs/react-dom-client.development.js:5021:28)
      at createFiberFromElement (node_modules/react-dom/cjs/react-dom-client.development.js:5035:14)
      at reconcileChildFibersImpl (node_modules/react-dom/cjs/react-dom-client.development.js:6920:31)
      at node_modules/react-dom/cjs/react-dom-client.development.js:7098:33
      at reconcileChildren (node_modules/react-dom/cjs/react-dom-client.development.js:9701:13)
      at beginWork (node_modules/react-dom/cjs/react-dom-client.development.js:12171:13)
      at runWithFiberInDEV (node_modules/react-dom/cjs/react-dom-client.development.js:874:13)
      at performUnitOfWork (node_modules/react-dom/cjs/react-dom-client.development.js:17641:22)
      at workLoopSync (node_modules/react-dom/cjs/react-dom-client.development.js:17469:41)
      at renderRootSync (node_modules/react-dom/cjs/react-dom-client.development.js:17450:11)
      at performWorkOnRoot (node_modules/react-dom/cjs/react-dom-client.development.js:16583:35)
      at performWorkOnRootViaSchedulerTask (node_modules/react-dom/cjs/react-dom-client.development.js:18957:7)
      at flushActQueue (node_modules/react/cjs/react.development.js:590:34)
      at process.env.NODE_ENV.exports.act (node_modules/react/cjs/react.development.js:884:10)
      at actImplementation (node_modules/@testing-library/react/dist/act-compat.js:47:25)
      at renderRoot (node_modules/@testing-library/react/dist/pure.js:190:25)
      at renderRoot (node_modules/@testing-library/react/dist/pure.js:292:10)
      at renderWithProviders (src/__tests__/integration/production-readiness.test.tsx:96:18)
      at src/__tests__/integration/production-readiness.test.tsx:261:7
      at step (src/__tests__/integration/production-readiness.test.tsx:67:23)
      at Object.next (src/__tests__/integration/production-readiness.test.tsx:48:53)
      at src/__tests__/integration/production-readiness.test.tsx:42:71
      at __awaiter (src/__tests__/integration/production-readiness.test.tsx:38:12)
      at Object.<anonymous> (src/__tests__/integration/production-readiness.test.tsx:260:42)

  Γקן Production Readiness Tests Γא║ Error Handling Γא║ should handle network errors

    Element type is invalid: expected a string (for built-in components) or a class/function (for composite components) but got: undefined. You likely forgot to export your component from the file it's defined in, or you might have mixed up default and named imports.

      94 |
      95 |   const renderWithProviders = (component: React.ReactElement) => {
    > 96 |     return render(
         |                  ^
      97 |       <QueryClientProvider client={queryClient}>
      98 |         <BrowserRouter>
      99 |           <AuthProvider>

      at createFiberFromTypeAndProps (node_modules/react-dom/cjs/react-dom-client.development.js:5021:28)
      at createFiberFromElement (node_modules/react-dom/cjs/react-dom-client.development.js:5035:14)
      at reconcileChildFibersImpl (node_modules/react-dom/cjs/react-dom-client.development.js:6920:31)
      at node_modules/react-dom/cjs/react-dom-client.development.js:7098:33
      at reconcileChildren (node_modules/react-dom/cjs/react-dom-client.development.js:9701:13)
      at beginWork (node_modules/react-dom/cjs/react-dom-client.development.js:12171:13)
      at runWithFiberInDEV (node_modules/react-dom/cjs/react-dom-client.development.js:874:13)
      at performUnitOfWork (node_modules/react-dom/cjs/react-dom-client.development.js:17641:22)
      at workLoopSync (node_modules/react-dom/cjs/react-dom-client.development.js:17469:41)
      at renderRootSync (node_modules/react-dom/cjs/react-dom-client.development.js:17450:11)
      at performWorkOnRoot (node_modules/react-dom/cjs/react-dom-client.development.js:16583:35)
      at performWorkOnRootViaSchedulerTask (node_modules/react-dom/cjs/react-dom-client.development.js:18957:7)
      at flushActQueue (node_modules/react/cjs/react.development.js:590:34)
      at process.env.NODE_ENV.exports.act (node_modules/react/cjs/react.development.js:884:10)
      at actImplementation (node_modules/@testing-library/react/dist/act-compat.js:47:25)
      at renderRoot (node_modules/@testing-library/react/dist/pure.js:190:25)
      at renderRoot (node_modules/@testing-library/react/dist/pure.js:292:10)
      at renderWithProviders (src/__tests__/integration/production-readiness.test.tsx:96:18)
      at src/__tests__/integration/production-readiness.test.tsx:275:7
      at step (src/__tests__/integration/production-readiness.test.tsx:67:23)
      at Object.next (src/__tests__/integration/production-readiness.test.tsx:48:53)
      at src/__tests__/integration/production-readiness.test.tsx:42:71
      at __awaiter (src/__tests__/integration/production-readiness.test.tsx:38:12)
      at Object.<anonymous> (src/__tests__/integration/production-readiness.test.tsx:270:42)

  Γקן Production Readiness Tests Γא║ Error Handling Γא║ should handle timeout errors

    Element type is invalid: expected a string (for built-in components) or a class/function (for composite components) but got: undefined. You likely forgot to export your component from the file it's defined in, or you might have mixed up default and named imports.

      94 |
      95 |   const renderWithProviders = (component: React.ReactElement) => {
    > 96 |     return render(
         |                  ^
      97 |       <QueryClientProvider client={queryClient}>
      98 |         <BrowserRouter>
      99 |           <AuthProvider>

      at createFiberFromTypeAndProps (node_modules/react-dom/cjs/react-dom-client.development.js:5021:28)
      at createFiberFromElement (node_modules/react-dom/cjs/react-dom-client.development.js:5035:14)
      at reconcileChildFibersImpl (node_modules/react-dom/cjs/react-dom-client.development.js:6920:31)
      at node_modules/react-dom/cjs/react-dom-client.development.js:7098:33
      at reconcileChildren (node_modules/react-dom/cjs/react-dom-client.development.js:9701:13)
      at beginWork (node_modules/react-dom/cjs/react-dom-client.development.js:12171:13)
      at runWithFiberInDEV (node_modules/react-dom/cjs/react-dom-client.development.js:874:13)
      at performUnitOfWork (node_modules/react-dom/cjs/react-dom-client.development.js:17641:22)
      at workLoopSync (node_modules/react-dom/cjs/react-dom-client.development.js:17469:41)
      at renderRootSync (node_modules/react-dom/cjs/react-dom-client.development.js:17450:11)
      at performWorkOnRoot (node_modules/react-dom/cjs/react-dom-client.development.js:16583:35)
      at performWorkOnRootViaSchedulerTask (node_modules/react-dom/cjs/react-dom-client.development.js:18957:7)
      at flushActQueue (node_modules/react/cjs/react.development.js:590:34)
      at process.env.NODE_ENV.exports.act (node_modules/react/cjs/react.development.js:884:10)
      at actImplementation (node_modules/@testing-library/react/dist/act-compat.js:47:25)
      at renderRoot (node_modules/@testing-library/react/dist/pure.js:190:25)
      at renderRoot (node_modules/@testing-library/react/dist/pure.js:292:10)
      at renderWithProviders (src/__tests__/integration/production-readiness.test.tsx:96:18)
      at src/__tests__/integration/production-readiness.test.tsx:291:7
      at step (src/__tests__/integration/production-readiness.test.tsx:67:23)
      at Object.next (src/__tests__/integration/production-readiness.test.tsx:48:53)
      at src/__tests__/integration/production-readiness.test.tsx:42:71
      at __awaiter (src/__tests__/integration/production-readiness.test.tsx:38:12)
      at Object.<anonymous> (src/__tests__/integration/production-readiness.test.tsx:282:42)

  Γקן Production Readiness Tests Γא║ Performance Metrics Γא║ should track performance metrics

    Element type is invalid: expected a string (for built-in components) or a class/function (for composite components) but got: undefined. You likely forgot to export your component from the file it's defined in, or you might have mixed up default and named imports.

      94 |
      95 |   const renderWithProviders = (component: React.ReactElement) => {
    > 96 |     return render(
         |                  ^
      97 |       <QueryClientProvider client={queryClient}>
      98 |         <BrowserRouter>
      99 |           <AuthProvider>

      at createFiberFromTypeAndProps (node_modules/react-dom/cjs/react-dom-client.development.js:5021:28)
      at createFiberFromElement (node_modules/react-dom/cjs/react-dom-client.development.js:5035:14)
      at reconcileChildFibersImpl (node_modules/react-dom/cjs/react-dom-client.development.js:6920:31)
      at node_modules/react-dom/cjs/react-dom-client.development.js:7098:33
      at reconcileChildren (node_modules/react-dom/cjs/react-dom-client.development.js:9701:13)
      at beginWork (node_modules/react-dom/cjs/react-dom-client.development.js:12171:13)
      at runWithFiberInDEV (node_modules/react-dom/cjs/react-dom-client.development.js:874:13)
      at performUnitOfWork (node_modules/react-dom/cjs/react-dom-client.development.js:17641:22)
      at workLoopSync (node_modules/react-dom/cjs/react-dom-client.development.js:17469:41)
      at renderRootSync (node_modules/react-dom/cjs/react-dom-client.development.js:17450:11)
      at performWorkOnRoot (node_modules/react-dom/cjs/react-dom-client.development.js:16583:35)
      at performWorkOnRootViaSchedulerTask (node_modules/react-dom/cjs/react-dom-client.development.js:18957:7)
      at flushActQueue (node_modules/react/cjs/react.development.js:590:34)
      at process.env.NODE_ENV.exports.act (node_modules/react/cjs/react.development.js:884:10)
      at actImplementation (node_modules/@testing-library/react/dist/act-compat.js:47:25)
      at renderRoot (node_modules/@testing-library/react/dist/pure.js:190:25)
      at renderRoot (node_modules/@testing-library/react/dist/pure.js:292:10)
      at renderWithProviders (src/__tests__/integration/production-readiness.test.tsx:96:18)
      at src/__tests__/integration/production-readiness.test.tsx:302:7
      at step (src/__tests__/integration/production-readiness.test.tsx:67:23)
      at Object.next (src/__tests__/integration/production-readiness.test.tsx:48:53)
      at src/__tests__/integration/production-readiness.test.tsx:42:71
      at __awaiter (src/__tests__/integration/production-readiness.test.tsx:38:12)
      at Object.<anonymous> (src/__tests__/integration/production-readiness.test.tsx:300:46)


Test Suites: 3 failed, 22 passed, 25 total
Tests:       15 failed, 381 passed, 396 total
Snapshots:   0 total
Time:        21.664 s
Ran all test suites.
